Archive member included to satisfy reference by file (symbol)

C:\Users\PCHome\Documents\CNC\Ejs_TPS\TD2-r06\LPC_BaseBoardBB1769_R02\Debug\libLPC_BaseBoardBB1769_R02.a(board.o)
                              ./src/CncController.o (Board_LED_Set)
C:\Users\PCHome\Documents\CNC\Ejs_TPS\TD2-r06\LPC_BaseBoardBB1769_R02\Debug\libLPC_BaseBoardBB1769_R02.a(board_sysinit.o)
                              ./src/sysinit.o (Board_SystemInit)
C:\Users\PCHome\Documents\CNC\Ejs_TPS\TD2-r06\LibFreeRTOS_8.2.3\Debug\libLibFreeRTOS_8.2.3.a(queue.o)
                              ./src/main.o (xQueueGenericCreate)
C:\Users\PCHome\Documents\CNC\Ejs_TPS\TD2-r06\LibFreeRTOS_8.2.3\Debug\libLibFreeRTOS_8.2.3.a(tasks.o)
                              ./src/main.o (xTaskGenericCreate)
C:\Users\PCHome\Documents\CNC\Ejs_TPS\TD2-r06\LibFreeRTOS_8.2.3\Debug\libLibFreeRTOS_8.2.3.a(heap_1.o)
                              C:\Users\PCHome\Documents\CNC\Ejs_TPS\TD2-r06\LibFreeRTOS_8.2.3\Debug\libLibFreeRTOS_8.2.3.a(queue.o) (pvPortMalloc)
C:\Users\PCHome\Documents\CNC\Ejs_TPS\TD2-r06\LibFreeRTOS_8.2.3\Debug\libLibFreeRTOS_8.2.3.a(port.o)
                              C:\Users\PCHome\Documents\CNC\Ejs_TPS\TD2-r06\LibFreeRTOS_8.2.3\Debug\libLibFreeRTOS_8.2.3.a(tasks.o) (pxPortInitialiseStack)
C:\Users\PCHome\Documents\CNC\Ejs_TPS\TD2-r06\LibFreeRTOS_8.2.3\Debug\libLibFreeRTOS_8.2.3.a(list.o)
                              C:\Users\PCHome\Documents\CNC\Ejs_TPS\TD2-r06\LibFreeRTOS_8.2.3\Debug\libLibFreeRTOS_8.2.3.a(queue.o) (vListInitialise)
C:\Users\PCHome\Documents\CNC\Ejs_TPS\TD2-r06\lpc_chip_175x_6x\Debug\liblpc_chip_175x_6x.a(chip_17xx_40xx.o)
                              C:\Users\PCHome\Documents\CNC\Ejs_TPS\TD2-r06\LibFreeRTOS_8.2.3\Debug\libLibFreeRTOS_8.2.3.a(port.o) (SystemCoreClock)
C:\Users\PCHome\Documents\CNC\Ejs_TPS\TD2-r06\lpc_chip_175x_6x\Debug\liblpc_chip_175x_6x.a(clock_17xx_40xx.o)
                              C:\Users\PCHome\Documents\CNC\Ejs_TPS\TD2-r06\lpc_chip_175x_6x\Debug\liblpc_chip_175x_6x.a(chip_17xx_40xx.o) (Chip_Clock_EnablePLL)
C:\Users\PCHome\Documents\CNC\Ejs_TPS\TD2-r06\lpc_chip_175x_6x\Debug\liblpc_chip_175x_6x.a(iocon_17xx_40xx.o)
                              C:\Users\PCHome\Documents\CNC\Ejs_TPS\TD2-r06\LPC_BaseBoardBB1769_R02\Debug\libLPC_BaseBoardBB1769_R02.a(board.o) (Chip_IOCON_PinMux)
C:\Users\PCHome\Documents\CNC\Ejs_TPS\TD2-r06\lpc_chip_175x_6x\Debug\liblpc_chip_175x_6x.a(sysinit_17xx_40xx.o)
                              C:\Users\PCHome\Documents\CNC\Ejs_TPS\TD2-r06\LPC_BaseBoardBB1769_R02\Debug\libLPC_BaseBoardBB1769_R02.a(board_sysinit.o) (Chip_SetupXtalClocking)
C:\Users\PCHome\Documents\CNC\Ejs_TPS\TD2-r06\lpc_chip_175x_6x\Debug\liblpc_chip_175x_6x.a(timer_17xx_40xx.o)
                              C:\Users\PCHome\Documents\CNC\Ejs_TPS\TD2-r06\LPC_BaseBoardBB1769_R02\Debug\libLPC_BaseBoardBB1769_R02.a(board.o) (Chip_TIMER_Init)
C:\Users\PCHome\Documents\CNC\Ejs_TPS\TD2-r06\lpc_chip_175x_6x\Debug\liblpc_chip_175x_6x.a(uart_17xx_40xx.o)
                              C:\Users\PCHome\Documents\CNC\Ejs_TPS\TD2-r06\LPC_BaseBoardBB1769_R02\Debug\libLPC_BaseBoardBB1769_R02.a(board.o) (Chip_UART_Init)
C:\Users\PCHome\Documents\CNC\Ejs_TPS\TD2-r06\lpc_chip_175x_6x\Debug\liblpc_chip_175x_6x.a(ring_buffer.o)
                              C:\Users\PCHome\Documents\CNC\Ejs_TPS\TD2-r06\lpc_chip_175x_6x\Debug\liblpc_chip_175x_6x.a(uart_17xx_40xx.o) (RingBuffer_Insert)
c:/nxp/lpcxpresso_8.2.2_650/lpcxpresso/tools/bin/../lib/gcc/arm-none-eabi/5.4.1/../../../../arm-none-eabi/lib/armv7-m\libcr_semihost.a(_cr__main.o)
                              ./src/cr_startup_lpc175x_6x.o (__main)
c:/nxp/lpcxpresso_8.2.2_650/lpcxpresso/tools/bin/../lib/gcc/arm-none-eabi/5.4.1/../../../../arm-none-eabi/lib/armv7-m\libcr_c.a(memcpy.o)
                              C:\Users\PCHome\Documents\CNC\Ejs_TPS\TD2-r06\LPC_BaseBoardBB1769_R02\Debug\libLPC_BaseBoardBB1769_R02.a(board.o) (memcpy)
c:/nxp/lpcxpresso_8.2.2_650/lpcxpresso/tools/bin/../lib/gcc/arm-none-eabi/5.4.1/../../../../arm-none-eabi/lib/armv7-m\libcr_c.a(memset.o)
                              ./src/CncController.o (memset)
c:/nxp/lpcxpresso_8.2.2_650/lpcxpresso/tools/bin/../lib/gcc/arm-none-eabi/5.4.1/../../../../arm-none-eabi/lib/armv7-m\libcr_c.a(fpprintf.o)
                              ./src/Display.o (sprintf)
c:/nxp/lpcxpresso_8.2.2_650/lpcxpresso/tools/bin/../lib/gcc/arm-none-eabi/5.4.1/../../../../arm-none-eabi/lib/armv7-m\libcr_c.a(initio.o)
                              c:/nxp/lpcxpresso_8.2.2_650/lpcxpresso/tools/bin/../lib/gcc/arm-none-eabi/5.4.1/../../../../arm-none-eabi/lib/armv7-m\libcr_semihost.a(_cr__main.o) (_initio)
c:/nxp/lpcxpresso_8.2.2_650/lpcxpresso/tools/bin/../lib/gcc/arm-none-eabi/5.4.1/../../../../arm-none-eabi/lib/armv7-m\libcr_c.a(printf.o)
                              c:/nxp/lpcxpresso_8.2.2_650/lpcxpresso/tools/bin/../lib/gcc/arm-none-eabi/5.4.1/../../../../arm-none-eabi/lib/armv7-m\libcr_c.a(fpprintf.o) (__vfprintf)
[...]
Memory Configuration

Name             Origin             Length             Attributes
MFlash512        0x00000000         0x00080000         xr
RamLoc32         0x10000000         0x00008000         xrw
RamAHB32         0x2007c000         0x00008000         xrw
*default*        0x00000000         0xffffffff

Linker script and memory map

LOAD ./src/CncController.o
LOAD ./src/Display.o
LOAD ./src/GCodeDispatch.o
LOAD ./src/GCodeDispatchOLD.o
LOAD ./src/IRQHandlers.o
LOAD ./src/MatrixKeypad.o
LOAD ./src/Planner.o
LOAD ./src/Robot.o
LOAD ./src/Serial.o
LOAD ./src/Stepper.o
LOAD ./src/appinit.o
LOAD ./src/cr_startup_lpc175x_6x.o
LOAD ./src/crp.o
LOAD ./src/main.o
LOAD ./src/sysinit.o
LOAD C:\Users\PCHome\Documents\CNC\Ejs_TPS\TD2-r06\LPC_BaseBoardBB1769_R02\Debug\libLPC_BaseBoardBB1769_R02.a
LOAD C:\Users\PCHome\Documents\CNC\Ejs_TPS\TD2-r06\LibFreeRTOS_8.2.3\Debug\libLibFreeRTOS_8.2.3.a
LOAD C:\Users\PCHome\Documents\CNC\Ejs_TPS\TD2-r06\lpc_chip_175x_6x\Debug\liblpc_chip_175x_6x.a
START GROUP
LOAD c:/nxp/lpcxpresso_8.2.2_650/lpcxpresso/tools/bin/../lib/gcc/arm-none-eabi/5.4.1/../../../../arm-none-eabi/lib/armv7-m\libcr_semihost.a
LOAD c:/nxp/lpcxpresso_8.2.2_650/lpcxpresso/tools/bin/../lib/gcc/arm-none-eabi/5.4.1/../../../../arm-none-eabi/lib/armv7-m\libcr_c.a
LOAD c:/nxp/lpcxpresso_8.2.2_650/lpcxpresso/tools/bin/../lib/gcc/arm-none-eabi/5.4.1/armv7-m\libcr_eabihelpers.a
END GROUP
                0x00000000                __base_MFlash512 = 0x0
                0x00000000                __base_Flash = 0x0
                0x00080000                __top_MFlash512 = 0x80000
                0x00080000                __top_Flash = 0x80000
                0x10000000                __base_RamLoc32 = 0x10000000
                0x10000000                __base_RAM = 0x10000000
                0x10008000                __top_RamLoc32 = 0x10008000
                0x10008000                __top_RAM = 0x10008000
                0x2007c000                __base_RamAHB32 = 0x2007c000
                0x2007c000                __base_RAM2 = 0x2007c000
                0x20084000                __top_RamAHB32 = 0x20084000
                0x20084000                __top_RAM2 = 0x20084000

.text           0x00000000     0x9700
 FILL mask 0xff
                0x00000000                __vectors_start__ = ABSOLUTE (.)
 *(.isr_vector)
 .isr_vector    0x00000000       0xcc ./src/cr_startup_lpc175x_6x.o
                0x00000000                g_pfnVectors
                0x000000cc                . = ALIGN (0x4)
                0x000000cc                __section_table_start = .
                0x000000cc                __data_section_table = .
                0x000000cc        0x4 LONG 0x9700 LOADADDR (.data)
                0x000000d0        0x4 LONG 0x10000000 ADDR (.data)
                0x000000d4        0x4 LONG 0x10 SIZEOF (.data)
                0x000000d8        0x4 LONG 0x9700 LOADADDR (.data_RAM2)
                0x000000dc        0x4 LONG 0x2007c000 ADDR (.data_RAM2)
                0x000000e0        0x4 LONG 0x0 SIZEOF (.data_RAM2)
                0x000000e4                __data_section_table_end = .
                0x000000e4                __bss_section_table = .
                0x000000e4        0x4 LONG 0x10000010 ADDR (.bss)
                0x000000e8        0x4 LONG 0x57a8 SIZEOF (.bss)
                0x000000ec        0x4 LONG 0x2007c000 ADDR (.bss_RAM2)
                0x000000f0        0x4 LONG 0x0 SIZEOF (.bss_RAM2)
                0x000000f4                __bss_section_table_end = .
                0x000000f4                __section_table_end = .
 *(.after_vectors*)
 .after_vectors
                0x000000f4      0x144 ./src/cr_startup_lpc175x_6x.o
                0x000000f4                data_init
                0x00000138                bss_init
                0x00000170                ResetISR
                0x000001e8                NMI_Handler
                0x000001f0                HardFault_Handler
                0x000001f8                MemManage_Handler
                0x00000200                BusFault_Handler
                0x00000208                UsageFault_Handler
                0x00000218                DebugMon_Handler
                0x00000230                UART1_IRQHandler
                0x00000230                EINT3_IRQHandler
                0x00000230                CANActivity_IRQHandler
                0x00000230                TIMER3_IRQHandler
                0x00000230                EINT2_IRQHandler
                0x00000230                I2C1_IRQHandler
                0x00000230                IntDefaultHandler
                0x00000230                PLL0_IRQHandler
                0x00000230                CAN_IRQHandler
                0x00000230                PLL1_IRQHandler
                0x00000230                PWM1_IRQHandler
                0x00000230                I2S_IRQHandler
                0x00000230                I2C2_IRQHandler
                0x00000230                RTC_IRQHandler
                0x00000230                SPI_IRQHandler
                0x00000230                USBActivity_IRQHandler
                0x00000230                EINT1_IRQHandler
                0x00000230                UART2_IRQHandler
                0x00000230                ADC_IRQHandler
                0x00000230                SSP1_IRQHandler
                0x00000230                USB_IRQHandler
                0x00000230                BOD_IRQHandler
                0x00000230                I2C0_IRQHandler
                0x00000230                WDT_IRQHandler
                0x00000230                QEI_IRQHandler
                0x00000230                EINT0_IRQHandler
                0x00000230                ETH_IRQHandler
                0x00000230                RIT_IRQHandler
                0x00000230                DMA_IRQHandler
                0x00000230                SSP0_IRQHandler
                0x00000230                UART3_IRQHandler
                0x00000230                MCPWM_IRQHandler
 *(.text*)
 .text.vCncControllerTask
                0x00000238      0x21c ./src/CncController.o
                0x00000238                vCncControllerTask
 .text.goHome   0x00000454       0x90 ./src/CncController.o
                0x00000454                goHome
 .text.setHome  0x000004e4      0x100 ./src/CncController.o
                0x000004e4                setHome
 .text.splindle_control
                0x000005e4       0x44 ./src/CncController.o
                0x000005e4                splindle_control
 .text.Chip_UART_SendByte
                0x00000628       0x1c ./src/Display.o
 .text.Chip_UART_IntEnable
                0x00000644       0x20 ./src/Display.o
 .text.vDisplayTask
                0x00000664      0x2b8 ./src/Display.o
                0x00000664                vDisplayTask
 .text.sendSerialString
                0x0000091c       0x28 ./src/Display.o
                0x0000091c                sendSerialString
 .text.send_byte
                0x00000944       0x44 ./src/Display.o
                0x00000944                send_byte
 .text.gc_init  0x00000988       0x7c ./src/GCodeDispatch.o
                0x00000988                gc_init
 .text.vGCodeDispatchTask
                0x00000a04      0x4ac ./src/GCodeDispatch.o
                0x00000a04                vGCodeDispatchTask
 .text.read_float
                0x00000eb0       0x30 ./src/GCodeDispatch.o
                0x00000eb0                read_float
 .text.Chip_TIMER_MatchPending
                0x00000ee0       0x34 ./src/IRQHandlers.o
 .text.Chip_TIMER_ClearMatch
                0x00000f14       0x28 ./src/IRQHandlers.o
 .text.Chip_UART_IntDisable
                0x00000f3c       0x24 ./src/IRQHandlers.o
 .text.Chip_UART_ReadLineStatus
                0x00000f60       0x18 ./src/IRQHandlers.o
 .text.UART0_IRQHandler
                0x00000f78       0x84 ./src/IRQHandlers.o
                0x00000f78                UART0_IRQHandler
 .text.TIMER0_IRQHandler
                0x00000ffc       0x50 ./src/IRQHandlers.o
                0x00000ffc                TIMER0_IRQHandler
 .text.TIMER1_IRQHandler
                0x0000104c       0x50 ./src/IRQHandlers.o
                0x0000104c                TIMER1_IRQHandler
 .text.TIMER2_IRQHandler
                0x0000109c       0x50 ./src/IRQHandlers.o
                0x0000109c                TIMER2_IRQHandler
 .text.vDebounceMKTask
                0x000010ec       0x58 ./src/MatrixKeypad.o
                0x000010ec                vDebounceMKTask
 .text.vPlannerTask
                0x00001144      0x144 ./src/Planner.o
                0x00001144                vPlannerTask
 .text.asignar_velocidades
                0x00001288      0x10c ./src/Planner.o
                0x00001288                asignar_velocidades
 .text.soft_check_limit
                0x00001394       0xbc ./src/Planner.o
                0x00001394                soft_check_limit
 .text.vRobotTask
                0x00001450      0x3fc ./src/Robot.o
                0x00001450                vRobotTask
 .text.vSerialTask
                0x0000184c      0x464 ./src/Serial.o
                0x0000184c                vSerialTask
 .text.vStepperMoveTask
                0x00001cb0      0x1ac ./src/Stepper.o
                0x00001cb0                vStepperMoveTask
 .text.st_move_line
                0x00001e5c      0x138 ./src/Stepper.o
                0x00001e5c                st_move_line
 .text.st_setdir
                0x00001f94       0x8c ./src/Stepper.o
                0x00001f94                st_setdir
 .text.st_wake_up
                0x00002020       0x28 ./src/Stepper.o
                0x00002020                st_wake_up
 .text.vXMoveTask
                0x00002048       0xc4 ./src/Stepper.o
                0x00002048                vXMoveTask
 .text.vYMoveTask
                0x0000210c       0xc8 ./src/Stepper.o
                0x0000210c                vYMoveTask
 .text.vZMoveTask
                0x000021d4       0xc8 ./src/Stepper.o
                0x000021d4                vZMoveTask
 .text.prvSetupHardware
                0x0000229c       0x34 ./src/appinit.o
                0x0000229c                prvSetupHardware
 .text.init_system_var
                0x000022d0       0x7c ./src/appinit.o
                0x000022d0                init_system_var
 .text.settings_restore_global_settings
                0x0000234c       0xbc ./src/appinit.o
                0x0000234c                settings_restore_global_settings
 .text.main     0x00002408      0x118 ./src/main.o
                0x00002408                main
 .text.vSystemInit
                0x00002520      0x32c ./src/main.o
                0x00002520                vSystemInit
 .text.welcomeMsg
                0x0000284c       0x88 ./src/main.o
                0x0000284c                welcomeMsg
 .text.vApplicationIdleHook
                0x000028d4        0xc ./src/main.o
                0x000028d4                vApplicationIdleHook
 .text.SystemInit
                0x000028e0       0x24 ./src/sysinit.o
                0x000028e0                SystemInit
 .text.NVIC_EnableIRQ
                0x00002904       0x30 C:\Users\PCHome\Documents\CNC\Ejs_TPS\TD2-r06\LPC_BaseBoardBB1769_R02\Debug\libLPC_BaseBoardBB1769_R02.a(board.o)
 .text.NVIC_ClearPendingIRQ
                0x00002934       0x34 C:\Users\PCHome\Documents\CNC\Ejs_TPS\TD2-r06\LPC_BaseBoardBB1769_R02\Debug\libLPC_BaseBoardBB1769_R02.a(board.o)
 .text.NVIC_SetPriority
                0x00002968       0x54 C:\Users\PCHome\Documents\CNC\Ejs_TPS\TD2-r06\LPC_BaseBoardBB1769_R02\Debug\libLPC_BaseBoardBB1769_R02.a(board.o)
 .text.Chip_IOCON_Init
                0x000029bc       0x18 C:\Users\PCHome\Documents\CNC\Ejs_TPS\TD2-r06\LPC_BaseBoardBB1769_R02\Debug\libLPC_BaseBoardBB1769_R02.a(board.o)
 .text.Chip_GPIO_Init
                0x000029d4       0x18 C:\Users\PCHome\Documents\CNC\Ejs_TPS\TD2-r06\LPC_BaseBoardBB1769_R02\Debug\libLPC_BaseBoardBB1769_R02.a(board.o)
 .text.Chip_GPIO_SetPinState
                0x000029ec       0x68 C:\Users\PCHome\Documents\CNC\Ejs_TPS\TD2-r06\LPC_BaseBoardBB1769_R02\Debug\libLPC_BaseBoardBB1769_R02.a(board.o)
 .text.Chip_GPIO_WritePortBit
                0x00002a54       0x2c C:\Users\PCHome\Documents\CNC\Ejs_TPS\TD2-r06\LPC_BaseBoardBB1769_R02\Debug\libLPC_BaseBoardBB1769_R02.a(board.o)
 .text.Chip_GPIO_GetPinState
                0x00002a80       0x38 C:\Users\PCHome\Documents\CNC\Ejs_TPS\TD2-r06\LPC_BaseBoardBB1769_R02\Debug\libLPC_BaseBoardBB1769_R02.a(board.o)
 .text.Chip_GPIO_ReadPortBit
                0x00002ab8       0x28 C:\Users\PCHome\Documents\CNC\Ejs_TPS\TD2-r06\LPC_BaseBoardBB1769_R02\Debug\libLPC_BaseBoardBB1769_R02.a(board.o)
 .text.Chip_GPIO_SetPinDIROutput
                0x00002ae0       0x38 C:\Users\PCHome\Documents\CNC\Ejs_TPS\TD2-r06\LPC_BaseBoardBB1769_R02\Debug\libLPC_BaseBoardBB1769_R02.a(board.o)
 .text.Chip_GPIO_SetPinDIRInput
                0x00002b18       0x3c C:\Users\PCHome\Documents\CNC\Ejs_TPS\TD2-r06\LPC_BaseBoardBB1769_R02\Debug\libLPC_BaseBoardBB1769_R02.a(board.o)
 .text.Chip_GPIO_SetPinDIR
                0x00002b54       0x44 C:\Users\PCHome\Documents\CNC\Ejs_TPS\TD2-r06\LPC_BaseBoardBB1769_R02\Debug\libLPC_BaseBoardBB1769_R02.a(board.o)
 .text.Chip_GPIO_WriteDirBit
                0x00002b98       0x30 C:\Users\PCHome\Documents\CNC\Ejs_TPS\TD2-r06\LPC_BaseBoardBB1769_R02\Debug\libLPC_BaseBoardBB1769_R02.a(board.o)
 .text.Chip_TIMER_Enable
                0x00002bc8       0x20 C:\Users\PCHome\Documents\CNC\Ejs_TPS\TD2-r06\LPC_BaseBoardBB1769_R02\Debug\libLPC_BaseBoardBB1769_R02.a(board.o)
 .text.Chip_TIMER_Disable
                0x00002be8       0x20 C:\Users\PCHome\Documents\CNC\Ejs_TPS\TD2-r06\LPC_BaseBoardBB1769_R02\Debug\libLPC_BaseBoardBB1769_R02.a(board.o)
 .text.Chip_TIMER_SetMatch
                0x00002c08       0x28 C:\Users\PCHome\Documents\CNC\Ejs_TPS\TD2-r06\LPC_BaseBoardBB1769_R02\Debug\libLPC_BaseBoardBB1769_R02.a(board.o)
 .text.Chip_TIMER_MatchEnableInt
                0x00002c30       0x34 C:\Users\PCHome\Documents\CNC\Ejs_TPS\TD2-r06\LPC_BaseBoardBB1769_R02\Debug\libLPC_BaseBoardBB1769_R02.a(board.o)
 .text.Chip_TIMER_ResetOnMatchEnable
                0x00002c64       0x34 C:\Users\PCHome\Documents\CNC\Ejs_TPS\TD2-r06\LPC_BaseBoardBB1769_R02\Debug\libLPC_BaseBoardBB1769_R02.a(board.o)
 .text.Chip_UART_ReadByte
                0x00002c98       0x18 C:\Users\PCHome\Documents\CNC\Ejs_TPS\TD2-r06\LPC_BaseBoardBB1769_R02\Debug\libLPC_BaseBoardBB1769_R02.a(board.o)
 .text.Chip_UART_IntEnable
                0x00002cb0       0x20 C:\Users\PCHome\Documents\CNC\Ejs_TPS\TD2-r06\LPC_BaseBoardBB1769_R02\Debug\libLPC_BaseBoardBB1769_R02.a(board.o)
 .text.Board_Steppers_Init
                0x00002cd0       0x78 C:\Users\PCHome\Documents\CNC\Ejs_TPS\TD2-r06\LPC_BaseBoardBB1769_R02\Debug\libLPC_BaseBoardBB1769_R02.a(board.o)
                0x00002cd0                Board_Steppers_Init
 .text.Board_Steppers_OFF
                0x00002d48       0x44 C:\Users\PCHome\Documents\CNC\Ejs_TPS\TD2-r06\LPC_BaseBoardBB1769_R02\Debug\libLPC_BaseBoardBB1769_R02.a(board.o)
                0x00002d48                Board_Steppers_OFF
 .text.Board_Spindle_Init
                0x00002d8c       0x18 C:\Users\PCHome\Documents\CNC\Ejs_TPS\TD2-r06\LPC_BaseBoardBB1769_R02\Debug\libLPC_BaseBoardBB1769_R02.a(board.o)
                0x00002d8c                Board_Spindle_Init
 .text.Board_InitLCD
                0x00002da4      0x1c4 C:\Users\PCHome\Documents\CNC\Ejs_TPS\TD2-r06\LPC_BaseBoardBB1769_R02\Debug\libLPC_BaseBoardBB1769_R02.a(board.o)
                0x00002da4                Board_InitLCD
 .text.Board_Dato_LCD
                0x00002f68      0x134 C:\Users\PCHome\Documents\CNC\Ejs_TPS\TD2-r06\LPC_BaseBoardBB1769_R02\Debug\libLPC_BaseBoardBB1769_R02.a(board.o)
                0x00002f68                Board_Dato_LCD
 .text.Board_Display_lcd
                0x0000309c       0x88 C:\Users\PCHome\Documents\CNC\Ejs_TPS\TD2-r06\LPC_BaseBoardBB1769_R02\Debug\libLPC_BaseBoardBB1769_R02.a(board.o)
                0x0000309c                Board_Display_lcd
 .text.Board_MatrixKeyboard_4x4_Init
                0x00003124       0x6c C:\Users\PCHome\Documents\CNC\Ejs_TPS\TD2-r06\LPC_BaseBoardBB1769_R02\Debug\libLPC_BaseBoardBB1769_R02.a(board.o)
                0x00003124                Board_MatrixKeyboard_4x4_Init
 .text.Board_MatrixKeyboard_4x4
                0x00003190      0x330 C:\Users\PCHome\Documents\CNC\Ejs_TPS\TD2-r06\LPC_BaseBoardBB1769_R02\Debug\libLPC_BaseBoardBB1769_R02.a(board.o)
                0x00003190                Board_MatrixKeyboard_4x4
 .text.Board_InitTimer
                0x000034c0       0x94 C:\Users\PCHome\Documents\CNC\Ejs_TPS\TD2-r06\LPC_BaseBoardBB1769_R02\Debug\libLPC_BaseBoardBB1769_R02.a(board.o)
                0x000034c0                Board_InitTimer
 .text.Board_TimerClose
                0x00003554       0x18 C:\Users\PCHome\Documents\CNC\Ejs_TPS\TD2-r06\LPC_BaseBoardBB1769_R02\Debug\libLPC_BaseBoardBB1769_R02.a(board.o)
                0x00003554                Board_TimerClose
 .text.Board_UART_Init
                0x0000356c       0xfc C:\Users\PCHome\Documents\CNC\Ejs_TPS\TD2-r06\LPC_BaseBoardBB1769_R02\Debug\libLPC_BaseBoardBB1769_R02.a(board.o)
                0x0000356c                Board_UART_Init
 .text.Board_UARTGetChar
                0x00003668       0x18 C:\Users\PCHome\Documents\CNC\Ejs_TPS\TD2-r06\LPC_BaseBoardBB1769_R02\Debug\libLPC_BaseBoardBB1769_R02.a(board.o)
                0x00003668                Board_UARTGetChar
 .text.Board_LED_Set
                0x00003680       0x2c C:\Users\PCHome\Documents\CNC\Ejs_TPS\TD2-r06\LPC_BaseBoardBB1769_R02\Debug\libLPC_BaseBoardBB1769_R02.a(board.o)
                0x00003680                Board_LED_Set
 .text.Board_LED_Test
                0x000036ac       0x34 C:\Users\PCHome\Documents\CNC\Ejs_TPS\TD2-r06\LPC_BaseBoardBB1769_R02\Debug\libLPC_BaseBoardBB1769_R02.a(board.o)
                0x000036ac                Board_LED_Test
 .text.Board_LED_Toggle
                0x000036e0       0x48 C:\Users\PCHome\Documents\CNC\Ejs_TPS\TD2-r06\LPC_BaseBoardBB1769_R02\Debug\libLPC_BaseBoardBB1769_R02.a(board.o)
                0x000036e0                Board_LED_Toggle
 .text.Board_Init
                0x00003728       0x1c C:\Users\PCHome\Documents\CNC\Ejs_TPS\TD2-r06\LPC_BaseBoardBB1769_R02\Debug\libLPC_BaseBoardBB1769_R02.a(board.o)
                0x00003728                Board_Init
 .text.Chip_SYSCTL_SetFLASHAccess
                0x00003744       0x30 C:\Users\PCHome\Documents\CNC\Ejs_TPS\TD2-r06\LPC_BaseBoardBB1769_R02\Debug\libLPC_BaseBoardBB1769_R02.a(board_sysinit.o)
 .text.Board_SetupMuxing
                0x00003774       0x1c C:\Users\PCHome\Documents\CNC\Ejs_TPS\TD2-r06\LPC_BaseBoardBB1769_R02\Debug\libLPC_BaseBoardBB1769_R02.a(board_sysinit.o)
                0x00003774                Board_SetupMuxing
 .text.Board_SetupClocking
                0x00003790       0x14 C:\Users\PCHome\Documents\CNC\Ejs_TPS\TD2-r06\LPC_BaseBoardBB1769_R02\Debug\libLPC_BaseBoardBB1769_R02.a(board_sysinit.o)
                0x00003790                Board_SetupClocking
 .text.Board_SystemInit
                0x000037a4       0x10 C:\Users\PCHome\Documents\CNC\Ejs_TPS\TD2-r06\LPC_BaseBoardBB1769_R02\Debug\libLPC_BaseBoardBB1769_R02.a(board_sysinit.o)
                0x000037a4                Board_SystemInit
 .text.xQueueGenericReset
                0x000037b4       0xa4 C:\Users\PCHome\Documents\CNC\Ejs_TPS\TD2-r06\LibFreeRTOS_8.2.3\Debug\libLibFreeRTOS_8.2.3.a(queue.o)
                0x000037b4                xQueueGenericReset
 .text.xQueueGenericCreate
                0x00003858       0x80 C:\Users\PCHome\Documents\CNC\Ejs_TPS\TD2-r06\LibFreeRTOS_8.2.3\Debug\libLibFreeRTOS_8.2.3.a(queue.o)
                0x00003858                xQueueGenericCreate
 .text.xQueueGenericSend
                0x000038d8      0x120 C:\Users\PCHome\Documents\CNC\Ejs_TPS\TD2-r06\LibFreeRTOS_8.2.3\Debug\libLibFreeRTOS_8.2.3.a(queue.o)
                0x000038d8                xQueueGenericSend
 .text.xQueueGenericSendFromISR
                0x000039f8       0x88 C:\Users\PCHome\Documents\CNC\Ejs_TPS\TD2-r06\LibFreeRTOS_8.2.3\Debug\libLibFreeRTOS_8.2.3.a(queue.o)
                0x000039f8                xQueueGenericSendFromISR
 .text.xQueueGiveFromISR
                0x00003a80       0x80 C:\Users\PCHome\Documents\CNC\Ejs_TPS\TD2-r06\LibFreeRTOS_8.2.3\Debug\libLibFreeRTOS_8.2.3.a(queue.o)
                0x00003a80                xQueueGiveFromISR
 .text.xQueueGenericReceive
                0x00003b00      0x16c C:\Users\PCHome\Documents\CNC\Ejs_TPS\TD2-r06\LibFreeRTOS_8.2.3\Debug\libLibFreeRTOS_8.2.3.a(queue.o)
                0x00003b00                xQueueGenericReceive
 .text.uxQueueMessagesWaiting
                0x00003c6c       0x20 C:\Users\PCHome\Documents\CNC\Ejs_TPS\TD2-r06\LibFreeRTOS_8.2.3\Debug\libLibFreeRTOS_8.2.3.a(queue.o)
                0x00003c6c                uxQueueMessagesWaiting
 .text.prvCopyDataToQueue
                0x00003c8c       0xd8 C:\Users\PCHome\Documents\CNC\Ejs_TPS\TD2-r06\LibFreeRTOS_8.2.3\Debug\libLibFreeRTOS_8.2.3.a(queue.o)
 .text.prvCopyDataFromQueue
                0x00003d64       0x4c C:\Users\PCHome\Documents\CNC\Ejs_TPS\TD2-r06\LibFreeRTOS_8.2.3\Debug\libLibFreeRTOS_8.2.3.a(queue.o)
 .text.prvUnlockQueue
                0x00003db0       0x98 C:\Users\PCHome\Documents\CNC\Ejs_TPS\TD2-r06\LibFreeRTOS_8.2.3\Debug\libLibFreeRTOS_8.2.3.a(queue.o)
 .text.prvIsQueueEmpty
                0x00003e48       0x2c C:\Users\PCHome\Documents\CNC\Ejs_TPS\TD2-r06\LibFreeRTOS_8.2.3\Debug\libLibFreeRTOS_8.2.3.a(queue.o)
 .text.prvIsQueueFull
                0x00003e74       0x30 C:\Users\PCHome\Documents\CNC\Ejs_TPS\TD2-r06\LibFreeRTOS_8.2.3\Debug\libLibFreeRTOS_8.2.3.a(queue.o)
 .text.xTaskGenericCreate
                0x00003ea4      0x13c C:\Users\PCHome\Documents\CNC\Ejs_TPS\TD2-r06\LibFreeRTOS_8.2.3\Debug\libLibFreeRTOS_8.2.3.a(tasks.o)
                0x00003ea4                xTaskGenericCreate
 .text.vTaskDelayUntil
                0x00003fe0       0xbc C:\Users\PCHome\Documents\CNC\Ejs_TPS\TD2-r06\LibFreeRTOS_8.2.3\Debug\libLibFreeRTOS_8.2.3.a(tasks.o)
                0x00003fe0                vTaskDelayUntil
 .text.vTaskDelay
                0x0000409c       0x74 C:\Users\PCHome\Documents\CNC\Ejs_TPS\TD2-r06\LibFreeRTOS_8.2.3\Debug\libLibFreeRTOS_8.2.3.a(tasks.o)
                0x0000409c                vTaskDelay
 .text.vTaskSuspend
                0x00004110       0xe0 C:\Users\PCHome\Documents\CNC\Ejs_TPS\TD2-r06\LibFreeRTOS_8.2.3\Debug\libLibFreeRTOS_8.2.3.a(tasks.o)
                0x00004110                vTaskSuspend
 .text.vTaskStartScheduler
                0x000041f0       0x64 C:\Users\PCHome\Documents\CNC\Ejs_TPS\TD2-r06\LibFreeRTOS_8.2.3\Debug\libLibFreeRTOS_8.2.3.a(tasks.o)
                0x000041f0                vTaskStartScheduler
 .text.vTaskSuspendAll
                0x00004254       0x1c C:\Users\PCHome\Documents\CNC\Ejs_TPS\TD2-r06\LibFreeRTOS_8.2.3\Debug\libLibFreeRTOS_8.2.3.a(tasks.o)
                0x00004254                vTaskSuspendAll
 .text.xTaskResumeAll
                0x00004270       0xfc C:\Users\PCHome\Documents\CNC\Ejs_TPS\TD2-r06\LibFreeRTOS_8.2.3\Debug\libLibFreeRTOS_8.2.3.a(tasks.o)
                0x00004270                xTaskResumeAll
 .text.xTaskGetTickCount
                0x0000436c       0x1c C:\Users\PCHome\Documents\CNC\Ejs_TPS\TD2-r06\LibFreeRTOS_8.2.3\Debug\libLibFreeRTOS_8.2.3.a(tasks.o)
                0x0000436c                xTaskGetTickCount
 .text.xTaskIncrementTick
                0x00004388      0x15c C:\Users\PCHome\Documents\CNC\Ejs_TPS\TD2-r06\LibFreeRTOS_8.2.3\Debug\libLibFreeRTOS_8.2.3.a(tasks.o)
                0x00004388                xTaskIncrementTick
 .text.vTaskSwitchContext
                0x000044e4       0x8c C:\Users\PCHome\Documents\CNC\Ejs_TPS\TD2-r06\LibFreeRTOS_8.2.3\Debug\libLibFreeRTOS_8.2.3.a(tasks.o)
                0x000044e4                vTaskSwitchContext
 .text.vTaskPlaceOnEventList
                0x00004570       0x84 C:\Users\PCHome\Documents\CNC\Ejs_TPS\TD2-r06\LibFreeRTOS_8.2.3\Debug\libLibFreeRTOS_8.2.3.a(tasks.o)
                0x00004570                vTaskPlaceOnEventList
 .text.xTaskRemoveFromEventList
                0x000045f4       0xa8 C:\Users\PCHome\Documents\CNC\Ejs_TPS\TD2-r06\LibFreeRTOS_8.2.3\Debug\libLibFreeRTOS_8.2.3.a(tasks.o)
                0x000045f4                xTaskRemoveFromEventList
 .text.vTaskSetTimeOutState
                0x0000469c       0x2c C:\Users\PCHome\Documents\CNC\Ejs_TPS\TD2-r06\LibFreeRTOS_8.2.3\Debug\libLibFreeRTOS_8.2.3.a(tasks.o)
                0x0000469c                vTaskSetTimeOutState
 .text.xTaskCheckForTimeOut
                0x000046c8       0x88 C:\Users\PCHome\Documents\CNC\Ejs_TPS\TD2-r06\LibFreeRTOS_8.2.3\Debug\libLibFreeRTOS_8.2.3.a(tasks.o)
                0x000046c8                xTaskCheckForTimeOut
 .text.vTaskMissedYield
                0x00004750       0x18 C:\Users\PCHome\Documents\CNC\Ejs_TPS\TD2-r06\LibFreeRTOS_8.2.3\Debug\libLibFreeRTOS_8.2.3.a(tasks.o)
                0x00004750                vTaskMissedYield
 .text.prvIdleTask
                0x00004768       0x24 C:\Users\PCHome\Documents\CNC\Ejs_TPS\TD2-r06\LibFreeRTOS_8.2.3\Debug\libLibFreeRTOS_8.2.3.a(tasks.o)
 .text.prvInitialiseTCBVariables
                0x0000478c       0xa8 C:\Users\PCHome\Documents\CNC\Ejs_TPS\TD2-r06\LibFreeRTOS_8.2.3\Debug\libLibFreeRTOS_8.2.3.a(tasks.o)
 .text.prvInitialiseTaskLists
                0x00004834       0x80 C:\Users\PCHome\Documents\CNC\Ejs_TPS\TD2-r06\LibFreeRTOS_8.2.3\Debug\libLibFreeRTOS_8.2.3.a(tasks.o)
 .text.prvCheckTasksWaitingTermination
                0x000048b4       0x78 C:\Users\PCHome\Documents\CNC\Ejs_TPS\TD2-r06\LibFreeRTOS_8.2.3\Debug\libLibFreeRTOS_8.2.3.a(tasks.o)
 .text.prvAddCurrentTaskToDelayedList
                0x0000492c       0x6c C:\Users\PCHome\Documents\CNC\Ejs_TPS\TD2-r06\LibFreeRTOS_8.2.3\Debug\libLibFreeRTOS_8.2.3.a(tasks.o)
 .text.prvAllocateTCBAndStack
                0x00004998       0x6c C:\Users\PCHome\Documents\CNC\Ejs_TPS\TD2-r06\LibFreeRTOS_8.2.3\Debug\libLibFreeRTOS_8.2.3.a(tasks.o)
 .text.prvDeleteTCB
                0x00004a04       0x20 C:\Users\PCHome\Documents\CNC\Ejs_TPS\TD2-r06\LibFreeRTOS_8.2.3\Debug\libLibFreeRTOS_8.2.3.a(tasks.o)
 .text.prvResetNextTaskUnblockTime
                0x00004a24       0x48 C:\Users\PCHome\Documents\CNC\Ejs_TPS\TD2-r06\LibFreeRTOS_8.2.3\Debug\libLibFreeRTOS_8.2.3.a(tasks.o)
 .text.vTaskPriorityInherit
                0x00004a6c       0xec C:\Users\PCHome\Documents\CNC\Ejs_TPS\TD2-r06\LibFreeRTOS_8.2.3\Debug\libLibFreeRTOS_8.2.3.a(tasks.o)
                0x00004a6c                vTaskPriorityInherit
 .text.xTaskPriorityDisinherit
                0x00004b58       0xc8 C:\Users\PCHome\Documents\CNC\Ejs_TPS\TD2-r06\LibFreeRTOS_8.2.3\Debug\libLibFreeRTOS_8.2.3.a(tasks.o)
                0x00004b58                xTaskPriorityDisinherit
 .text.pvTaskIncrementMutexHeldCount
                0x00004c20       0x28 C:\Users\PCHome\Documents\CNC\Ejs_TPS\TD2-r06\LibFreeRTOS_8.2.3\Debug\libLibFreeRTOS_8.2.3.a(tasks.o)
                0x00004c20                pvTaskIncrementMutexHeldCount
 .text.pvPortMalloc
                0x00004c48       0x8c C:\Users\PCHome\Documents\CNC\Ejs_TPS\TD2-r06\LibFreeRTOS_8.2.3\Debug\libLibFreeRTOS_8.2.3.a(heap_1.o)
                0x00004c48                pvPortMalloc
 .text.vPortFree
                0x00004cd4       0x14 C:\Users\PCHome\Documents\CNC\Ejs_TPS\TD2-r06\LibFreeRTOS_8.2.3\Debug\libLibFreeRTOS_8.2.3.a(heap_1.o)
                0x00004cd4                vPortFree
 .text.pxPortInitialiseStack
                0x00004ce8       0x54 C:\Users\PCHome\Documents\CNC\Ejs_TPS\TD2-r06\LibFreeRTOS_8.2.3\Debug\libLibFreeRTOS_8.2.3.a(port.o)
                0x00004ce8                pxPortInitialiseStack
 .text.prvTaskExitError
                0x00004d3c        0xc C:\Users\PCHome\Documents\CNC\Ejs_TPS\TD2-r06\LibFreeRTOS_8.2.3\Debug\libLibFreeRTOS_8.2.3.a(port.o)
 .text.SVC_Handler
                0x00004d48       0x28 C:\Users\PCHome\Documents\CNC\Ejs_TPS\TD2-r06\LibFreeRTOS_8.2.3\Debug\libLibFreeRTOS_8.2.3.a(port.o)
                0x00004d48                SVC_Handler
 .text.prvPortStartFirstTask
                0x00004d70       0x20 C:\Users\PCHome\Documents\CNC\Ejs_TPS\TD2-r06\LibFreeRTOS_8.2.3\Debug\libLibFreeRTOS_8.2.3.a(port.o)
 .text.xPortStartScheduler
                0x00004d90       0x3c C:\Users\PCHome\Documents\CNC\Ejs_TPS\TD2-r06\LibFreeRTOS_8.2.3\Debug\libLibFreeRTOS_8.2.3.a(port.o)
                0x00004d90                xPortStartScheduler
 .text.vPortYield
                0x00004dcc       0x20 C:\Users\PCHome\Documents\CNC\Ejs_TPS\TD2-r06\LibFreeRTOS_8.2.3\Debug\libLibFreeRTOS_8.2.3.a(port.o)
                0x00004dcc                vPortYield
 .text.vPortEnterCritical
                0x00004dec       0x24 C:\Users\PCHome\Documents\CNC\Ejs_TPS\TD2-r06\LibFreeRTOS_8.2.3\Debug\libLibFreeRTOS_8.2.3.a(port.o)
                0x00004dec                vPortEnterCritical
 .text.vPortExitCritical
                0x00004e10       0x24 C:\Users\PCHome\Documents\CNC\Ejs_TPS\TD2-r06\LibFreeRTOS_8.2.3\Debug\libLibFreeRTOS_8.2.3.a(port.o)
                0x00004e10                vPortExitCritical
 .text.ulPortSetInterruptMask
                0x00004e34       0x14 C:\Users\PCHome\Documents\CNC\Ejs_TPS\TD2-r06\LibFreeRTOS_8.2.3\Debug\libLibFreeRTOS_8.2.3.a(port.o)
                0x00004e34                ulPortSetInterruptMask
 .text.vPortClearInterruptMask
                0x00004e48        0x8 C:\Users\PCHome\Documents\CNC\Ejs_TPS\TD2-r06\LibFreeRTOS_8.2.3\Debug\libLibFreeRTOS_8.2.3.a(port.o)
                0x00004e48                vPortClearInterruptMask
 .text.PendSV_Handler
                0x00004e50       0x48 C:\Users\PCHome\Documents\CNC\Ejs_TPS\TD2-r06\LibFreeRTOS_8.2.3\Debug\libLibFreeRTOS_8.2.3.a(port.o)
                0x00004e50                PendSV_Handler
 .text.SysTick_Handler
                0x00004e98       0x28 C:\Users\PCHome\Documents\CNC\Ejs_TPS\TD2-r06\LibFreeRTOS_8.2.3\Debug\libLibFreeRTOS_8.2.3.a(port.o)
                0x00004e98                SysTick_Handler
 .text.vPortSetupTimerInterrupt
                0x00004ec0       0x34 C:\Users\PCHome\Documents\CNC\Ejs_TPS\TD2-r06\LibFreeRTOS_8.2.3\Debug\libLibFreeRTOS_8.2.3.a(port.o)
                0x00004ec0                vPortSetupTimerInterrupt
 .text.vListInitialise
                0x00004ef4       0x40 C:\Users\PCHome\Documents\CNC\Ejs_TPS\TD2-r06\LibFreeRTOS_8.2.3\Debug\libLibFreeRTOS_8.2.3.a(list.o)
                0x00004ef4                vListInitialise
 .text.vListInitialiseItem
                0x00004f34       0x18 C:\Users\PCHome\Documents\CNC\Ejs_TPS\TD2-r06\LibFreeRTOS_8.2.3\Debug\libLibFreeRTOS_8.2.3.a(list.o)
                0x00004f34                vListInitialiseItem
 .text.vListInsertEnd
                0x00004f4c       0x48 C:\Users\PCHome\Documents\CNC\Ejs_TPS\TD2-r06\LibFreeRTOS_8.2.3\Debug\libLibFreeRTOS_8.2.3.a(list.o)
                0x00004f4c                vListInsertEnd
 .text.vListInsert
                0x00004f94       0x70 C:\Users\PCHome\Documents\CNC\Ejs_TPS\TD2-r06\LibFreeRTOS_8.2.3\Debug\libLibFreeRTOS_8.2.3.a(list.o)
                0x00004f94                vListInsert
 .text.uxListRemove
                0x00005004       0x54 C:\Users\PCHome\Documents\CNC\Ejs_TPS\TD2-r06\LibFreeRTOS_8.2.3\Debug\libLibFreeRTOS_8.2.3.a(list.o)
                0x00005004                uxListRemove
 .text.SystemCoreClockUpdate
                0x00005058       0x18 C:\Users\PCHome\Documents\CNC\Ejs_TPS\TD2-r06\lpc_chip_175x_6x\Debug\liblpc_chip_175x_6x.a(chip_17xx_40xx.o)
                0x00005058                SystemCoreClockUpdate
 .text.Chip_Clock_IsMainPLLEnabled
                0x00005070       0x24 C:\Users\PCHome\Documents\CNC\Ejs_TPS\TD2-r06\lpc_chip_175x_6x\Debug\liblpc_chip_175x_6x.a(clock_17xx_40xx.o)
 .text.Chip_Clock_IsMainPLLConnected
                0x00005094       0x24 C:\Users\PCHome\Documents\CNC\Ejs_TPS\TD2-r06\lpc_chip_175x_6x\Debug\liblpc_chip_175x_6x.a(clock_17xx_40xx.o)
 .text.Chip_Clock_FeedPLL
                0x000050b8       0x34 C:\Users\PCHome\Documents\CNC\Ejs_TPS\TD2-r06\lpc_chip_175x_6x\Debug\liblpc_chip_175x_6x.a(clock_17xx_40xx.o)
 .text.Chip_Clock_GetMainPLLSource
                0x000050ec       0x20 C:\Users\PCHome\Documents\CNC\Ejs_TPS\TD2-r06\lpc_chip_175x_6x\Debug\liblpc_chip_175x_6x.a(clock_17xx_40xx.o)
 .text.Chip_Clock_GetMainOscRate
                0x0000510c       0x14 C:\Users\PCHome\Documents\CNC\Ejs_TPS\TD2-r06\lpc_chip_175x_6x\Debug\liblpc_chip_175x_6x.a(clock_17xx_40xx.o)
 .text.Chip_Clock_GetIntOscRate
                0x00005120       0x14 C:\Users\PCHome\Documents\CNC\Ejs_TPS\TD2-r06\lpc_chip_175x_6x\Debug\liblpc_chip_175x_6x.a(clock_17xx_40xx.o)
 .text.Chip_Clock_GetRTCOscRate
                0x00005134       0x14 C:\Users\PCHome\Documents\CNC\Ejs_TPS\TD2-r06\lpc_chip_175x_6x\Debug\liblpc_chip_175x_6x.a(clock_17xx_40xx.o)
 .text.Chip_Clock_GetMainPLLInClockRate
                0x00005148       0x10 C:\Users\PCHome\Documents\CNC\Ejs_TPS\TD2-r06\lpc_chip_175x_6x\Debug\liblpc_chip_175x_6x.a(clock_17xx_40xx.o)
 .text.Chip_Clock_EnablePLL
                0x00005158       0x44 C:\Users\PCHome\Documents\CNC\Ejs_TPS\TD2-r06\lpc_chip_175x_6x\Debug\liblpc_chip_175x_6x.a(clock_17xx_40xx.o)
                0x00005158                Chip_Clock_EnablePLL
 .text.Chip_Clock_DisablePLL
                0x0000519c       0x48 C:\Users\PCHome\Documents\CNC\Ejs_TPS\TD2-r06\lpc_chip_175x_6x\Debug\liblpc_chip_175x_6x.a(clock_17xx_40xx.o)
                0x0000519c                Chip_Clock_DisablePLL
 .text.Chip_Clock_SetupPLL
                0x000051e4       0x5c C:\Users\PCHome\Documents\CNC\Ejs_TPS\TD2-r06\lpc_chip_175x_6x\Debug\liblpc_chip_175x_6x.a(clock_17xx_40xx.o)
                0x000051e4                Chip_Clock_SetupPLL
 .text.Chip_Clock_EnablePeriphClock
                0x00005240       0x34 C:\Users\PCHome\Documents\CNC\Ejs_TPS\TD2-r06\lpc_chip_175x_6x\Debug\liblpc_chip_175x_6x.a(clock_17xx_40xx.o)
                0x00005240                Chip_Clock_EnablePeriphClock
 .text.Chip_Clock_GetCPUClockSource
                0x00005274       0x24 C:\Users\PCHome\Documents\CNC\Ejs_TPS\TD2-r06\lpc_chip_175x_6x\Debug\liblpc_chip_175x_6x.a(clock_17xx_40xx.o)
                0x00005274                Chip_Clock_GetCPUClockSource
 .text.Chip_Clock_SetCPUClockDiv
                0x00005298       0x20 C:\Users\PCHome\Documents\CNC\Ejs_TPS\TD2-r06\lpc_chip_175x_6x\Debug\liblpc_chip_175x_6x.a(clock_17xx_40xx.o)
                0x00005298                Chip_Clock_SetCPUClockDiv
 .text.Chip_Clock_GetCPUClockDiv
                0x000052b8       0x1c C:\Users\PCHome\Documents\CNC\Ejs_TPS\TD2-r06\lpc_chip_175x_6x\Debug\liblpc_chip_175x_6x.a(clock_17xx_40xx.o)
                0x000052b8                Chip_Clock_GetCPUClockDiv
 .text.Chip_Clock_GetPCLKDiv
                0x000052d4       0x8c C:\Users\PCHome\Documents\CNC\Ejs_TPS\TD2-r06\lpc_chip_175x_6x\Debug\liblpc_chip_175x_6x.a(clock_17xx_40xx.o)
                0x000052d4                Chip_Clock_GetPCLKDiv
 .text.Chip_Clock_GetSYSCLKRate
                0x00005360       0x34 C:\Users\PCHome\Documents\CNC\Ejs_TPS\TD2-r06\lpc_chip_175x_6x\Debug\liblpc_chip_175x_6x.a(clock_17xx_40xx.o)
                0x00005360                Chip_Clock_GetSYSCLKRate
 .text.Chip_Clock_GetMainPLLOutClockRate
                0x00005394       0x54 C:\Users\PCHome\Documents\CNC\Ejs_TPS\TD2-r06\lpc_chip_175x_6x\Debug\liblpc_chip_175x_6x.a(clock_17xx_40xx.o)
                0x00005394                Chip_Clock_GetMainPLLOutClockRate
 .text.Chip_Clock_GetMainClockRate
                0x000053e8       0x28 C:\Users\PCHome\Documents\CNC\Ejs_TPS\TD2-r06\lpc_chip_175x_6x\Debug\liblpc_chip_175x_6x.a(clock_17xx_40xx.o)
                0x000053e8                Chip_Clock_GetMainClockRate
 .text.Chip_Clock_GetSystemClockRate
                0x00005410       0x18 C:\Users\PCHome\Documents\CNC\Ejs_TPS\TD2-r06\lpc_chip_175x_6x\Debug\liblpc_chip_175x_6x.a(clock_17xx_40xx.o)
                0x00005410                Chip_Clock_GetSystemClockRate
 .text.Chip_Clock_GetPeripheralClockRate
                0x00005428       0x28 C:\Users\PCHome\Documents\CNC\Ejs_TPS\TD2-r06\lpc_chip_175x_6x\Debug\liblpc_chip_175x_6x.a(clock_17xx_40xx.o)
                0x00005428                Chip_Clock_GetPeripheralClockRate
 .text.Chip_IOCON_PinMuxSet
                0x00005450       0x38 C:\Users\PCHome\Documents\CNC\Ejs_TPS\TD2-r06\lpc_chip_175x_6x\Debug\liblpc_chip_175x_6x.a(iocon_17xx_40xx.o)
                0x00005450                Chip_IOCON_PinMuxSet
 .text.Chip_IOCON_PinMux
                0x00005488       0x94 C:\Users\PCHome\Documents\CNC\Ejs_TPS\TD2-r06\lpc_chip_175x_6x\Debug\liblpc_chip_175x_6x.a(iocon_17xx_40xx.o)
                0x00005488                Chip_IOCON_PinMux
 .text.Chip_IOCON_SetPinMuxing
                0x0000551c       0x64 C:\Users\PCHome\Documents\CNC\Ejs_TPS\TD2-r06\lpc_chip_175x_6x\Debug\liblpc_chip_175x_6x.a(iocon_17xx_40xx.o)
                0x0000551c                Chip_IOCON_SetPinMuxing
 .text.Chip_Clock_IsMainPLLEnabled
                0x00005580       0x24 C:\Users\PCHome\Documents\CNC\Ejs_TPS\TD2-r06\lpc_chip_175x_6x\Debug\liblpc_chip_175x_6x.a(sysinit_17xx_40xx.o)
 .text.Chip_Clock_IsMainPLLLocked
                0x000055a4       0x24 C:\Users\PCHome\Documents\CNC\Ejs_TPS\TD2-r06\lpc_chip_175x_6x\Debug\liblpc_chip_175x_6x.a(sysinit_17xx_40xx.o)
 .text.Chip_Clock_IsMainPLLConnected
                0x000055c8       0x24 C:\Users\PCHome\Documents\CNC\Ejs_TPS\TD2-r06\lpc_chip_175x_6x\Debug\liblpc_chip_175x_6x.a(sysinit_17xx_40xx.o)
 .text.Chip_Clock_EnableCrystal
                0x000055ec       0x20 C:\Users\PCHome\Documents\CNC\Ejs_TPS\TD2-r06\lpc_chip_175x_6x\Debug\liblpc_chip_175x_6x.a(sysinit_17xx_40xx.o)
 .text.Chip_Clock_IsCrystalEnabled
                0x0000560c       0x24 C:\Users\PCHome\Documents\CNC\Ejs_TPS\TD2-r06\lpc_chip_175x_6x\Debug\liblpc_chip_175x_6x.a(sysinit_17xx_40xx.o)
 .text.Chip_Clock_SetMainPLLSource
                0x00005630       0x20 C:\Users\PCHome\Documents\CNC\Ejs_TPS\TD2-r06\lpc_chip_175x_6x\Debug\liblpc_chip_175x_6x.a(sysinit_17xx_40xx.o)
 .text.Chip_SetupXtalClocking
                0x00005650       0x90 C:\Users\PCHome\Documents\CNC\Ejs_TPS\TD2-r06\lpc_chip_175x_6x\Debug\liblpc_chip_175x_6x.a(sysinit_17xx_40xx.o)
                0x00005650                Chip_SetupXtalClocking
 .text.Chip_Timer_GetClockIndex
                0x000056e0       0x50 C:\Users\PCHome\Documents\CNC\Ejs_TPS\TD2-r06\lpc_chip_175x_6x\Debug\liblpc_chip_175x_6x.a(timer_17xx_40xx.o)
 .text.Chip_TIMER_Init
                0x00005730       0x20 C:\Users\PCHome\Documents\CNC\Ejs_TPS\TD2-r06\lpc_chip_175x_6x\Debug\liblpc_chip_175x_6x.a(timer_17xx_40xx.o)
                0x00005730                Chip_TIMER_Init
 .text.Chip_TIMER_Reset
                0x00005750       0x3c C:\Users\PCHome\Documents\CNC\Ejs_TPS\TD2-r06\lpc_chip_175x_6x\Debug\liblpc_chip_175x_6x.a(timer_17xx_40xx.o)
                0x00005750                Chip_TIMER_Reset
 .text.Chip_UART_SetupFIFOS
                0x0000578c       0x1c C:\Users\PCHome\Documents\CNC\Ejs_TPS\TD2-r06\lpc_chip_175x_6x\Debug\liblpc_chip_175x_6x.a(uart_17xx_40xx.o)
 .text.Chip_UART_ConfigData
                0x000057a8       0x1c C:\Users\PCHome\Documents\CNC\Ejs_TPS\TD2-r06\lpc_chip_175x_6x\Debug\liblpc_chip_175x_6x.a(uart_17xx_40xx.o)
 .text.Chip_UART_EnableDivisorAccess
                0x000057c4       0x20 C:\Users\PCHome\Documents\CNC\Ejs_TPS\TD2-r06\lpc_chip_175x_6x\Debug\liblpc_chip_175x_6x.a(uart_17xx_40xx.o)
 .text.Chip_UART_DisableDivisorAccess
                0x000057e4       0x20 C:\Users\PCHome\Documents\CNC\Ejs_TPS\TD2-r06\lpc_chip_175x_6x\Debug\liblpc_chip_175x_6x.a(uart_17xx_40xx.o)
 .text.Chip_UART_SetDivisorLatches
                0x00005804       0x28 C:\Users\PCHome\Documents\CNC\Ejs_TPS\TD2-r06\lpc_chip_175x_6x\Debug\liblpc_chip_175x_6x.a(uart_17xx_40xx.o)
 .text.Chip_UART_GetClockIndex
                0x0000582c       0x50 C:\Users\PCHome\Documents\CNC\Ejs_TPS\TD2-r06\lpc_chip_175x_6x\Debug\liblpc_chip_175x_6x.a(uart_17xx_40xx.o)
 .text.Chip_UART_GetClkIndex
                0x0000587c       0x50 C:\Users\PCHome\Documents\CNC\Ejs_TPS\TD2-r06\lpc_chip_175x_6x\Debug\liblpc_chip_175x_6x.a(uart_17xx_40xx.o)
 .text.Chip_UART_Init
                0x000058cc       0x78 C:\Users\PCHome\Documents\CNC\Ejs_TPS\TD2-r06\lpc_chip_175x_6x\Debug\liblpc_chip_175x_6x.a(uart_17xx_40xx.o)
                0x000058cc                Chip_UART_Init
 .text.Chip_UART_TXEnable
                0x00005944       0x18 C:\Users\PCHome\Documents\CNC\Ejs_TPS\TD2-r06\lpc_chip_175x_6x\Debug\liblpc_chip_175x_6x.a(uart_17xx_40xx.o)
                0x00005944                Chip_UART_TXEnable
 .text.Chip_UART_TXDisable
                0x0000595c       0x18 C:\Users\PCHome\Documents\CNC\Ejs_TPS\TD2-r06\lpc_chip_175x_6x\Debug\liblpc_chip_175x_6x.a(uart_17xx_40xx.o)
                0x0000595c                Chip_UART_TXDisable
 .text.Chip_UART_SetBaud
                0x00005974       0x64 C:\Users\PCHome\Documents\CNC\Ejs_TPS\TD2-r06\lpc_chip_175x_6x\Debug\liblpc_chip_175x_6x.a(uart_17xx_40xx.o)
                0x00005974                Chip_UART_SetBaud
 .text.__main   0x000059d8       0x14 c:/nxp/lpcxpresso_8.2.2_650/lpcxpresso/tools/bin/../lib/gcc/arm-none-eabi/5.4.1/../../../../arm-none-eabi/lib/armv7-m\libcr_semihost.a(_cr__main.o)
                0x000059d8                __CR_SEMIHOST
                0x000059d8                __main
 .text.memcpy   0x000059ec        0x4 c:/nxp/lpcxpresso_8.2.2_650/lpcxpresso/tools/bin/../lib/gcc/arm-none-eabi/5.4.1/../../../../arm-none-eabi/lib/armv7-m\libcr_c.a(memcpy.o)
                0x000059ec                memcpy
 .text.memset   0x000059f0        0x4 c:/nxp/lpcxpresso_8.2.2_650/lpcxpresso/tools/bin/../lib/gcc/arm-none-eabi/5.4.1/../../../../arm-none-eabi/lib/armv7-m\libcr_c.a(memset.o)
                0x000059f0                memset
 .text.fp_round
                0x000059f4       0x4c c:/nxp/lpcxpresso_8.2.2_650/lpcxpresso/tools/bin/../lib/gcc/arm-none-eabi/5.4.1/../../../../arm-none-eabi/lib/armv7-m\libcr_c.a(fpprintf.o)
 .text.pr_dec.constprop.1
                0x00005a40       0x26 c:/nxp/lpcxpresso_8.2.2_650/lpcxpresso/tools/bin/../lib/gcc/arm-none-eabi/5.4.1/../../../../arm-none-eabi/lib/armv7-m\libcr_c.a(fpprintf.o)
 *fill*         0x00005a66        0x2 ff
 .text.sprintf  0x00005a68       0x6c c:/nxp/lpcxpresso_8.2.2_650/lpcxpresso/tools/bin/../lib/gcc/arm-none-eabi/5.4.1/../../../../arm-none-eabi/lib/armv7-m\libcr_c.a(fpprintf.o)
                0x00005a68                sprintf
 *fill*         0x00005ad4        0x4 ff
 .text.fp_display
                0x00005ad8      0x8ec c:/nxp/lpcxpresso_8.2.2_650/lpcxpresso/tools/bin/../lib/gcc/arm-none-eabi/5.4.1/../../../../arm-none-eabi/lib/armv7-m\libcr_c.a(fpprintf.o)
 .text._initio  0x000063c4       0xa4 c:/nxp/lpcxpresso_8.2.2_650/lpcxpresso/tools/bin/../lib/gcc/arm-none-eabi/5.4.1/../../../../arm-none-eabi/lib/armv7-m\libcr_c.a(initio.o)
                0x000063c4                _initio
 .text.__vfprintf
                0x00006468      0xd28 c:/nxp/lpcxpresso_8.2.2_650/lpcxpresso/tools/bin/../lib/gcc/arm-none-eabi/5.4.1/../../../../arm-none-eabi/lib/armv7-m\libcr_c.a(printf.o)
                0x00006468                __vfprintf
 .text.ch_val   0x00007190       0x30 c:/nxp/lpcxpresso_8.2.2_650/lpcxpresso/tools/bin/../lib/gcc/arm-none-eabi/5.4.1/../../../../arm-none-eabi/lib/armv7-m\libcr_c.a(scanf.o)
 .text.cr_rd_int
                0x000071c0      0x1bc c:/nxp/lpcxpresso_8.2.2_650/lpcxpresso/tools/bin/../lib/gcc/arm-none-eabi/5.4.1/../../../../arm-none-eabi/lib/armv7-m\libcr_c.a(scanf.o)
 *fill*         0x0000737c        0x4 ff
 .text.vfscanf  0x00007380      0x8dc c:/nxp/lpcxpresso_8.2.2_650/lpcxpresso/tools/bin/../lib/gcc/arm-none-eabi/5.4.1/../../../../arm-none-eabi/lib/armv7-m\libcr_c.a(scanf.o)
                0x00007380                vfscanf
 .text.sscanf   0x00007c5c       0x4c c:/nxp/lpcxpresso_8.2.2_650/lpcxpresso/tools/bin/../lib/gcc/arm-none-eabi/5.4.1/../../../../arm-none-eabi/lib/armv7-m\libcr_c.a(scanf.o)
                0x00007c5c                sscanf
 .text.strtod   0x00007ca8       0x38 c:/nxp/lpcxpresso_8.2.2_650/lpcxpresso/tools/bin/../lib/gcc/arm-none-eabi/5.4.1/../../../../arm-none-eabi/lib/armv7-m\libcr_c.a(scanf.o)
                0x00007ca8                strtod
 .text.atof     0x00007ce0       0x14 c:/nxp/lpcxpresso_8.2.2_650/lpcxpresso/tools/bin/../lib/gcc/arm-none-eabi/5.4.1/../../../../arm-none-eabi/lib/armv7-m\libcr_c.a(scanf.o)
                0x00007ce0                atof
 .text.setvbuf  0x00007cf4       0x40 c:/nxp/lpcxpresso_8.2.2_650/lpcxpresso/tools/bin/../lib/gcc/arm-none-eabi/5.4.1/../../../../arm-none-eabi/lib/armv7-m\libcr_c.a(setvbuf.o)
                0x00007cf4                setvbuf
 .text.strcpy   0x00007d34       0x42 c:/nxp/lpcxpresso_8.2.2_650/lpcxpresso/tools/bin/../lib/gcc/arm-none-eabi/5.4.1/../../../../arm-none-eabi/lib/armv7-m\libcr_c.a(strcpy.o)
                0x00007d34                strcpy
 .text.strlen   0x00007d76       0x4a c:/nxp/lpcxpresso_8.2.2_650/lpcxpresso/tools/bin/../lib/gcc/arm-none-eabi/5.4.1/../../../../arm-none-eabi/lib/armv7-m\libcr_c.a(strlen.o)
                0x00007d76                strlen
 .text.strtok   0x00007dc0       0x40 c:/nxp/lpcxpresso_8.2.2_650/lpcxpresso/tools/bin/../lib/gcc/arm-none-eabi/5.4.1/../../../../arm-none-eabi/lib/armv7-m\libcr_c.a(strtok.o)
                0x00007dc0                strtok
 .text.ungetc   0x00007e00       0x38 c:/nxp/lpcxpresso_8.2.2_650/lpcxpresso/tools/bin/../lib/gcc/arm-none-eabi/5.4.1/../../../../arm-none-eabi/lib/armv7-m\libcr_c.a(ungetc.o)
                0x00007e00                ungetc
 .text._Csys_read_
                0x00007e38       0x22 c:/nxp/lpcxpresso_8.2.2_650/lpcxpresso/tools/bin/../lib/gcc/arm-none-eabi/5.4.1/../../../../arm-none-eabi/lib/armv7-m\libcr_c.a(__fillbuf.o)
                0x00007e38                _Csys_read_
 *fill*         0x00007e5a        0x2 ff
 .text.__filbuf
                0x00007e5c      0x178 c:/nxp/lpcxpresso_8.2.2_650/lpcxpresso/tools/bin/../lib/gcc/arm-none-eabi/5.4.1/../../../../arm-none-eabi/lib/armv7-m\libcr_c.a(__fillbuf.o)
                0x00007e5c                __filbuf
 .text._deferredlazyseek
                0x00007fd4       0x44 c:/nxp/lpcxpresso_8.2.2_650/lpcxpresso/tools/bin/../lib/gcc/arm-none-eabi/5.4.1/../../../../arm-none-eabi/lib/armv7-m\libcr_c.a(_deferredlazyseek.o)
                0x00007fd4                _deferredlazyseek
 .text.__flsbuf
                0x00008018      0x140 c:/nxp/lpcxpresso_8.2.2_650/lpcxpresso/tools/bin/../lib/gcc/arm-none-eabi/5.4.1/../../../../arm-none-eabi/lib/armv7-m\libcr_c.a(_deferredlazyseek.o)
                0x00008018                __flsbuf
 .text._fdopen  0x00008158       0x6a c:/nxp/lpcxpresso_8.2.2_650/lpcxpresso/tools/bin/../lib/gcc/arm-none-eabi/5.4.1/../../../../arm-none-eabi/lib/armv7-m\libcr_c.a(_fdopen.o)
                0x00008158                _fdopen
 .text._fflush  0x000081c2       0x58 c:/nxp/lpcxpresso_8.2.2_650/lpcxpresso/tools/bin/../lib/gcc/arm-none-eabi/5.4.1/../../../../arm-none-eabi/lib/armv7-m\libcr_c.a(_fflush.o)
                0x000081c2                _fflush
 .text._frexpl  0x0000821a       0x5a c:/nxp/lpcxpresso_8.2.2_650/lpcxpresso/tools/bin/../lib/gcc/arm-none-eabi/5.4.1/../../../../arm-none-eabi/lib/armv7-m\libcr_c.a(_frexpl.o)
                0x0000821a                _frexpl
 .text._ldexpl  0x00008274       0x4c c:/nxp/lpcxpresso_8.2.2_650/lpcxpresso/tools/bin/../lib/gcc/arm-none-eabi/5.4.1/../../../../arm-none-eabi/lib/armv7-m\libcr_c.a(_ldexpl.o)
                0x00008274                _ldexpl
 .text._Cwritebuf
                0x000082c0       0x68 c:/nxp/lpcxpresso_8.2.2_650/lpcxpresso/tools/bin/../lib/gcc/arm-none-eabi/5.4.1/../../../../arm-none-eabi/lib/armv7-m\libcr_c.a(_writebuf.o)
                0x000082c0                _Cwritebuf
 .text.malloc   0x00008328       0xc8 c:/nxp/lpcxpresso_8.2.2_650/lpcxpresso/tools/bin/../lib/gcc/arm-none-eabi/5.4.1/../../../../arm-none-eabi/lib/armv7-m\libcr_c.a(alloc.o)
                0x00008328                malloc
 .text.free     0x000083f0       0x30 c:/nxp/lpcxpresso_8.2.2_650/lpcxpresso/tools/bin/../lib/gcc/arm-none-eabi/5.4.1/../../../../arm-none-eabi/lib/armv7-m\libcr_c.a(alloc.o)
                0x000083f0                free
 .text._Csys_alloc
                0x00008420       0x20 c:/nxp/lpcxpresso_8.2.2_650/lpcxpresso/tools/bin/../lib/gcc/arm-none-eabi/5.4.1/../../../../arm-none-eabi/lib/armv7-m\libcr_c.a(alloc.o)
                0x00008420                _Csys_alloc
 .text.fclose   0x00008440       0x6c c:/nxp/lpcxpresso_8.2.2_650/lpcxpresso/tools/bin/../lib/gcc/arm-none-eabi/5.4.1/../../../../arm-none-eabi/lib/armv7-m\libcr_c.a(fclose.o)
                0x00008440                fclose
 .text.fflush   0x000084ac       0x30 c:/nxp/lpcxpresso_8.2.2_650/lpcxpresso/tools/bin/../lib/gcc/arm-none-eabi/5.4.1/../../../../arm-none-eabi/lib/armv7-m\libcr_c.a(fflush.o)
                0x000084ac                fflush
 .text.fseek    0x000084dc      0x110 c:/nxp/lpcxpresso_8.2.2_650/lpcxpresso/tools/bin/../lib/gcc/arm-none-eabi/5.4.1/../../../../arm-none-eabi/lib/armv7-m\libcr_c.a(fseek.o)
                0x000084dc                fseek
 .text.ftell    0x000085ec       0x4c c:/nxp/lpcxpresso_8.2.2_650/lpcxpresso/tools/bin/../lib/gcc/arm-none-eabi/5.4.1/../../../../arm-none-eabi/lib/armv7-m\libcr_c.a(ftell.o)
                0x000085ec                ftell
 .text.remove   0x00008638       0x14 c:/nxp/lpcxpresso_8.2.2_650/lpcxpresso/tools/bin/../lib/gcc/arm-none-eabi/5.4.1/../../../../arm-none-eabi/lib/armv7-m\libcr_c.a(remove.o)
                0x00008638                remove
 .text.strcspn  0x0000864c       0x20 c:/nxp/lpcxpresso_8.2.2_650/lpcxpresso/tools/bin/../lib/gcc/arm-none-eabi/5.4.1/../../../../arm-none-eabi/lib/armv7-m\libcr_c.a(strcspn.o)
                0x0000864c                strcspn
 .text.strspn   0x0000866c       0x20 c:/nxp/lpcxpresso_8.2.2_650/lpcxpresso/tools/bin/../lib/gcc/arm-none-eabi/5.4.1/../../../../arm-none-eabi/lib/armv7-m\libcr_c.a(strspn.o)
                0x0000866c                strspn
 .text._sbrk    0x0000868c       0x40 c:/nxp/lpcxpresso_8.2.2_650/lpcxpresso/tools/bin/../lib/gcc/arm-none-eabi/5.4.1/../../../../arm-none-eabi/lib/armv7-m\libcr_c.a(_cr_sbrk.o)
                0x0000868c                _sbrk
 .text._do_fflush
                0x000086cc       0x44 c:/nxp/lpcxpresso_8.2.2_650/lpcxpresso/tools/bin/../lib/gcc/arm-none-eabi/5.4.1/../../../../arm-none-eabi/lib/armv7-m\libcr_c.a(_do_fflush.o)
                0x000086cc                _do_fflush
 .text.__check_heap_overflow
                0x00008710       0x18 c:/nxp/lpcxpresso_8.2.2_650/lpcxpresso/tools/bin/../lib/gcc/arm-none-eabi/5.4.1/../../../../arm-none-eabi/lib/armv7-m\libcr_c.a(_cr_check_heap.o)
                0x00008710                __check_heap_overflow
 .text.__aeabi_dmul
                0x00008728      0x110 c:/nxp/lpcxpresso_8.2.2_650/lpcxpresso/tools/bin/../lib/gcc/arm-none-eabi/5.4.1/armv7-m\libcr_eabihelpers.a(double.o)
                0x00008728                __aeabi_dmul
 .text.__aeabi_ddiv
                0x00008838      0x138 c:/nxp/lpcxpresso_8.2.2_650/lpcxpresso/tools/bin/../lib/gcc/arm-none-eabi/5.4.1/armv7-m\libcr_eabihelpers.a(double.o)
                0x00008838                __aeabi_ddiv
 .text.__aeabi_dsub
                0x00008970      0x1a0 c:/nxp/lpcxpresso_8.2.2_650/lpcxpresso/tools/bin/../lib/gcc/arm-none-eabi/5.4.1/armv7-m\libcr_eabihelpers.a(double.o)
                0x00008970                __aeabi_dsub
 .text.__aeabi_dadd
                0x00008b10      0x10c c:/nxp/lpcxpresso_8.2.2_650/lpcxpresso/tools/bin/../lib/gcc/arm-none-eabi/5.4.1/armv7-m\libcr_eabihelpers.a(double.o)
                0x00008b10                __aeabi_dadd
 .text.__aeabi_d2f
                0x00008c1c       0x54 c:/nxp/lpcxpresso_8.2.2_650/lpcxpresso/tools/bin/../lib/gcc/arm-none-eabi/5.4.1/armv7-m\libcr_eabihelpers.a(double.o)
                0x00008c1c                __aeabi_d2f
 .text.__aeabi_d2iz
                0x00008c70       0x40 c:/nxp/lpcxpresso_8.2.2_650/lpcxpresso/tools/bin/../lib/gcc/arm-none-eabi/5.4.1/armv7-m\libcr_eabihelpers.a(double.o)
                0x00008c70                __aeabi_d2iz
 .text.__bhs_ui2d
                0x00008cb0       0x46 c:/nxp/lpcxpresso_8.2.2_650/lpcxpresso/tools/bin/../lib/gcc/arm-none-eabi/5.4.1/armv7-m\libcr_eabihelpers.a(double.o)
                0x00008cb0                __bhs_ui2d
 .text.__aeabi_i2d
                0x00008cf6       0x10 c:/nxp/lpcxpresso_8.2.2_650/lpcxpresso/tools/bin/../lib/gcc/arm-none-eabi/5.4.1/armv7-m\libcr_eabihelpers.a(double.o)
                0x00008cf6                __aeabi_i2d
 .text.__aeabi_dcmpeq
                0x00008d06       0x2c c:/nxp/lpcxpresso_8.2.2_650/lpcxpresso/tools/bin/../lib/gcc/arm-none-eabi/5.4.1/armv7-m\libcr_eabihelpers.a(double.o)
                0x00008d06                __aeabi_dcmpeq
 .text.__aeabi_dcmplt
                0x00008d32       0x54 c:/nxp/lpcxpresso_8.2.2_650/lpcxpresso/tools/bin/../lib/gcc/arm-none-eabi/5.4.1/armv7-m\libcr_eabihelpers.a(double.o)
                0x00008d32                __aeabi_dcmplt
 .text.__aeabi_dcmple
                0x00008d86       0x54 c:/nxp/lpcxpresso_8.2.2_650/lpcxpresso/tools/bin/../lib/gcc/arm-none-eabi/5.4.1/armv7-m\libcr_eabihelpers.a(double.o)
                0x00008d86                __aeabi_dcmple
 .text.__aeabi_dcmpge
                0x00008dda       0x54 c:/nxp/lpcxpresso_8.2.2_650/lpcxpresso/tools/bin/../lib/gcc/arm-none-eabi/5.4.1/armv7-m\libcr_eabihelpers.a(double.o)
                0x00008dda                __aeabi_dcmpge
 *fill*         0x00008e2e        0x2 ff
 .text.__aeabi_fmul
                0x00008e30       0xb0 c:/nxp/lpcxpresso_8.2.2_650/lpcxpresso/tools/bin/../lib/gcc/arm-none-eabi/5.4.1/armv7-m\libcr_eabihelpers.a(float.o)
                0x00008e30                __aeabi_fmul
 .text.__aeabi_fdiv
                0x00008ee0       0xc0 c:/nxp/lpcxpresso_8.2.2_650/lpcxpresso/tools/bin/../lib/gcc/arm-none-eabi/5.4.1/armv7-m\libcr_eabihelpers.a(float.o)
                0x00008ee0                __aeabi_fdiv
 .text.__aeabi_fsub
                0x00008fa0       0xe0 c:/nxp/lpcxpresso_8.2.2_650/lpcxpresso/tools/bin/../lib/gcc/arm-none-eabi/5.4.1/armv7-m\libcr_eabihelpers.a(float.o)
                0x00008fa0                __aeabi_fsub
 .text.__aeabi_fadd
                0x00009080       0xac c:/nxp/lpcxpresso_8.2.2_650/lpcxpresso/tools/bin/../lib/gcc/arm-none-eabi/5.4.1/armv7-m\libcr_eabihelpers.a(float.o)
                0x00009080                __aeabi_fadd
 .text.__aeabi_f2iz
                0x0000912c       0x32 c:/nxp/lpcxpresso_8.2.2_650/lpcxpresso/tools/bin/../lib/gcc/arm-none-eabi/5.4.1/armv7-m\libcr_eabihelpers.a(float.o)
                0x0000912c                __aeabi_f2iz
 .text.__aeabi_f2uiz
                0x0000915e       0x28 c:/nxp/lpcxpresso_8.2.2_650/lpcxpresso/tools/bin/../lib/gcc/arm-none-eabi/5.4.1/armv7-m\libcr_eabihelpers.a(float.o)
                0x0000915e                __aeabi_f2uiz
 .text.__bhs_ui2f
                0x00009186       0x26 c:/nxp/lpcxpresso_8.2.2_650/lpcxpresso/tools/bin/../lib/gcc/arm-none-eabi/5.4.1/armv7-m\libcr_eabihelpers.a(float.o)
                0x00009186                __bhs_ui2f
 .text.__aeabi_i2f
                0x000091ac       0x10 c:/nxp/lpcxpresso_8.2.2_650/lpcxpresso/tools/bin/../lib/gcc/arm-none-eabi/5.4.1/armv7-m\libcr_eabihelpers.a(float.o)
                0x000091ac                __aeabi_i2f
 .text.__aeabi_f2d
                0x000091bc       0x38 c:/nxp/lpcxpresso_8.2.2_650/lpcxpresso/tools/bin/../lib/gcc/arm-none-eabi/5.4.1/armv7-m\libcr_eabihelpers.a(float.o)
                0x000091bc                __aeabi_f2d
 .text.__aeabi_fcmplt
                0x000091f4       0x3a c:/nxp/lpcxpresso_8.2.2_650/lpcxpresso/tools/bin/../lib/gcc/arm-none-eabi/5.4.1/armv7-m\libcr_eabihelpers.a(float.o)
                0x000091f4                __aeabi_fcmplt
 .text.__aeabi_fcmpgt
                0x0000922e       0x3a c:/nxp/lpcxpresso_8.2.2_650/lpcxpresso/tools/bin/../lib/gcc/arm-none-eabi/5.4.1/armv7-m\libcr_eabihelpers.a(float.o)
                0x0000922e                __aeabi_fcmpgt
 .text.__aeabi_memcpy
                0x00009268       0x34 c:/nxp/lpcxpresso_8.2.2_650/lpcxpresso/tools/bin/../lib/gcc/arm-none-eabi/5.4.1/armv7-m\libcr_eabihelpers.a(memcpy.o)
                0x00009268                __aeabi_memcpy
                0x00009272                __aeabi_memcpy8
                0x00009272                __aeabi_memcpy4
 .text.__aeabi_memset_lowlevel
                0x0000929c       0x32 c:/nxp/lpcxpresso_8.2.2_650/lpcxpresso/tools/bin/../lib/gcc/arm-none-eabi/5.4.1/armv7-m\libcr_eabihelpers.a(memcpy.o)
                0x0000929c                __aeabi_lowlevel_memset
 *fill*         0x000092ce        0x2 ff
 .text.__sys_appexit
                0x000092d0        0xc c:/nxp/lpcxpresso_8.2.2_650/lpcxpresso/tools/bin/../lib/gcc/arm-none-eabi/5.4.1/../../../../arm-none-eabi/lib/armv7-m\libcr_semihost.a(__sys_appexit.o)
                0x000092d0                __sys_appexit
                0x000092d0                __exit
 .text.__sys_close
                0x000092dc        0xc c:/nxp/lpcxpresso_8.2.2_650/lpcxpresso/tools/bin/../lib/gcc/arm-none-eabi/5.4.1/../../../../arm-none-eabi/lib/armv7-m\libcr_semihost.a(__sys_close.o)
                0x000092dc                __sys_close
 .text.__sys_flen
                0x000092e8        0xc c:/nxp/lpcxpresso_8.2.2_650/lpcxpresso/tools/bin/../lib/gcc/arm-none-eabi/5.4.1/../../../../arm-none-eabi/lib/armv7-m\libcr_semihost.a(__sys_flen.o)
                0x000092e8                __sys_flen
 .text.__sys_istty
                0x000092f4        0xc c:/nxp/lpcxpresso_8.2.2_650/lpcxpresso/tools/bin/../lib/gcc/arm-none-eabi/5.4.1/../../../../arm-none-eabi/lib/armv7-m\libcr_semihost.a(__sys_istty.o)
                0x000092f4                __sys_istty
 .text.__sys_read
                0x00009300        0xc c:/nxp/lpcxpresso_8.2.2_650/lpcxpresso/tools/bin/../lib/gcc/arm-none-eabi/5.4.1/../../../../arm-none-eabi/lib/armv7-m\libcr_semihost.a(__sys_read.o)
                0x00009300                __sys_read
 .text.__sys_readc
                0x0000930c        0x8 c:/nxp/lpcxpresso_8.2.2_650/lpcxpresso/tools/bin/../lib/gcc/arm-none-eabi/5.4.1/../../../../arm-none-eabi/lib/armv7-m\libcr_semihost.a(__sys_readc.o)
                0x0000930c                __sys_readc
                0x0000930c                __readc
 .text.__sys_remove
                0x00009314        0xc c:/nxp/lpcxpresso_8.2.2_650/lpcxpresso/tools/bin/../lib/gcc/arm-none-eabi/5.4.1/../../../../arm-none-eabi/lib/armv7-m\libcr_semihost.a(__sys_remove.o)
                0x00009314                __sys_remove
 .text.__sys_seek
                0x00009320        0xc c:/nxp/lpcxpresso_8.2.2_650/lpcxpresso/tools/bin/../lib/gcc/arm-none-eabi/5.4.1/../../../../arm-none-eabi/lib/armv7-m\libcr_semihost.a(__sys_seek.o)
                0x00009320                __sys_seek
 .text.__sys_tmpnam
                0x0000932c        0xc c:/nxp/lpcxpresso_8.2.2_650/lpcxpresso/tools/bin/../lib/gcc/arm-none-eabi/5.4.1/../../../../arm-none-eabi/lib/armv7-m\libcr_semihost.a(__sys_tmpnam.o)
                0x0000932c                __sys_tmpnam
 .text.__sys_write
                0x00009338        0xc c:/nxp/lpcxpresso_8.2.2_650/lpcxpresso/tools/bin/../lib/gcc/arm-none-eabi/5.4.1/../../../../arm-none-eabi/lib/armv7-m\libcr_semihost.a(__sys_write.o)
                0x00009338                __sys_write
                0x00009338                __write
 *(.rodata .rodata.* .constdata .constdata.*)
 .rodata        0x00009344       0x76 ./src/Display.o
 *fill*         0x000093ba        0x2 ff
 .rodata        0x000093bc        0x6 ./src/GCodeDispatch.o
 *fill*         0x000093c2        0x2 ff
 .rodata        0x000093c4        0x2 ./src/Serial.o
 *fill*         0x000093c6        0x2 ff
 .rodata        0x000093c8       0xe0 ./src/main.o
 .rodata.OscRateIn
                0x000094a8        0x4 C:\Users\PCHome\Documents\CNC\Ejs_TPS\TD2-r06\LPC_BaseBoardBB1769_R02\Debug\libLPC_BaseBoardBB1769_R02.a(board.o)
                0x000094a8                OscRateIn
 .rodata.RTCOscRateIn
                0x000094ac        0x4 C:\Users\PCHome\Documents\CNC\Ejs_TPS\TD2-r06\LPC_BaseBoardBB1769_R02\Debug\libLPC_BaseBoardBB1769_R02.a(board.o)
                0x000094ac                RTCOscRateIn
 .rodata.pinmuxing
                0x000094b0       0x3c C:\Users\PCHome\Documents\CNC\Ejs_TPS\TD2-r06\LPC_BaseBoardBB1769_R02\Debug\libLPC_BaseBoardBB1769_R02.a(board_sysinit.o)
 .rodata        0x000094ec        0x5 C:\Users\PCHome\Documents\CNC\Ejs_TPS\TD2-r06\LibFreeRTOS_8.2.3\Debug\libLibFreeRTOS_8.2.3.a(tasks.o)
 .rodata.str1.1
                0x000094f1       0x34 c:/nxp/lpcxpresso_8.2.2_650/lpcxpresso/tools/bin/../lib/gcc/arm-none-eabi/5.4.1/../../../../arm-none-eabi/lib/armv7-m\libcr_c.a(fpprintf.o)
                                 0x35 (size before relaxing)
 .rodata.str1.1
                0x00009525        0x4 c:/nxp/lpcxpresso_8.2.2_650/lpcxpresso/tools/bin/../lib/gcc/arm-none-eabi/5.4.1/../../../../arm-none-eabi/lib/armv7-m\libcr_c.a(initio.o)
 .rodata.str1.1
                0x00009529       0x31 c:/nxp/lpcxpresso_8.2.2_650/lpcxpresso/tools/bin/../lib/gcc/arm-none-eabi/5.4.1/../../../../arm-none-eabi/lib/armv7-m\libcr_c.a(printf.o)
                                 0x38 (size before relaxing)
 .rodata.str1.1
                0x0000955a        0x6 c:/nxp/lpcxpresso_8.2.2_650/lpcxpresso/tools/bin/../lib/gcc/arm-none-eabi/5.4.1/../../../../arm-none-eabi/lib/armv7-m\libcr_c.a(scanf.o)
 .rodata.str1.1
                0x00009560        0x1 c:/nxp/lpcxpresso_8.2.2_650/lpcxpresso/tools/bin/../lib/gcc/arm-none-eabi/5.4.1/../../../../arm-none-eabi/lib/armv7-m\libcr_c.a(strtok.o)
 .rodata.__huge_vall
                0x00009560        0x8 c:/nxp/lpcxpresso_8.2.2_650/lpcxpresso/tools/bin/../lib/gcc/arm-none-eabi/5.4.1/../../../../arm-none-eabi/lib/armv7-m\libcr_c.a(_hugeval.o)
                0x00009560                __huge_vall
 .rodata.str1.1
                0x00009568       0x18 c:/nxp/lpcxpresso_8.2.2_650/lpcxpresso/tools/bin/../lib/gcc/arm-none-eabi/5.4.1/../../../../arm-none-eabi/lib/armv7-m\libcr_c.a(alloc.o)
 .rodata.__ctype
                0x00009580      0x180 c:/nxp/lpcxpresso_8.2.2_650/lpcxpresso/tools/bin/../lib/gcc/arm-none-eabi/5.4.1/../../../../arm-none-eabi/lib/armv7-m\libcr_c.a(ctype.o)
                0x00009580                __ctype
                0x00009700                . = ALIGN (0x4)

.glue_7         0x00009700        0x0
 .glue_7        0x00009700        0x0 linker stubs

.glue_7t        0x00009700        0x0
 .glue_7t       0x00009700        0x0 linker stubs

.vfp11_veneer   0x00009700        0x0
 .vfp11_veneer  0x00009700        0x0 linker stubs

.v4_bx          0x00009700        0x0
 .v4_bx         0x00009700        0x0 linker stubs

.iplt           0x00009700        0x0
 .iplt          0x00009700        0x0 ./src/CncController.o

.rel.dyn        0x00009700        0x0
 .rel.iplt      0x00009700        0x0 ./src/CncController.o

.ARM.extab
 *(.ARM.extab* .gnu.linkonce.armextab.*)
                0x00009700                __exidx_start = .

.ARM.exidx
 *(.ARM.exidx* .gnu.linkonce.armexidx.*)
                0x00009700                __exidx_end = .
                0x00009700                _etext = .

.data_RAM2      0x2007c000        0x0 load address 0x00009700
 FILL mask 0xff
                [!provide]                PROVIDE (__start_data_RAM2, .)
 *(.ramfunc.$RAM2)
 *(.ramfunc.$RamAHB32)
 *(.data.$RAM2*)
 *(.data.$RamAHB32*)
                0x2007c000                . = ALIGN (0x4)
                [!provide]                PROVIDE (__end_data_RAM2, .)

.uninit_RESERVED
                0x10000000        0x0
 *(.bss.$RESERVED*)
                0x10000000                . = ALIGN (0x4)
                0x10000000                _end_uninit_RESERVED = .

.data           0x10000000       0x10 load address 0x00009700
 FILL mask 0xff
                0x10000000                _data = .
 *(vtable)
 *(.ramfunc*)
 *(.data*)
 .data.uxCriticalNesting
                0x10000000        0x4 C:\Users\PCHome\Documents\CNC\Ejs_TPS\TD2-r06\LibFreeRTOS_8.2.3\Debug\libLibFreeRTOS_8.2.3.a(port.o)
 .data.posinf.4427
                0x10000004        0x4 c:/nxp/lpcxpresso_8.2.2_650/lpcxpresso/tools/bin/../lib/gcc/arm-none-eabi/5.4.1/../../../../arm-none-eabi/lib/armv7-m\libcr_c.a(scanf.o)
 .data.neginf.4428
                0x10000008        0x4 c:/nxp/lpcxpresso_8.2.2_650/lpcxpresso/tools/bin/../lib/gcc/arm-none-eabi/5.4.1/../../../../arm-none-eabi/lib/armv7-m\libcr_c.a(scanf.o)
 .data.saves1.3920
                0x1000000c        0x4 c:/nxp/lpcxpresso_8.2.2_650/lpcxpresso/tools/bin/../lib/gcc/arm-none-eabi/5.4.1/../../../../arm-none-eabi/lib/armv7-m\libcr_c.a(strtok.o)
                0x10000010                . = ALIGN (0x4)
                0x10000010                _edata = .

.igot.plt       0x10000010        0x0 load address 0x00009710
 .igot.plt      0x10000010        0x0 ./src/CncController.o

.bss_RAM2       0x2007c000        0x0
                [!provide]                PROVIDE (__start_bss_RAM2, .)
 *(.bss.$RAM2*)
 *(.bss.$RamAHB32*)
                0x2007c000                . = ALIGN ((. != 0x0)?0x4:0x1)
                [!provide]                PROVIDE (__end_bss_RAM2, .)

.bss            0x10000010     0x57a8
                0x10000010                _bss = .
 *(.bss*)
 .bss.vSystemInit_Handler
                0x10000010        0x4 ./src/main.o
                0x10000010                vSystemInit_Handler
 .bss.vCncController_Handler
                0x10000014        0x4 ./src/main.o
                0x10000014                vCncController_Handler
 .bss.vSerial_Handler
                0x10000018        0x4 ./src/main.o
                0x10000018                vSerial_Handler
 .bss.vGCodeDispatch_Handler
                0x1000001c        0x4 ./src/main.o
                0x1000001c                vGCodeDispatch_Handler
 .bss.vRobot_Handler
                0x10000020        0x4 ./src/main.o
                0x10000020                vRobot_Handler
 .bss.vPlanner_Handler
                0x10000024        0x4 ./src/main.o
                0x10000024                vPlanner_Handler
 .bss.vStepperMove_Handler
                0x10000028        0x4 ./src/main.o
                0x10000028                vStepperMove_Handler
 .bss.pxCurrentTCB
                0x1000002c        0x4 C:\Users\PCHome\Documents\CNC\Ejs_TPS\TD2-r06\LibFreeRTOS_8.2.3\Debug\libLibFreeRTOS_8.2.3.a(tasks.o)
                0x1000002c                pxCurrentTCB
 .bss.pxReadyTasksLists
                0x10000030       0xa0 C:\Users\PCHome\Documents\CNC\Ejs_TPS\TD2-r06\LibFreeRTOS_8.2.3\Debug\libLibFreeRTOS_8.2.3.a(tasks.o)
 .bss.xDelayedTaskList1
                0x100000d0       0x14 C:\Users\PCHome\Documents\CNC\Ejs_TPS\TD2-r06\LibFreeRTOS_8.2.3\Debug\libLibFreeRTOS_8.2.3.a(tasks.o)
 .bss.xDelayedTaskList2
                0x100000e4       0x14 C:\Users\PCHome\Documents\CNC\Ejs_TPS\TD2-r06\LibFreeRTOS_8.2.3\Debug\libLibFreeRTOS_8.2.3.a(tasks.o)
 .bss.pxDelayedTaskList
                0x100000f8        0x4 C:\Users\PCHome\Documents\CNC\Ejs_TPS\TD2-r06\LibFreeRTOS_8.2.3\Debug\libLibFreeRTOS_8.2.3.a(tasks.o)
 .bss.pxOverflowDelayedTaskList
                0x100000fc        0x4 C:\Users\PCHome\Documents\CNC\Ejs_TPS\TD2-r06\LibFreeRTOS_8.2.3\Debug\libLibFreeRTOS_8.2.3.a(tasks.o)
 .bss.xPendingReadyList
                0x10000100       0x14 C:\Users\PCHome\Documents\CNC\Ejs_TPS\TD2-r06\LibFreeRTOS_8.2.3\Debug\libLibFreeRTOS_8.2.3.a(tasks.o)
 .bss.xTasksWaitingTermination
                0x10000114       0x14 C:\Users\PCHome\Documents\CNC\Ejs_TPS\TD2-r06\LibFreeRTOS_8.2.3\Debug\libLibFreeRTOS_8.2.3.a(tasks.o)
 .bss.uxTasksDeleted
                0x10000128        0x4 C:\Users\PCHome\Documents\CNC\Ejs_TPS\TD2-r06\LibFreeRTOS_8.2.3\Debug\libLibFreeRTOS_8.2.3.a(tasks.o)
 .bss.xSuspendedTaskList
                0x1000012c       0x14 C:\Users\PCHome\Documents\CNC\Ejs_TPS\TD2-r06\LibFreeRTOS_8.2.3\Debug\libLibFreeRTOS_8.2.3.a(tasks.o)
 .bss.uxCurrentNumberOfTasks
                0x10000140        0x4 C:\Users\PCHome\Documents\CNC\Ejs_TPS\TD2-r06\LibFreeRTOS_8.2.3\Debug\libLibFreeRTOS_8.2.3.a(tasks.o)
 .bss.xTickCount
                0x10000144        0x4 C:\Users\PCHome\Documents\CNC\Ejs_TPS\TD2-r06\LibFreeRTOS_8.2.3\Debug\libLibFreeRTOS_8.2.3.a(tasks.o)
 .bss.uxTopReadyPriority
                0x10000148        0x4 C:\Users\PCHome\Documents\CNC\Ejs_TPS\TD2-r06\LibFreeRTOS_8.2.3\Debug\libLibFreeRTOS_8.2.3.a(tasks.o)
 .bss.xSchedulerRunning
                0x1000014c        0x4 C:\Users\PCHome\Documents\CNC\Ejs_TPS\TD2-r06\LibFreeRTOS_8.2.3\Debug\libLibFreeRTOS_8.2.3.a(tasks.o)
 .bss.uxPendedTicks
                0x10000150        0x4 C:\Users\PCHome\Documents\CNC\Ejs_TPS\TD2-r06\LibFreeRTOS_8.2.3\Debug\libLibFreeRTOS_8.2.3.a(tasks.o)
 .bss.xYieldPending
                0x10000154        0x4 C:\Users\PCHome\Documents\CNC\Ejs_TPS\TD2-r06\LibFreeRTOS_8.2.3\Debug\libLibFreeRTOS_8.2.3.a(tasks.o)
 .bss.xNumOfOverflows
                0x10000158        0x4 C:\Users\PCHome\Documents\CNC\Ejs_TPS\TD2-r06\LibFreeRTOS_8.2.3\Debug\libLibFreeRTOS_8.2.3.a(tasks.o)
 .bss.uxTaskNumber
                0x1000015c        0x4 C:\Users\PCHome\Documents\CNC\Ejs_TPS\TD2-r06\LibFreeRTOS_8.2.3\Debug\libLibFreeRTOS_8.2.3.a(tasks.o)
 .bss.xNextTaskUnblockTime
                0x10000160        0x4 C:\Users\PCHome\Documents\CNC\Ejs_TPS\TD2-r06\LibFreeRTOS_8.2.3\Debug\libLibFreeRTOS_8.2.3.a(tasks.o)
 .bss.uxSchedulerSuspended
                0x10000164        0x4 C:\Users\PCHome\Documents\CNC\Ejs_TPS\TD2-r06\LibFreeRTOS_8.2.3\Debug\libLibFreeRTOS_8.2.3.a(tasks.o)
 .bss.ucHeap    0x10000168     0x5400 C:\Users\PCHome\Documents\CNC\Ejs_TPS\TD2-r06\LibFreeRTOS_8.2.3\Debug\libLibFreeRTOS_8.2.3.a(heap_1.o)
 .bss.xNextFreeByte
                0x10005568        0x4 C:\Users\PCHome\Documents\CNC\Ejs_TPS\TD2-r06\LibFreeRTOS_8.2.3\Debug\libLibFreeRTOS_8.2.3.a(heap_1.o)
 .bss.pucAlignedHeap.7746
                0x1000556c        0x4 C:\Users\PCHome\Documents\CNC\Ejs_TPS\TD2-r06\LibFreeRTOS_8.2.3\Debug\libLibFreeRTOS_8.2.3.a(heap_1.o)
 .bss._extra    0x10005570        0x4 c:/nxp/lpcxpresso_8.2.2_650/lpcxpresso/tools/bin/../lib/gcc/arm-none-eabi/5.4.1/../../../../arm-none-eabi/lib/armv7-m\libcr_c.a(initio.o)
                0x10005570                _extra
 .bss.__Ciob    0x10005574      0x140 c:/nxp/lpcxpresso_8.2.2_650/lpcxpresso/tools/bin/../lib/gcc/arm-none-eabi/5.4.1/../../../../arm-none-eabi/lib/armv7-m\libcr_c.a(stdio.o)
                0x10005574                __Ciob
 .bss.errno     0x100056b4        0x4 c:/nxp/lpcxpresso_8.2.2_650/lpcxpresso/tools/bin/../lib/gcc/arm-none-eabi/5.4.1/../../../../arm-none-eabi/lib/armv7-m\libcr_c.a(errno.o)
                0x100056b4                errno
 .bss.__heaps   0x100056b8        0x4 c:/nxp/lpcxpresso_8.2.2_650/lpcxpresso/tools/bin/../lib/gcc/arm-none-eabi/5.4.1/../../../../arm-none-eabi/lib/armv7-m\libcr_c.a(__init_alloc.o)
                0x100056b8                __heaps
 .bss.__end_of_heap
                0x100056bc        0x4 c:/nxp/lpcxpresso_8.2.2_650/lpcxpresso/tools/bin/../lib/gcc/arm-none-eabi/5.4.1/../../../../arm-none-eabi/lib/armv7-m\libcr_c.a(__init_alloc.o)
                0x100056bc                __end_of_heap
 *(COMMON)
 COMMON         0x100056c0       0x44 ./src/CncController.o
                0x100056c0                settings
 COMMON         0x10005704       0x29 ./src/Serial.o
                0x10005704                xMessage
 *fill*         0x1000572d        0x3 
 COMMON         0x10005730       0x1c ./src/Stepper.o
                0x10005730                st_auto_block
 COMMON         0x1000574c       0x68 ./src/main.o
                0x1000574c                xQueue_Rx
                0x10005750                xQueue_GCodeLine
                0x10005754                xQueue_Display
                0x10005758                xsemTimer2
                0x1000575c                xQueue_GCodeBlock
                0x10005760                xQueue_PlannerBlock
                0x10005764                sys
                0x100057a0                xsemTimer1
                0x100057a4                serial_tx_wait_sem
                0x100057a8                xQueue_KBCommands
                0x100057ac                xsemTimer0
                0x100057b0                xQueue_StepperBlock
 COMMON         0x100057b4        0x4 C:\Users\PCHome\Documents\CNC\Ejs_TPS\TD2-r06\lpc_chip_175x_6x\Debug\liblpc_chip_175x_6x.a(chip_17xx_40xx.o)
                0x100057b4                SystemCoreClock
                0x100057b8                . = ALIGN (0x4)
                0x100057b8                _ebss = .
                [!provide]                PROVIDE (end, .)

.noinit_RAM2    0x2007c000        0x0
 *(.noinit.$RAM2*)
 *(.noinit.$RamAHB32*)
                0x2007c000                . = ALIGN (0x4)

.noinit         0x100057b8        0x0
                0x100057b8                _noinit = .
 *(.noinit*)
                0x100057b8                . = ALIGN (0x4)
                0x100057b8                _end_noinit = .
                0x100057b8                PROVIDE (_pvHeapStart, DEFINED (__user_heap_base)?__user_heap_base:.)
                0x10008000                PROVIDE (_vStackTop, DEFINED (__user_stack_top)?__user_stack_top:(__top_RamLoc32 - 0x0))
                0xefff74b2                PROVIDE (__valid_user_code_checksum, (0x0 - ((((((_vStackTop + (ResetISR + 0x1)) + (NMI_Handler + 0x1)) + (HardFault_Handler + 0x1)) + (DEFINED (MemManage_Handler)?MemManage_Handler:0x0 + 0x1)) + (DEFINED (BusFault_Handler)?BusFault_Handler:0x0 + 0x1)) + (DEFINED (UsageFault_Handler)?UsageFault_Handler:0x0 + 0x1))))
OUTPUT(TD2CNC-testHw.axf elf32-littlearm)

.debug_info     0x00000000     0xb4cb
 .debug_info    0x00000000      0x4d9 ./src/CncController.o
 .debug_info    0x000004d9      0x64b ./src/Display.o
 .debug_info    0x00000b24      0x5e3 ./src/GCodeDispatch.o
 .debug_info    0x00001107      0x547 ./src/IRQHandlers.o
 .debug_info    0x0000164e      0x143 ./src/MatrixKeypad.o
 .debug_info    0x00001791      0x613 ./src/Planner.o
 .debug_info    0x00001da4      0x590 ./src/Robot.o
 .debug_info    0x00002334      0x412 ./src/Serial.o
 .debug_info    0x00002746      0x735 ./src/Stepper.o
 .debug_info    0x00002e7b      0x595 ./src/appinit.o
 .debug_info    0x00003410      0x253 ./src/cr_startup_lpc175x_6x.o
 .debug_info    0x00003663      0x5cd ./src/main.o
 .debug_info    0x00003c30      0x110 ./src/sysinit.o
 .debug_info    0x00003d40     0x1ba3 C:\Users\PCHome\Documents\CNC\Ejs_TPS\TD2-r06\LPC_BaseBoardBB1769_R02\Debug\libLPC_BaseBoardBB1769_R02.a(board.o)
 .debug_info    0x000058e3      0x591 C:\Users\PCHome\Documents\CNC\Ejs_TPS\TD2-r06\LPC_BaseBoardBB1769_R02\Debug\libLPC_BaseBoardBB1769_R02.a(board_sysinit.o)
 .debug_info    0x00005e74      0xcc6 C:\Users\PCHome\Documents\CNC\Ejs_TPS\TD2-r06\LibFreeRTOS_8.2.3\Debug\libLibFreeRTOS_8.2.3.a(queue.o)
 .debug_info    0x00006b3a     0x16b5 C:\Users\PCHome\Documents\CNC\Ejs_TPS\TD2-r06\LibFreeRTOS_8.2.3\Debug\libLibFreeRTOS_8.2.3.a(tasks.o)
 .debug_info    0x000081ef      0x25b C:\Users\PCHome\Documents\CNC\Ejs_TPS\TD2-r06\LibFreeRTOS_8.2.3\Debug\libLibFreeRTOS_8.2.3.a(heap_1.o)
 .debug_info    0x0000844a      0x32d C:\Users\PCHome\Documents\CNC\Ejs_TPS\TD2-r06\LibFreeRTOS_8.2.3\Debug\libLibFreeRTOS_8.2.3.a(port.o)
 .debug_info    0x00008777      0x2df C:\Users\PCHome\Documents\CNC\Ejs_TPS\TD2-r06\LibFreeRTOS_8.2.3\Debug\libLibFreeRTOS_8.2.3.a(list.o)
 .debug_info    0x00008a56      0x51e C:\Users\PCHome\Documents\CNC\Ejs_TPS\TD2-r06\lpc_chip_175x_6x\Debug\liblpc_chip_175x_6x.a(chip_17xx_40xx.o)
 .debug_info    0x00008f74      0xb62 C:\Users\PCHome\Documents\CNC\Ejs_TPS\TD2-r06\lpc_chip_175x_6x\Debug\liblpc_chip_175x_6x.a(clock_17xx_40xx.o)
 .debug_info    0x00009ad6      0x2e9 C:\Users\PCHome\Documents\CNC\Ejs_TPS\TD2-r06\lpc_chip_175x_6x\Debug\liblpc_chip_175x_6x.a(iocon_17xx_40xx.o)
 .debug_info    0x00009dbf      0x439 C:\Users\PCHome\Documents\CNC\Ejs_TPS\TD2-r06\lpc_chip_175x_6x\Debug\liblpc_chip_175x_6x.a(sysinit_17xx_40xx.o)
 .debug_info    0x0000a1f8      0x3f9 C:\Users\PCHome\Documents\CNC\Ejs_TPS\TD2-r06\lpc_chip_175x_6x\Debug\liblpc_chip_175x_6x.a(timer_17xx_40xx.o)
 .debug_info    0x0000a5f1      0xeda C:\Users\PCHome\Documents\CNC\Ejs_TPS\TD2-r06\lpc_chip_175x_6x\Debug\liblpc_chip_175x_6x.a(uart_17xx_40xx.o)

.debug_abbrev   0x00000000     0x2808
 .debug_abbrev  0x00000000      0x13c ./src/CncController.o
 .debug_abbrev  0x0000013c      0x175 ./src/Display.o
 .debug_abbrev  0x000002b1      0x11e ./src/GCodeDispatch.o
 .debug_abbrev  0x000003cf      0x192 ./src/IRQHandlers.o
 .debug_abbrev  0x00000561       0xb8 ./src/MatrixKeypad.o
 .debug_abbrev  0x00000619      0x17b ./src/Planner.o
 .debug_abbrev  0x00000794      0x106 ./src/Robot.o
 .debug_abbrev  0x0000089a      0x138 ./src/Serial.o
 .debug_abbrev  0x000009d2      0x18e ./src/Stepper.o
 .debug_abbrev  0x00000b60      0x157 ./src/appinit.o
 .debug_abbrev  0x00000cb7       0xf5 ./src/cr_startup_lpc175x_6x.o
 .debug_abbrev  0x00000dac      0x177 ./src/main.o
 .debug_abbrev  0x00000f23       0xa3 ./src/sysinit.o
 .debug_abbrev  0x00000fc6      0x38c C:\Users\PCHome\Documents\CNC\Ejs_TPS\TD2-r06\LPC_BaseBoardBB1769_R02\Debug\libLPC_BaseBoardBB1769_R02.a(board.o)
 .debug_abbrev  0x00001352      0x15c C:\Users\PCHome\Documents\CNC\Ejs_TPS\TD2-r06\LPC_BaseBoardBB1769_R02\Debug\libLPC_BaseBoardBB1769_R02.a(board_sysinit.o)
 .debug_abbrev  0x000014ae      0x1cc C:\Users\PCHome\Documents\CNC\Ejs_TPS\TD2-r06\LibFreeRTOS_8.2.3\Debug\libLibFreeRTOS_8.2.3.a(queue.o)
 .debug_abbrev  0x0000167a      0x2ae C:\Users\PCHome\Documents\CNC\Ejs_TPS\TD2-r06\LibFreeRTOS_8.2.3\Debug\libLibFreeRTOS_8.2.3.a(tasks.o)
 .debug_abbrev  0x00001928      0x139 C:\Users\PCHome\Documents\CNC\Ejs_TPS\TD2-r06\LibFreeRTOS_8.2.3\Debug\libLibFreeRTOS_8.2.3.a(heap_1.o)
 .debug_abbrev  0x00001a61      0x1ad C:\Users\PCHome\Documents\CNC\Ejs_TPS\TD2-r06\LibFreeRTOS_8.2.3\Debug\libLibFreeRTOS_8.2.3.a(port.o)
 .debug_abbrev  0x00001c0e       0xec C:\Users\PCHome\Documents\CNC\Ejs_TPS\TD2-r06\LibFreeRTOS_8.2.3\Debug\libLibFreeRTOS_8.2.3.a(list.o)
 .debug_abbrev  0x00001cfa      0x13c C:\Users\PCHome\Documents\CNC\Ejs_TPS\TD2-r06\lpc_chip_175x_6x\Debug\liblpc_chip_175x_6x.a(chip_17xx_40xx.o)
 .debug_abbrev  0x00001e36      0x2ec C:\Users\PCHome\Documents\CNC\Ejs_TPS\TD2-r06\lpc_chip_175x_6x\Debug\liblpc_chip_175x_6x.a(clock_17xx_40xx.o)
 .debug_abbrev  0x00002122      0x126 C:\Users\PCHome\Documents\CNC\Ejs_TPS\TD2-r06\lpc_chip_175x_6x\Debug\liblpc_chip_175x_6x.a(iocon_17xx_40xx.o)
 .debug_abbrev  0x00002248      0x175 C:\Users\PCHome\Documents\CNC\Ejs_TPS\TD2-r06\lpc_chip_175x_6x\Debug\liblpc_chip_175x_6x.a(sysinit_17xx_40xx.o)
 .debug_abbrev  0x000023bd      0x163 C:\Users\PCHome\Documents\CNC\Ejs_TPS\TD2-r06\lpc_chip_175x_6x\Debug\liblpc_chip_175x_6x.a(timer_17xx_40xx.o)
 .debug_abbrev  0x00002520      0x2e8 C:\Users\PCHome\Documents\CNC\Ejs_TPS\TD2-r06\lpc_chip_175x_6x\Debug\liblpc_chip_175x_6x.a(uart_17xx_40xx.o)

.debug_aranges  0x00000000      0xc38
 .debug_aranges
                0x00000000       0x38 ./src/CncController.o
 .debug_aranges
                0x00000038       0x40 ./src/Display.o
 .debug_aranges
                0x00000078       0x30 ./src/GCodeDispatch.o
 .debug_aranges
                0x000000a8       0x58 ./src/IRQHandlers.o
 .debug_aranges
                0x00000100       0x20 ./src/MatrixKeypad.o
 .debug_aranges
                0x00000120       0x30 ./src/Planner.o
 .debug_aranges
                0x00000150       0x20 ./src/Robot.o
 .debug_aranges
                0x00000170       0x20 ./src/Serial.o
 .debug_aranges
                0x00000190       0x60 ./src/Stepper.o
 .debug_aranges
                0x000001f0       0x30 ./src/appinit.o
 .debug_aranges
                0x00000220       0x80 ./src/cr_startup_lpc175x_6x.o
 .debug_aranges
                0x000002a0       0x50 ./src/main.o
 .debug_aranges
                0x000002f0       0x20 ./src/sysinit.o
 .debug_aranges
                0x00000310      0x1f0 C:\Users\PCHome\Documents\CNC\Ejs_TPS\TD2-r06\LPC_BaseBoardBB1769_R02\Debug\libLPC_BaseBoardBB1769_R02.a(board.o)
 .debug_aranges
                0x00000500       0x38 C:\Users\PCHome\Documents\CNC\Ejs_TPS\TD2-r06\LPC_BaseBoardBB1769_R02\Debug\libLPC_BaseBoardBB1769_R02.a(board_sysinit.o)
 .debug_aranges
                0x00000538       0xf8 C:\Users\PCHome\Documents\CNC\Ejs_TPS\TD2-r06\LibFreeRTOS_8.2.3\Debug\libLibFreeRTOS_8.2.3.a(queue.o)
 .debug_aranges
                0x00000630      0x1b8 C:\Users\PCHome\Documents\CNC\Ejs_TPS\TD2-r06\LibFreeRTOS_8.2.3\Debug\libLibFreeRTOS_8.2.3.a(tasks.o)
 .debug_aranges
                0x000007e8       0x38 C:\Users\PCHome\Documents\CNC\Ejs_TPS\TD2-r06\LibFreeRTOS_8.2.3\Debug\libLibFreeRTOS_8.2.3.a(heap_1.o)
 .debug_aranges
                0x00000820       0x88 C:\Users\PCHome\Documents\CNC\Ejs_TPS\TD2-r06\LibFreeRTOS_8.2.3\Debug\libLibFreeRTOS_8.2.3.a(port.o)
 .debug_aranges
                0x000008a8       0x40 C:\Users\PCHome\Documents\CNC\Ejs_TPS\TD2-r06\LibFreeRTOS_8.2.3\Debug\libLibFreeRTOS_8.2.3.a(list.o)
 .debug_aranges
                0x000008e8       0x38 C:\Users\PCHome\Documents\CNC\Ejs_TPS\TD2-r06\lpc_chip_175x_6x\Debug\liblpc_chip_175x_6x.a(chip_17xx_40xx.o)
 .debug_aranges
                0x00000920      0x120 C:\Users\PCHome\Documents\CNC\Ejs_TPS\TD2-r06\lpc_chip_175x_6x\Debug\liblpc_chip_175x_6x.a(clock_17xx_40xx.o)
 .debug_aranges
                0x00000a40       0x30 C:\Users\PCHome\Documents\CNC\Ejs_TPS\TD2-r06\lpc_chip_175x_6x\Debug\liblpc_chip_175x_6x.a(iocon_17xx_40xx.o)
 .debug_aranges
                0x00000a70       0x60 C:\Users\PCHome\Documents\CNC\Ejs_TPS\TD2-r06\lpc_chip_175x_6x\Debug\liblpc_chip_175x_6x.a(sysinit_17xx_40xx.o)
 .debug_aranges
                0x00000ad0       0x40 C:\Users\PCHome\Documents\CNC\Ejs_TPS\TD2-r06\lpc_chip_175x_6x\Debug\liblpc_chip_175x_6x.a(timer_17xx_40xx.o)
 .debug_aranges
                0x00000b10      0x128 C:\Users\PCHome\Documents\CNC\Ejs_TPS\TD2-r06\lpc_chip_175x_6x\Debug\liblpc_chip_175x_6x.a(uart_17xx_40xx.o)

.debug_ranges   0x00000000      0xa98
 .debug_ranges  0x00000000       0x28 ./src/CncController.o
 .debug_ranges  0x00000028       0x30 ./src/Display.o
 .debug_ranges  0x00000058       0x20 ./src/GCodeDispatch.o
 .debug_ranges  0x00000078       0x48 ./src/IRQHandlers.o
 .debug_ranges  0x000000c0       0x10 ./src/MatrixKeypad.o
 .debug_ranges  0x000000d0       0x20 ./src/Planner.o
 .debug_ranges  0x000000f0       0x10 ./src/Robot.o
 .debug_ranges  0x00000100       0x10 ./src/Serial.o
 .debug_ranges  0x00000110       0x50 ./src/Stepper.o
 .debug_ranges  0x00000160       0x20 ./src/appinit.o
 .debug_ranges  0x00000180       0x70 ./src/cr_startup_lpc175x_6x.o
 .debug_ranges  0x000001f0       0x40 ./src/main.o
 .debug_ranges  0x00000230       0x10 ./src/sysinit.o
 .debug_ranges  0x00000240      0x1e0 C:\Users\PCHome\Documents\CNC\Ejs_TPS\TD2-r06\LPC_BaseBoardBB1769_R02\Debug\libLPC_BaseBoardBB1769_R02.a(board.o)
 .debug_ranges  0x00000420       0x28 C:\Users\PCHome\Documents\CNC\Ejs_TPS\TD2-r06\LPC_BaseBoardBB1769_R02\Debug\libLPC_BaseBoardBB1769_R02.a(board_sysinit.o)
 .debug_ranges  0x00000448       0xe8 C:\Users\PCHome\Documents\CNC\Ejs_TPS\TD2-r06\LibFreeRTOS_8.2.3\Debug\libLibFreeRTOS_8.2.3.a(queue.o)
 .debug_ranges  0x00000530      0x1a8 C:\Users\PCHome\Documents\CNC\Ejs_TPS\TD2-r06\LibFreeRTOS_8.2.3\Debug\libLibFreeRTOS_8.2.3.a(tasks.o)
 .debug_ranges  0x000006d8       0x28 C:\Users\PCHome\Documents\CNC\Ejs_TPS\TD2-r06\LibFreeRTOS_8.2.3\Debug\libLibFreeRTOS_8.2.3.a(heap_1.o)
 .debug_ranges  0x00000700       0x78 C:\Users\PCHome\Documents\CNC\Ejs_TPS\TD2-r06\LibFreeRTOS_8.2.3\Debug\libLibFreeRTOS_8.2.3.a(port.o)
 .debug_ranges  0x00000778       0x30 C:\Users\PCHome\Documents\CNC\Ejs_TPS\TD2-r06\LibFreeRTOS_8.2.3\Debug\libLibFreeRTOS_8.2.3.a(list.o)
 .debug_ranges  0x000007a8       0x28 C:\Users\PCHome\Documents\CNC\Ejs_TPS\TD2-r06\lpc_chip_175x_6x\Debug\liblpc_chip_175x_6x.a(chip_17xx_40xx.o)
 .debug_ranges  0x000007d0      0x110 C:\Users\PCHome\Documents\CNC\Ejs_TPS\TD2-r06\lpc_chip_175x_6x\Debug\liblpc_chip_175x_6x.a(clock_17xx_40xx.o)
 .debug_ranges  0x000008e0       0x20 C:\Users\PCHome\Documents\CNC\Ejs_TPS\TD2-r06\lpc_chip_175x_6x\Debug\liblpc_chip_175x_6x.a(iocon_17xx_40xx.o)
 .debug_ranges  0x00000900       0x50 C:\Users\PCHome\Documents\CNC\Ejs_TPS\TD2-r06\lpc_chip_175x_6x\Debug\liblpc_chip_175x_6x.a(sysinit_17xx_40xx.o)
 .debug_ranges  0x00000950       0x30 C:\Users\PCHome\Documents\CNC\Ejs_TPS\TD2-r06\lpc_chip_175x_6x\Debug\liblpc_chip_175x_6x.a(timer_17xx_40xx.o)
 .debug_ranges  0x00000980      0x118 C:\Users\PCHome\Documents\CNC\Ejs_TPS\TD2-r06\lpc_chip_175x_6x\Debug\liblpc_chip_175x_6x.a(uart_17xx_40xx.o)

.debug_macro    0x00000000     0xa536
 .debug_macro   0x00000000      0x34b ./src/CncController.o
 .debug_macro   0x0000034b      0x892 ./src/CncController.o
 .debug_macro   0x00000bdd       0x10 ./src/CncController.o
 .debug_macro   0x00000bed      0x12d ./src/CncController.o
 .debug_macro   0x00000d1a       0x16 ./src/CncController.o
 .debug_macro   0x00000d30      0x5b2 ./src/CncController.o
 .debug_macro   0x000012e2       0x22 ./src/CncController.o
 .debug_macro   0x00001304       0x74 ./src/CncController.o
 .debug_macro   0x00001378       0x10 ./src/CncController.o
 .debug_macro   0x00001388       0x2d ./src/CncController.o
 .debug_macro   0x000013b5       0x3a ./src/CncController.o
 .debug_macro   0x000013ef       0x2d ./src/CncController.o
 .debug_macro   0x0000141c      0xbb1 ./src/CncController.o
 .debug_macro   0x00001fcd      0x22c ./src/CncController.o
 .debug_macro   0x000021f9       0x42 ./src/CncController.o
 .debug_macro   0x0000223b       0x52 ./src/CncController.o
 .debug_macro   0x0000228d       0x78 ./src/CncController.o
 .debug_macro   0x00002305       0x82 ./src/CncController.o
 .debug_macro   0x00002387      0x48c ./src/CncController.o
 .debug_macro   0x00002813       0x34 ./src/CncController.o
 .debug_macro   0x00002847      0x4c5 ./src/CncController.o
 .debug_macro   0x00002d0c      0x1b7 ./src/CncController.o
 .debug_macro   0x00002ec3       0x10 ./src/CncController.o
 .debug_macro   0x00002ed3      0x21b ./src/CncController.o
 .debug_macro   0x000030ee      0x1b9 ./src/CncController.o
 .debug_macro   0x000032a7       0x40 ./src/CncController.o
 .debug_macro   0x000032e7       0x22 ./src/CncController.o
 .debug_macro   0x00003309      0x162 ./src/CncController.o
 .debug_macro   0x0000346b       0x94 ./src/CncController.o
 .debug_macro   0x000034ff       0xb8 ./src/CncController.o
 .debug_macro   0x000035b7       0x4c ./src/CncController.o
 .debug_macro   0x00003603       0x16 ./src/CncController.o
 .debug_macro   0x00003619      0x328 ./src/CncController.o
 .debug_macro   0x00003941       0x49 ./src/CncController.o
 .debug_macro   0x0000398a       0x16 ./src/CncController.o
 .debug_macro   0x000039a0       0xca ./src/CncController.o
 .debug_macro   0x00003a6a       0x11 ./src/CncController.o
 .debug_macro   0x00003a7b      0x42a ./src/CncController.o
 .debug_macro   0x00003ea5       0x9a ./src/CncController.o
 .debug_macro   0x00003f3f       0x20 ./src/CncController.o
 .debug_macro   0x00003f5f       0x28 ./src/CncController.o
 .debug_macro   0x00003f87       0xe8 ./src/CncController.o
 .debug_macro   0x0000406f      0x15d ./src/CncController.o
 .debug_macro   0x000041cc       0xd2 ./src/CncController.o
 .debug_macro   0x0000429e       0x10 ./src/CncController.o
 .debug_macro   0x000042ae       0x1f ./src/CncController.o
 .debug_macro   0x000042cd      0x3d1 ./src/CncController.o
 .debug_macro   0x0000469e       0xc0 ./src/CncController.o
 .debug_macro   0x0000475e       0x9a ./src/CncController.o
 .debug_macro   0x000047f8       0xb0 ./src/CncController.o
 .debug_macro   0x000048a8       0x7f ./src/CncController.o
 .debug_macro   0x00004927       0x82 ./src/CncController.o
 .debug_macro   0x000049a9       0xc4 ./src/CncController.o
 .debug_macro   0x00004a6d      0x1c5 ./src/CncController.o
 .debug_macro   0x00004c32       0x1c ./src/CncController.o
 .debug_macro   0x00004c4e       0x7c ./src/CncController.o
 .debug_macro   0x00004cca       0x28 ./src/CncController.o
 .debug_macro   0x00004cf2      0x100 ./src/CncController.o
 .debug_macro   0x00004df2      0x196 ./src/CncController.o
 .debug_macro   0x00004f88       0x10 ./src/CncController.o
 .debug_macro   0x00004f98       0x22 ./src/CncController.o
 .debug_macro   0x00004fba       0x7c ./src/CncController.o
 .debug_macro   0x00005036       0xd0 ./src/CncController.o
 .debug_macro   0x00005106       0x5e ./src/CncController.o
 .debug_macro   0x00005164       0x58 ./src/CncController.o
 .debug_macro   0x000051bc      0x34b ./src/Display.o
 .debug_macro   0x00005507      0x34b ./src/GCodeDispatch.o
 .debug_macro   0x00005852      0x34b ./src/IRQHandlers.o
 .debug_macro   0x00005b9d      0x34b ./src/MatrixKeypad.o
 .debug_macro   0x00005ee8      0x34b ./src/Planner.o
 .debug_macro   0x00006233      0x34b ./src/Robot.o
 .debug_macro   0x0000657e      0x34b ./src/Serial.o
 .debug_macro   0x000068c9      0x34b ./src/Stepper.o
 .debug_macro   0x00006c14      0x34b ./src/appinit.o
 .debug_macro   0x00006f5f       0x1d ./src/cr_startup_lpc175x_6x.o
 .debug_macro   0x00006f7c      0x34b ./src/main.o
 .debug_macro   0x000072c7      0x217 ./src/sysinit.o
 .debug_macro   0x000074de       0x7b ./src/sysinit.o
 .debug_macro   0x00007559       0x18 ./src/sysinit.o
 .debug_macro   0x00007571      0x22e C:\Users\PCHome\Documents\CNC\Ejs_TPS\TD2-r06\LPC_BaseBoardBB1769_R02\Debug\libLPC_BaseBoardBB1769_R02.a(board.o)
 .debug_macro   0x0000779f      0x886 C:\Users\PCHome\Documents\CNC\Ejs_TPS\TD2-r06\LPC_BaseBoardBB1769_R02\Debug\libLPC_BaseBoardBB1769_R02.a(board.o)
 .debug_macro   0x00008025       0x12 C:\Users\PCHome\Documents\CNC\Ejs_TPS\TD2-r06\LPC_BaseBoardBB1769_R02\Debug\libLPC_BaseBoardBB1769_R02.a(board.o)
 .debug_macro   0x00008037      0x217 C:\Users\PCHome\Documents\CNC\Ejs_TPS\TD2-r06\LPC_BaseBoardBB1769_R02\Debug\libLPC_BaseBoardBB1769_R02.a(board_sysinit.o)
 .debug_macro   0x0000824e      0x303 C:\Users\PCHome\Documents\CNC\Ejs_TPS\TD2-r06\LibFreeRTOS_8.2.3\Debug\libLibFreeRTOS_8.2.3.a(queue.o)
 .debug_macro   0x00008551      0x886 C:\Users\PCHome\Documents\CNC\Ejs_TPS\TD2-r06\LibFreeRTOS_8.2.3\Debug\libLibFreeRTOS_8.2.3.a(queue.o)
 .debug_macro   0x00008dd7       0x28 C:\Users\PCHome\Documents\CNC\Ejs_TPS\TD2-r06\LibFreeRTOS_8.2.3\Debug\libLibFreeRTOS_8.2.3.a(queue.o)
 .debug_macro   0x00008dff      0x33f C:\Users\PCHome\Documents\CNC\Ejs_TPS\TD2-r06\LibFreeRTOS_8.2.3\Debug\libLibFreeRTOS_8.2.3.a(tasks.o)
 .debug_macro   0x0000913e       0x91 C:\Users\PCHome\Documents\CNC\Ejs_TPS\TD2-r06\LibFreeRTOS_8.2.3\Debug\libLibFreeRTOS_8.2.3.a(tasks.o)
 .debug_macro   0x000091cf       0x11 C:\Users\PCHome\Documents\CNC\Ejs_TPS\TD2-r06\LibFreeRTOS_8.2.3\Debug\libLibFreeRTOS_8.2.3.a(tasks.o)
 .debug_macro   0x000091e0      0x2bb C:\Users\PCHome\Documents\CNC\Ejs_TPS\TD2-r06\LibFreeRTOS_8.2.3\Debug\libLibFreeRTOS_8.2.3.a(heap_1.o)
 .debug_macro   0x0000949b      0x333 C:\Users\PCHome\Documents\CNC\Ejs_TPS\TD2-r06\LibFreeRTOS_8.2.3\Debug\libLibFreeRTOS_8.2.3.a(port.o)
 .debug_macro   0x000097ce      0x29a C:\Users\PCHome\Documents\CNC\Ejs_TPS\TD2-r06\LibFreeRTOS_8.2.3\Debug\libLibFreeRTOS_8.2.3.a(list.o)
 .debug_macro   0x00009a68      0x1cd C:\Users\PCHome\Documents\CNC\Ejs_TPS\TD2-r06\lpc_chip_175x_6x\Debug\liblpc_chip_175x_6x.a(chip_17xx_40xx.o)
 .debug_macro   0x00009c35      0x1cd C:\Users\PCHome\Documents\CNC\Ejs_TPS\TD2-r06\lpc_chip_175x_6x\Debug\liblpc_chip_175x_6x.a(clock_17xx_40xx.o)
 .debug_macro   0x00009e02      0x1cd C:\Users\PCHome\Documents\CNC\Ejs_TPS\TD2-r06\lpc_chip_175x_6x\Debug\liblpc_chip_175x_6x.a(iocon_17xx_40xx.o)
 .debug_macro   0x00009fcf      0x1cd C:\Users\PCHome\Documents\CNC\Ejs_TPS\TD2-r06\lpc_chip_175x_6x\Debug\liblpc_chip_175x_6x.a(sysinit_17xx_40xx.o)
 .debug_macro   0x0000a19c      0x1cd C:\Users\PCHome\Documents\CNC\Ejs_TPS\TD2-r06\lpc_chip_175x_6x\Debug\liblpc_chip_175x_6x.a(timer_17xx_40xx.o)
 .debug_macro   0x0000a369      0x1cd C:\Users\PCHome\Documents\CNC\Ejs_TPS\TD2-r06\lpc_chip_175x_6x\Debug\liblpc_chip_175x_6x.a(uart_17xx_40xx.o)

.debug_line     0x00000000     0xb355
 .debug_line    0x00000000      0x7a8 ./src/CncController.o
 .debug_line    0x000007a8      0x7ab ./src/Display.o
 .debug_line    0x00000f53      0x78b ./src/GCodeDispatch.o
 .debug_line    0x000016de      0x7c6 ./src/IRQHandlers.o
 .debug_line    0x00001ea4      0x717 ./src/MatrixKeypad.o
 .debug_line    0x000025bb      0x784 ./src/Planner.o
 .debug_line    0x00002d3f      0x772 ./src/Robot.o
 .debug_line    0x000034b1      0x7b3 ./src/Serial.o
 .debug_line    0x00003c64      0x84a ./src/Stepper.o
 .debug_line    0x000044ae      0x756 ./src/appinit.o
 .debug_line    0x00004c04       0xd5 ./src/cr_startup_lpc175x_6x.o
 .debug_line    0x00004cd9      0x7e0 ./src/main.o
 .debug_line    0x000054b9      0x47b ./src/sysinit.o
 .debug_line    0x00005934      0xab7 C:\Users\PCHome\Documents\CNC\Ejs_TPS\TD2-r06\LPC_BaseBoardBB1769_R02\Debug\libLPC_BaseBoardBB1769_R02.a(board.o)
 .debug_line    0x000063eb      0x4bb C:\Users\PCHome\Documents\CNC\Ejs_TPS\TD2-r06\LPC_BaseBoardBB1769_R02\Debug\libLPC_BaseBoardBB1769_R02.a(board_sysinit.o)
 .debug_line    0x000068a6      0x96f C:\Users\PCHome\Documents\CNC\Ejs_TPS\TD2-r06\LibFreeRTOS_8.2.3\Debug\libLibFreeRTOS_8.2.3.a(queue.o)
 .debug_line    0x00007215      0xe3e C:\Users\PCHome\Documents\CNC\Ejs_TPS\TD2-r06\LibFreeRTOS_8.2.3\Debug\libLibFreeRTOS_8.2.3.a(tasks.o)
 .debug_line    0x00008053      0x615 C:\Users\PCHome\Documents\CNC\Ejs_TPS\TD2-r06\LibFreeRTOS_8.2.3\Debug\libLibFreeRTOS_8.2.3.a(heap_1.o)
 .debug_line    0x00008668      0x6db C:\Users\PCHome\Documents\CNC\Ejs_TPS\TD2-r06\LibFreeRTOS_8.2.3\Debug\libLibFreeRTOS_8.2.3.a(port.o)
 .debug_line    0x00008d43      0x621 C:\Users\PCHome\Documents\CNC\Ejs_TPS\TD2-r06\LibFreeRTOS_8.2.3\Debug\libLibFreeRTOS_8.2.3.a(list.o)
 .debug_line    0x00009364      0x44f C:\Users\PCHome\Documents\CNC\Ejs_TPS\TD2-r06\lpc_chip_175x_6x\Debug\liblpc_chip_175x_6x.a(chip_17xx_40xx.o)