Archive member included to satisfy reference by file (symbol)

C:\Users\Fernando\Documents\LPCXpresso_8.2.2_650\workspace\TD2\Ejs_TPS\TD2CNC_BaseBoard_R00\Debug\libTD2CNC_BaseBoard_R00.a(board.o)
                              ./src/appinit.o (Board_InitLCD)
C:\Users\Fernando\Documents\LPCXpresso_8.2.2_650\workspace\TD2\Ejs_TPS\TD2CNC_BaseBoard_R00\Debug\libTD2CNC_BaseBoard_R00.a(board_sysinit.o)
                              ./src/sysinit.o (Board_SystemInit)
C:\Users\Fernando\Documents\LPCXpresso_8.2.2_650\workspace\TD2\Ejs_TPS\LibFreeRTOS_8.2.3\Debug\libLibFreeRTOS_8.2.3.a(queue.o)
                              ./src/main.o (xQueueGenericCreate)
C:\Users\Fernando\Documents\LPCXpresso_8.2.2_650\workspace\TD2\Ejs_TPS\LibFreeRTOS_8.2.3\Debug\libLibFreeRTOS_8.2.3.a(tasks.o)
                              ./src/main.o (xTaskGenericCreate)
C:\Users\Fernando\Documents\LPCXpresso_8.2.2_650\workspace\TD2\Ejs_TPS\LibFreeRTOS_8.2.3\Debug\libLibFreeRTOS_8.2.3.a(heap_1.o)
                              C:\Users\Fernando\Documents\LPCXpresso_8.2.2_650\workspace\TD2\Ejs_TPS\LibFreeRTOS_8.2.3\Debug\libLibFreeRTOS_8.2.3.a(queue.o) (pvPortMalloc)
C:\Users\Fernando\Documents\LPCXpresso_8.2.2_650\workspace\TD2\Ejs_TPS\LibFreeRTOS_8.2.3\Debug\libLibFreeRTOS_8.2.3.a(port.o)
                              C:\Users\Fernando\Documents\LPCXpresso_8.2.2_650\workspace\TD2\Ejs_TPS\LibFreeRTOS_8.2.3\Debug\libLibFreeRTOS_8.2.3.a(tasks.o) (pxPortInitialiseStack)
C:\Users\Fernando\Documents\LPCXpresso_8.2.2_650\workspace\TD2\Ejs_TPS\LibFreeRTOS_8.2.3\Debug\libLibFreeRTOS_8.2.3.a(list.o)
                              C:\Users\Fernando\Documents\LPCXpresso_8.2.2_650\workspace\TD2\Ejs_TPS\LibFreeRTOS_8.2.3\Debug\libLibFreeRTOS_8.2.3.a(queue.o) (vListInitialise)
C:\Users\Fernando\Documents\LPCXpresso_8.2.2_650\workspace\TD2\Ejs_TPS\lpc_chip_175x_6x\Debug\liblpc_chip_175x_6x.a(chip_17xx_40xx.o)
                              C:\Users\Fernando\Documents\LPCXpresso_8.2.2_650\workspace\TD2\Ejs_TPS\LibFreeRTOS_8.2.3\Debug\libLibFreeRTOS_8.2.3.a(port.o) (SystemCoreClock)
C:\Users\Fernando\Documents\LPCXpresso_8.2.2_650\workspace\TD2\Ejs_TPS\lpc_chip_175x_6x\Debug\liblpc_chip_175x_6x.a(clock_17xx_40xx.o)
                              C:\Users\Fernando\Documents\LPCXpresso_8.2.2_650\workspace\TD2\Ejs_TPS\lpc_chip_175x_6x\Debug\liblpc_chip_175x_6x.a(chip_17xx_40xx.o) (Chip_Clock_EnablePLL)
C:\Users\Fernando\Documents\LPCXpresso_8.2.2_650\workspace\TD2\Ejs_TPS\lpc_chip_175x_6x\Debug\liblpc_chip_175x_6x.a(iocon_17xx_40xx.o)
                              C:\Users\Fernando\Documents\LPCXpresso_8.2.2_650\workspace\TD2\Ejs_TPS\TD2CNC_BaseBoard_R00\Debug\libTD2CNC_BaseBoard_R00.a(board.o) (Chip_IOCON_PinMux)
C:\Users\Fernando\Documents\LPCXpresso_8.2.2_650\workspace\TD2\Ejs_TPS\lpc_chip_175x_6x\Debug\liblpc_chip_175x_6x.a(sysinit_17xx_40xx.o)
                              C:\Users\Fernando\Documents\LPCXpresso_8.2.2_650\workspace\TD2\Ejs_TPS\TD2CNC_BaseBoard_R00\Debug\libTD2CNC_BaseBoard_R00.a(board_sysinit.o) (Chip_SetupXtalClocking)
C:\Users\Fernando\Documents\LPCXpresso_8.2.2_650\workspace\TD2\Ejs_TPS\lpc_chip_175x_6x\Debug\liblpc_chip_175x_6x.a(timer_17xx_40xx.o)
                              C:\Users\Fernando\Documents\LPCXpresso_8.2.2_650\workspace\TD2\Ejs_TPS\TD2CNC_BaseBoard_R00\Debug\libTD2CNC_BaseBoard_R00.a(board.o) (Chip_TIMER_Init)
C:\Users\Fernando\Documents\LPCXpresso_8.2.2_650\workspace\TD2\Ejs_TPS\lpc_chip_175x_6x\Debug\liblpc_chip_175x_6x.a(uart_17xx_40xx.o)
                              C:\Users\Fernando\Documents\LPCXpresso_8.2.2_650\workspace\TD2\Ejs_TPS\TD2CNC_BaseBoard_R00\Debug\libTD2CNC_BaseBoard_R00.a(board.o) (Chip_UART_Init)
C:\Users\Fernando\Documents\LPCXpresso_8.2.2_650\workspace\TD2\Ejs_TPS\lpc_chip_175x_6x\Debug\liblpc_chip_175x_6x.a(ring_buffer.o)
                              C:\Users\Fernando\Documents\LPCXpresso_8.2.2_650\workspace\TD2\Ejs_TPS\lpc_chip_175x_6x\Debug\liblpc_chip_175x_6x.a(uart_17xx_40xx.o) (RingBuffer_Insert)
c:/nxp/lpcxpresso_8.2.2_650/lpcxpresso/tools/bin/../lib/gcc/arm-none-eabi/5.4.1/../../../../arm-none-eabi/lib/armv7-m\libcr_semihost.a(_cr__main.o)
                              ./src/cr_startup_lpc175x_6x.o (__main)
c:/nxp/lpcxpresso_8.2.2_650/lpcxpresso/tools/bin/../lib/gcc/arm-none-eabi/5.4.1/../../../../arm-none-eabi/lib/armv7-m\libcr_c.a(memcpy.o)
                              C:\Users\Fernando\Documents\LPCXpresso_8.2.2_650\workspace\TD2\Ejs_TPS\TD2CNC_BaseBoard_R00\Debug\libTD2CNC_BaseBoard_R00.a(board.o) (memcpy)
c:/nxp/lpcxpresso_8.2.2_650/lpcxpresso/tools/bin/../lib/gcc/arm-none-eabi/5.4.1/../../../../arm-none-eabi/lib/armv7-m\libcr_c.a(memset.o)
                              ./src/Stepper.o (memset)
c:/nxp/lpcxpresso_8.2.2_650/lpcxpresso/tools/bin/../lib/gcc/arm-none-eabi/5.4.1/../../../../arm-none-eabi/lib/armv7-m\libcr_c.a(atan.o)
                              ./src/Planner.o (atan)
[...]
Memory Configuration

Name             Origin             Length             Attributes
MFlash512        0x00000000         0x00080000         xr
RamLoc32         0x10000000         0x00008000         xrw
RamAHB32         0x2007c000         0x00008000         xrw
*default*        0x00000000         0xffffffff

Linker script and memory map

LOAD ./src/Display.o
LOAD ./src/GCodeDispatch.o
LOAD ./src/IRQHandlers.o
LOAD ./src/MatrixKeypad.o
LOAD ./src/Planner.o
LOAD ./src/Robot.o
LOAD ./src/Serial.o
LOAD ./src/Stepper.o
LOAD ./src/appinit.o
LOAD ./src/cr_startup_lpc175x_6x.o
LOAD ./src/crp.o
LOAD ./src/main.o
LOAD ./src/sysinit.o
LOAD C:\Users\Fernando\Documents\LPCXpresso_8.2.2_650\workspace\TD2\Ejs_TPS\TD2CNC_BaseBoard_R00\Debug\libTD2CNC_BaseBoard_R00.a
LOAD C:\Users\Fernando\Documents\LPCXpresso_8.2.2_650\workspace\TD2\Ejs_TPS\LibFreeRTOS_8.2.3\Debug\libLibFreeRTOS_8.2.3.a
LOAD C:\Users\Fernando\Documents\LPCXpresso_8.2.2_650\workspace\TD2\Ejs_TPS\lpc_chip_175x_6x\Debug\liblpc_chip_175x_6x.a
START GROUP
LOAD c:/nxp/lpcxpresso_8.2.2_650/lpcxpresso/tools/bin/../lib/gcc/arm-none-eabi/5.4.1/../../../../arm-none-eabi/lib/armv7-m\libcr_semihost.a
LOAD c:/nxp/lpcxpresso_8.2.2_650/lpcxpresso/tools/bin/../lib/gcc/arm-none-eabi/5.4.1/../../../../arm-none-eabi/lib/armv7-m\libcr_c.a
LOAD c:/nxp/lpcxpresso_8.2.2_650/lpcxpresso/tools/bin/../lib/gcc/arm-none-eabi/5.4.1/armv7-m\libcr_eabihelpers.a
END GROUP
                0x00000000                __base_MFlash512 = 0x0
                0x00000000                __base_Flash = 0x0
                0x00080000                __top_MFlash512 = 0x80000
                0x00080000                __top_Flash = 0x80000
                0x10000000                __base_RamLoc32 = 0x10000000
                0x10000000                __base_RAM = 0x10000000
                0x10008000                __top_RamLoc32 = 0x10008000
                0x10008000                __top_RAM = 0x10008000
                0x2007c000                __base_RamAHB32 = 0x2007c000
                0x2007c000                __base_RAM2 = 0x2007c000
                0x20084000                __top_RamAHB32 = 0x20084000
                0x20084000                __top_RAM2 = 0x20084000

.text           0x00000000     0x6ac0
 FILL mask 0xff
                0x00000000                __vectors_start__ = ABSOLUTE (.)
 *(.isr_vector)
 .isr_vector    0x00000000       0xcc ./src/cr_startup_lpc175x_6x.o
                0x00000000                g_pfnVectors
                0x000000cc                . = ALIGN (0x4)
                0x000000cc                __section_table_start = .
                0x000000cc                __data_section_table = .
                0x000000cc        0x4 LONG 0x6ac0 LOADADDR (.data)
                0x000000d0        0x4 LONG 0x10000000 ADDR (.data)
                0x000000d4        0x4 LONG 0x4 SIZEOF (.data)
                0x000000d8        0x4 LONG 0x6ac0 LOADADDR (.data_RAM2)
                0x000000dc        0x4 LONG 0x2007c000 ADDR (.data_RAM2)
                0x000000e0        0x4 LONG 0x0 SIZEOF (.data_RAM2)
                0x000000e4                __data_section_table_end = .
                0x000000e4                __bss_section_table = .
                0x000000e4        0x4 LONG 0x10000004 ADDR (.bss)
                0x000000e8        0x4 LONG 0x3414 SIZEOF (.bss)
                0x000000ec        0x4 LONG 0x2007c000 ADDR (.bss_RAM2)
                0x000000f0        0x4 LONG 0x0 SIZEOF (.bss_RAM2)
                0x000000f4                __bss_section_table_end = .
                0x000000f4                __section_table_end = .
 *(.after_vectors*)
 .after_vectors
                0x000000f4      0x144 ./src/cr_startup_lpc175x_6x.o
                0x000000f4                data_init
                0x00000138                bss_init
                0x00000170                ResetISR
                0x000001e8                NMI_Handler
                0x000001f0                HardFault_Handler
                0x000001f8                MemManage_Handler
                0x00000200                BusFault_Handler
                0x00000208                UsageFault_Handler
                0x00000218                DebugMon_Handler
                0x00000230                UART1_IRQHandler
                0x00000230                CANActivity_IRQHandler
                0x00000230                TIMER3_IRQHandler
                0x00000230                UART0_IRQHandler
                0x00000230                EINT2_IRQHandler
                0x00000230                I2C1_IRQHandler
                0x00000230                IntDefaultHandler
                0x00000230                PLL0_IRQHandler
                0x00000230                CAN_IRQHandler
                0x00000230                PLL1_IRQHandler
                0x00000230                PWM1_IRQHandler
                0x00000230                I2S_IRQHandler
                0x00000230                I2C2_IRQHandler
                0x00000230                RTC_IRQHandler
                0x00000230                SPI_IRQHandler
                0x00000230                USBActivity_IRQHandler
                0x00000230                EINT1_IRQHandler
                0x00000230                UART2_IRQHandler
                0x00000230                ADC_IRQHandler
                0x00000230                SSP1_IRQHandler
                0x00000230                USB_IRQHandler
                0x00000230                BOD_IRQHandler
                0x00000230                I2C0_IRQHandler
                0x00000230                WDT_IRQHandler
                0x00000230                QEI_IRQHandler
                0x00000230                EINT0_IRQHandler
                0x00000230                ETH_IRQHandler
                0x00000230                RIT_IRQHandler
                0x00000230                DMA_IRQHandler
                0x00000230                SSP0_IRQHandler
                0x00000230                MCPWM_IRQHandler
 *(.text*)
 .text.vTaskLCD
                0x00000238       0xfc ./src/Display.o
                0x00000238                vTaskLCD
 .text.Chip_GPIOINT_ClearIntStatus
                0x00000334       0x2c ./src/IRQHandlers.o
 .text.Chip_TIMER_MatchPending
                0x00000360       0x34 ./src/IRQHandlers.o
 .text.Chip_TIMER_ClearMatch
                0x00000394       0x28 ./src/IRQHandlers.o
 .text.Chip_UART_ReadLineStatus
                0x000003bc       0x18 ./src/IRQHandlers.o
 .text.EINT3_IRQHandler
                0x000003d4       0x84 ./src/IRQHandlers.o
                0x000003d4                EINT3_IRQHandler
 .text.UART3_IRQHandler
                0x00000458       0x58 ./src/IRQHandlers.o
                0x00000458                UART3_IRQHandler
 .text.TIMER0_IRQHandler
                0x000004b0       0x50 ./src/IRQHandlers.o
                0x000004b0                TIMER0_IRQHandler
 .text.TIMER1_IRQHandler
                0x00000500       0x50 ./src/IRQHandlers.o
                0x00000500                TIMER1_IRQHandler
 .text.TIMER2_IRQHandler
                0x00000550       0x50 ./src/IRQHandlers.o
                0x00000550                TIMER2_IRQHandler
 .text.vDebounceMK
                0x000005a0       0x64 ./src/MatrixKeypad.o
                0x000005a0                vDebounceMK
 .text.vIdleControl
                0x00000604      0x15c ./src/Planner.o
                0x00000604                vIdleControl
 .text.soft_check_limit
                0x00000760       0xbc ./src/Planner.o
                0x00000760                soft_check_limit
 .text.vTaskUART
                0x0000081c       0x7c ./src/Serial.o
                0x0000081c                vTaskUART
 .text.st_move_line
                0x00000898      0x11c ./src/Stepper.o
                0x00000898                st_move_line
 .text.st_setdir
                0x000009b4       0x8c ./src/Stepper.o
                0x000009b4                st_setdir
 .text.stepper_stop
                0x00000a40       0x78 ./src/Stepper.o
                0x00000a40                stepper_stop
 .text.vX_AXIS_ISR
                0x00000ab8       0xbc ./src/Stepper.o
                0x00000ab8                vX_AXIS_ISR
 .text.vY_AXIS_ISR
                0x00000b74       0xbc ./src/Stepper.o
                0x00000b74                vY_AXIS_ISR
 .text.vZ_AXIS_ISR
                0x00000c30       0xbc ./src/Stepper.o
                0x00000c30                vZ_AXIS_ISR
 .text.prvSetupHardware
                0x00000cec       0x28 ./src/appinit.o
                0x00000cec                prvSetupHardware
 .text.init_system_var
                0x00000d14       0x64 ./src/appinit.o
                0x00000d14                init_system_var
 .text.settings_restore_global_settings
                0x00000d78       0xbc ./src/appinit.o
                0x00000d78                settings_restore_global_settings
 .text.main     0x00000e34      0x1a8 ./src/main.o
                0x00000e34                main
 .text.vSystemInit
                0x00000fdc       0xe4 ./src/main.o
                0x00000fdc                vSystemInit
 .text.vApplicationIdleHook
                0x000010c0        0xc ./src/main.o
                0x000010c0                vApplicationIdleHook
 .text.SystemInit
                0x000010cc       0x24 ./src/sysinit.o
                0x000010cc                SystemInit
 .text.NVIC_EnableIRQ
                0x000010f0       0x30 C:\Users\Fernando\Documents\LPCXpresso_8.2.2_650\workspace\TD2\Ejs_TPS\TD2CNC_BaseBoard_R00\Debug\libTD2CNC_BaseBoard_R00.a(board.o)
 .text.NVIC_DisableIRQ
                0x00001120       0x34 C:\Users\Fernando\Documents\LPCXpresso_8.2.2_650\workspace\TD2\Ejs_TPS\TD2CNC_BaseBoard_R00\Debug\libTD2CNC_BaseBoard_R00.a(board.o)
 .text.NVIC_ClearPendingIRQ
                0x00001154       0x34 C:\Users\Fernando\Documents\LPCXpresso_8.2.2_650\workspace\TD2\Ejs_TPS\TD2CNC_BaseBoard_R00\Debug\libTD2CNC_BaseBoard_R00.a(board.o)
 .text.NVIC_SetPriority
                0x00001188       0x54 C:\Users\Fernando\Documents\LPCXpresso_8.2.2_650\workspace\TD2\Ejs_TPS\TD2CNC_BaseBoard_R00\Debug\libTD2CNC_BaseBoard_R00.a(board.o)
 .text.Chip_IOCON_Init
                0x000011dc       0x18 C:\Users\Fernando\Documents\LPCXpresso_8.2.2_650\workspace\TD2\Ejs_TPS\TD2CNC_BaseBoard_R00\Debug\libTD2CNC_BaseBoard_R00.a(board.o)
 .text.Chip_GPIO_Init
                0x000011f4       0x18 C:\Users\Fernando\Documents\LPCXpresso_8.2.2_650\workspace\TD2\Ejs_TPS\TD2CNC_BaseBoard_R00\Debug\libTD2CNC_BaseBoard_R00.a(board.o)
 .text.Chip_GPIO_SetPinState
                0x0000120c       0x68 C:\Users\Fernando\Documents\LPCXpresso_8.2.2_650\workspace\TD2\Ejs_TPS\TD2CNC_BaseBoard_R00\Debug\libTD2CNC_BaseBoard_R00.a(board.o)
 .text.Chip_GPIO_WritePortBit
                0x00001274       0x2c C:\Users\Fernando\Documents\LPCXpresso_8.2.2_650\workspace\TD2\Ejs_TPS\TD2CNC_BaseBoard_R00\Debug\libTD2CNC_BaseBoard_R00.a(board.o)
 .text.Chip_GPIO_GetPinState
                0x000012a0       0x38 C:\Users\Fernando\Documents\LPCXpresso_8.2.2_650\workspace\TD2\Ejs_TPS\TD2CNC_BaseBoard_R00\Debug\libTD2CNC_BaseBoard_R00.a(board.o)
 .text.Chip_GPIO_ReadPortBit
                0x000012d8       0x28 C:\Users\Fernando\Documents\LPCXpresso_8.2.2_650\workspace\TD2\Ejs_TPS\TD2CNC_BaseBoard_R00\Debug\libTD2CNC_BaseBoard_R00.a(board.o)
 .text.Chip_GPIO_SetPinDIROutput
                0x00001300       0x38 C:\Users\Fernando\Documents\LPCXpresso_8.2.2_650\workspace\TD2\Ejs_TPS\TD2CNC_BaseBoard_R00\Debug\libTD2CNC_BaseBoard_R00.a(board.o)
 .text.Chip_GPIO_SetPinDIRInput
                0x00001338       0x3c C:\Users\Fernando\Documents\LPCXpresso_8.2.2_650\workspace\TD2\Ejs_TPS\TD2CNC_BaseBoard_R00\Debug\libTD2CNC_BaseBoard_R00.a(board.o)
 .text.Chip_GPIO_SetPinDIR
                0x00001374       0x44 C:\Users\Fernando\Documents\LPCXpresso_8.2.2_650\workspace\TD2\Ejs_TPS\TD2CNC_BaseBoard_R00\Debug\libTD2CNC_BaseBoard_R00.a(board.o)
 .text.Chip_GPIO_WriteDirBit
                0x000013b8       0x30 C:\Users\Fernando\Documents\LPCXpresso_8.2.2_650\workspace\TD2\Ejs_TPS\TD2CNC_BaseBoard_R00\Debug\libTD2CNC_BaseBoard_R00.a(board.o)
 .text.Chip_TIMER_Enable
                0x000013e8       0x20 C:\Users\Fernando\Documents\LPCXpresso_8.2.2_650\workspace\TD2\Ejs_TPS\TD2CNC_BaseBoard_R00\Debug\libTD2CNC_BaseBoard_R00.a(board.o)
 .text.Chip_TIMER_Disable
                0x00001408       0x20 C:\Users\Fernando\Documents\LPCXpresso_8.2.2_650\workspace\TD2\Ejs_TPS\TD2CNC_BaseBoard_R00\Debug\libTD2CNC_BaseBoard_R00.a(board.o)
 .text.Chip_TIMER_SetMatch
                0x00001428       0x28 C:\Users\Fernando\Documents\LPCXpresso_8.2.2_650\workspace\TD2\Ejs_TPS\TD2CNC_BaseBoard_R00\Debug\libTD2CNC_BaseBoard_R00.a(board.o)
 .text.Chip_TIMER_MatchEnableInt
                0x00001450       0x34 C:\Users\Fernando\Documents\LPCXpresso_8.2.2_650\workspace\TD2\Ejs_TPS\TD2CNC_BaseBoard_R00\Debug\libTD2CNC_BaseBoard_R00.a(board.o)
 .text.Chip_TIMER_ResetOnMatchEnable
                0x00001484       0x34 C:\Users\Fernando\Documents\LPCXpresso_8.2.2_650\workspace\TD2\Ejs_TPS\TD2CNC_BaseBoard_R00\Debug\libTD2CNC_BaseBoard_R00.a(board.o)
 .text.Chip_UART_ReadByte
                0x000014b8       0x18 C:\Users\Fernando\Documents\LPCXpresso_8.2.2_650\workspace\TD2\Ejs_TPS\TD2CNC_BaseBoard_R00\Debug\libTD2CNC_BaseBoard_R00.a(board.o)
 .text.Chip_UART_IntEnable
                0x000014d0       0x20 C:\Users\Fernando\Documents\LPCXpresso_8.2.2_650\workspace\TD2\Ejs_TPS\TD2CNC_BaseBoard_R00\Debug\libTD2CNC_BaseBoard_R00.a(board.o)
 .text.Board_InitLCD
                0x000014f0      0x1c4 C:\Users\Fernando\Documents\LPCXpresso_8.2.2_650\workspace\TD2\Ejs_TPS\TD2CNC_BaseBoard_R00\Debug\libTD2CNC_BaseBoard_R00.a(board.o)
                0x000014f0                Board_InitLCD
 .text.Board_Dato_LCD
                0x000016b4      0x134 C:\Users\Fernando\Documents\LPCXpresso_8.2.2_650\workspace\TD2\Ejs_TPS\TD2CNC_BaseBoard_R00\Debug\libTD2CNC_BaseBoard_R00.a(board.o)
                0x000016b4                Board_Dato_LCD
 .text.Board_Display_lcd
                0x000017e8       0x88 C:\Users\Fernando\Documents\LPCXpresso_8.2.2_650\workspace\TD2\Ejs_TPS\TD2CNC_BaseBoard_R00\Debug\libTD2CNC_BaseBoard_R00.a(board.o)
                0x000017e8                Board_Display_lcd
 .text.Board_MatrixKeyboard_4x4_Init
                0x00001870       0x6c C:\Users\Fernando\Documents\LPCXpresso_8.2.2_650\workspace\TD2\Ejs_TPS\TD2CNC_BaseBoard_R00\Debug\libTD2CNC_BaseBoard_R00.a(board.o)
                0x00001870                Board_MatrixKeyboard_4x4_Init
 .text.Board_MatrixKeyboard_4x4
                0x000018dc      0x330 C:\Users\Fernando\Documents\LPCXpresso_8.2.2_650\workspace\TD2\Ejs_TPS\TD2CNC_BaseBoard_R00\Debug\libTD2CNC_BaseBoard_R00.a(board.o)
                0x000018dc                Board_MatrixKeyboard_4x4
 .text.Board_InitTimer
                0x00001c0c       0x94 C:\Users\Fernando\Documents\LPCXpresso_8.2.2_650\workspace\TD2\Ejs_TPS\TD2CNC_BaseBoard_R00\Debug\libTD2CNC_BaseBoard_R00.a(board.o)
                0x00001c0c                Board_InitTimer
 .text.Board_TimerClose
                0x00001ca0       0x5c C:\Users\Fernando\Documents\LPCXpresso_8.2.2_650\workspace\TD2\Ejs_TPS\TD2CNC_BaseBoard_R00\Debug\libTD2CNC_BaseBoard_R00.a(board.o)
                0x00001ca0                Board_TimerClose
 .text.Board_UART_Init
                0x00001cfc       0xfc C:\Users\Fernando\Documents\LPCXpresso_8.2.2_650\workspace\TD2\Ejs_TPS\TD2CNC_BaseBoard_R00\Debug\libTD2CNC_BaseBoard_R00.a(board.o)
                0x00001cfc                Board_UART_Init
 .text.Board_UARTGetChar
                0x00001df8       0x18 C:\Users\Fernando\Documents\LPCXpresso_8.2.2_650\workspace\TD2\Ejs_TPS\TD2CNC_BaseBoard_R00\Debug\libTD2CNC_BaseBoard_R00.a(board.o)
                0x00001df8                Board_UARTGetChar
 .text.Board_LED_Set
                0x00001e10       0x2c C:\Users\Fernando\Documents\LPCXpresso_8.2.2_650\workspace\TD2\Ejs_TPS\TD2CNC_BaseBoard_R00\Debug\libTD2CNC_BaseBoard_R00.a(board.o)
                0x00001e10                Board_LED_Set
 .text.Board_LED_Test
                0x00001e3c       0x34 C:\Users\Fernando\Documents\LPCXpresso_8.2.2_650\workspace\TD2\Ejs_TPS\TD2CNC_BaseBoard_R00\Debug\libTD2CNC_BaseBoard_R00.a(board.o)
                0x00001e3c                Board_LED_Test
 .text.Board_LED_Toggle
                0x00001e70       0x48 C:\Users\Fernando\Documents\LPCXpresso_8.2.2_650\workspace\TD2\Ejs_TPS\TD2CNC_BaseBoard_R00\Debug\libTD2CNC_BaseBoard_R00.a(board.o)
                0x00001e70                Board_LED_Toggle
 .text.Board_Init
                0x00001eb8       0x1c C:\Users\Fernando\Documents\LPCXpresso_8.2.2_650\workspace\TD2\Ejs_TPS\TD2CNC_BaseBoard_R00\Debug\libTD2CNC_BaseBoard_R00.a(board.o)
                0x00001eb8                Board_Init
 .text.Chip_SYSCTL_SetFLASHAccess
                0x00001ed4       0x30 C:\Users\Fernando\Documents\LPCXpresso_8.2.2_650\workspace\TD2\Ejs_TPS\TD2CNC_BaseBoard_R00\Debug\libTD2CNC_BaseBoard_R00.a(board_sysinit.o)
 .text.Board_SetupMuxing
                0x00001f04       0x1c C:\Users\Fernando\Documents\LPCXpresso_8.2.2_650\workspace\TD2\Ejs_TPS\TD2CNC_BaseBoard_R00\Debug\libTD2CNC_BaseBoard_R00.a(board_sysinit.o)
                0x00001f04                Board_SetupMuxing
 .text.Board_SetupClocking
                0x00001f20       0x14 C:\Users\Fernando\Documents\LPCXpresso_8.2.2_650\workspace\TD2\Ejs_TPS\TD2CNC_BaseBoard_R00\Debug\libTD2CNC_BaseBoard_R00.a(board_sysinit.o)
                0x00001f20                Board_SetupClocking
 .text.Board_SystemInit
                0x00001f34       0x10 C:\Users\Fernando\Documents\LPCXpresso_8.2.2_650\workspace\TD2\Ejs_TPS\TD2CNC_BaseBoard_R00\Debug\libTD2CNC_BaseBoard_R00.a(board_sysinit.o)
                0x00001f34                Board_SystemInit
 .text.xQueueGenericReset
                0x00001f44       0xa4 C:\Users\Fernando\Documents\LPCXpresso_8.2.2_650\workspace\TD2\Ejs_TPS\LibFreeRTOS_8.2.3\Debug\libLibFreeRTOS_8.2.3.a(queue.o)
                0x00001f44                xQueueGenericReset
 .text.xQueueGenericCreate
                0x00001fe8       0x80 C:\Users\Fernando\Documents\LPCXpresso_8.2.2_650\workspace\TD2\Ejs_TPS\LibFreeRTOS_8.2.3\Debug\libLibFreeRTOS_8.2.3.a(queue.o)
                0x00001fe8                xQueueGenericCreate
 .text.xQueueGenericSend
                0x00002068      0x120 C:\Users\Fernando\Documents\LPCXpresso_8.2.2_650\workspace\TD2\Ejs_TPS\LibFreeRTOS_8.2.3\Debug\libLibFreeRTOS_8.2.3.a(queue.o)
                0x00002068                xQueueGenericSend
 .text.xQueueGenericSendFromISR
                0x00002188       0x88 C:\Users\Fernando\Documents\LPCXpresso_8.2.2_650\workspace\TD2\Ejs_TPS\LibFreeRTOS_8.2.3\Debug\libLibFreeRTOS_8.2.3.a(queue.o)
                0x00002188                xQueueGenericSendFromISR
 .text.xQueueGiveFromISR
                0x00002210       0x80 C:\Users\Fernando\Documents\LPCXpresso_8.2.2_650\workspace\TD2\Ejs_TPS\LibFreeRTOS_8.2.3\Debug\libLibFreeRTOS_8.2.3.a(queue.o)
                0x00002210                xQueueGiveFromISR
 .text.xQueueGenericReceive
                0x00002290      0x16c C:\Users\Fernando\Documents\LPCXpresso_8.2.2_650\workspace\TD2\Ejs_TPS\LibFreeRTOS_8.2.3\Debug\libLibFreeRTOS_8.2.3.a(queue.o)
                0x00002290                xQueueGenericReceive
 .text.prvCopyDataToQueue
                0x000023fc       0xd8 C:\Users\Fernando\Documents\LPCXpresso_8.2.2_650\workspace\TD2\Ejs_TPS\LibFreeRTOS_8.2.3\Debug\libLibFreeRTOS_8.2.3.a(queue.o)
 .text.prvCopyDataFromQueue
                0x000024d4       0x4c C:\Users\Fernando\Documents\LPCXpresso_8.2.2_650\workspace\TD2\Ejs_TPS\LibFreeRTOS_8.2.3\Debug\libLibFreeRTOS_8.2.3.a(queue.o)
 .text.prvUnlockQueue
                0x00002520       0x98 C:\Users\Fernando\Documents\LPCXpresso_8.2.2_650\workspace\TD2\Ejs_TPS\LibFreeRTOS_8.2.3\Debug\libLibFreeRTOS_8.2.3.a(queue.o)
 .text.prvIsQueueEmpty
                0x000025b8       0x2c C:\Users\Fernando\Documents\LPCXpresso_8.2.2_650\workspace\TD2\Ejs_TPS\LibFreeRTOS_8.2.3\Debug\libLibFreeRTOS_8.2.3.a(queue.o)
 .text.prvIsQueueFull
                0x000025e4       0x30 C:\Users\Fernando\Documents\LPCXpresso_8.2.2_650\workspace\TD2\Ejs_TPS\LibFreeRTOS_8.2.3\Debug\libLibFreeRTOS_8.2.3.a(queue.o)
 .text.xTaskGenericCreate
                0x00002614      0x13c C:\Users\Fernando\Documents\LPCXpresso_8.2.2_650\workspace\TD2\Ejs_TPS\LibFreeRTOS_8.2.3\Debug\libLibFreeRTOS_8.2.3.a(tasks.o)
                0x00002614                xTaskGenericCreate
 .text.vTaskDelete
                0x00002750       0xd8 C:\Users\Fernando\Documents\LPCXpresso_8.2.2_650\workspace\TD2\Ejs_TPS\LibFreeRTOS_8.2.3\Debug\libLibFreeRTOS_8.2.3.a(tasks.o)
                0x00002750                vTaskDelete
 .text.vTaskDelayUntil
                0x00002828       0xbc C:\Users\Fernando\Documents\LPCXpresso_8.2.2_650\workspace\TD2\Ejs_TPS\LibFreeRTOS_8.2.3\Debug\libLibFreeRTOS_8.2.3.a(tasks.o)
                0x00002828                vTaskDelayUntil
 .text.vTaskDelay
                0x000028e4       0x74 C:\Users\Fernando\Documents\LPCXpresso_8.2.2_650\workspace\TD2\Ejs_TPS\LibFreeRTOS_8.2.3\Debug\libLibFreeRTOS_8.2.3.a(tasks.o)
                0x000028e4                vTaskDelay
 .text.vTaskStartScheduler
                0x00002958       0x64 C:\Users\Fernando\Documents\LPCXpresso_8.2.2_650\workspace\TD2\Ejs_TPS\LibFreeRTOS_8.2.3\Debug\libLibFreeRTOS_8.2.3.a(tasks.o)
                0x00002958                vTaskStartScheduler
 .text.vTaskSuspendAll
                0x000029bc       0x1c C:\Users\Fernando\Documents\LPCXpresso_8.2.2_650\workspace\TD2\Ejs_TPS\LibFreeRTOS_8.2.3\Debug\libLibFreeRTOS_8.2.3.a(tasks.o)
                0x000029bc                vTaskSuspendAll
 .text.xTaskResumeAll
                0x000029d8       0xfc C:\Users\Fernando\Documents\LPCXpresso_8.2.2_650\workspace\TD2\Ejs_TPS\LibFreeRTOS_8.2.3\Debug\libLibFreeRTOS_8.2.3.a(tasks.o)
                0x000029d8                xTaskResumeAll
 .text.xTaskGetTickCount
                0x00002ad4       0x1c C:\Users\Fernando\Documents\LPCXpresso_8.2.2_650\workspace\TD2\Ejs_TPS\LibFreeRTOS_8.2.3\Debug\libLibFreeRTOS_8.2.3.a(tasks.o)
                0x00002ad4                xTaskGetTickCount
 .text.xTaskIncrementTick
                0x00002af0      0x15c C:\Users\Fernando\Documents\LPCXpresso_8.2.2_650\workspace\TD2\Ejs_TPS\LibFreeRTOS_8.2.3\Debug\libLibFreeRTOS_8.2.3.a(tasks.o)
                0x00002af0                xTaskIncrementTick
 .text.vTaskSwitchContext
                0x00002c4c       0x8c C:\Users\Fernando\Documents\LPCXpresso_8.2.2_650\workspace\TD2\Ejs_TPS\LibFreeRTOS_8.2.3\Debug\libLibFreeRTOS_8.2.3.a(tasks.o)
                0x00002c4c                vTaskSwitchContext
 .text.vTaskPlaceOnEventList
                0x00002cd8       0x84 C:\Users\Fernando\Documents\LPCXpresso_8.2.2_650\workspace\TD2\Ejs_TPS\LibFreeRTOS_8.2.3\Debug\libLibFreeRTOS_8.2.3.a(tasks.o)
                0x00002cd8                vTaskPlaceOnEventList
 .text.xTaskRemoveFromEventList
                0x00002d5c       0xa8 C:\Users\Fernando\Documents\LPCXpresso_8.2.2_650\workspace\TD2\Ejs_TPS\LibFreeRTOS_8.2.3\Debug\libLibFreeRTOS_8.2.3.a(tasks.o)
                0x00002d5c                xTaskRemoveFromEventList
 .text.vTaskSetTimeOutState
                0x00002e04       0x2c C:\Users\Fernando\Documents\LPCXpresso_8.2.2_650\workspace\TD2\Ejs_TPS\LibFreeRTOS_8.2.3\Debug\libLibFreeRTOS_8.2.3.a(tasks.o)
                0x00002e04                vTaskSetTimeOutState
 .text.xTaskCheckForTimeOut
                0x00002e30       0x88 C:\Users\Fernando\Documents\LPCXpresso_8.2.2_650\workspace\TD2\Ejs_TPS\LibFreeRTOS_8.2.3\Debug\libLibFreeRTOS_8.2.3.a(tasks.o)
                0x00002e30                xTaskCheckForTimeOut
 .text.vTaskMissedYield
                0x00002eb8       0x18 C:\Users\Fernando\Documents\LPCXpresso_8.2.2_650\workspace\TD2\Ejs_TPS\LibFreeRTOS_8.2.3\Debug\libLibFreeRTOS_8.2.3.a(tasks.o)
                0x00002eb8                vTaskMissedYield
 .text.prvIdleTask
                0x00002ed0       0x24 C:\Users\Fernando\Documents\LPCXpresso_8.2.2_650\workspace\TD2\Ejs_TPS\LibFreeRTOS_8.2.3\Debug\libLibFreeRTOS_8.2.3.a(tasks.o)
 .text.prvInitialiseTCBVariables
                0x00002ef4       0xa8 C:\Users\Fernando\Documents\LPCXpresso_8.2.2_650\workspace\TD2\Ejs_TPS\LibFreeRTOS_8.2.3\Debug\libLibFreeRTOS_8.2.3.a(tasks.o)
 .text.prvInitialiseTaskLists
                0x00002f9c       0x80 C:\Users\Fernando\Documents\LPCXpresso_8.2.2_650\workspace\TD2\Ejs_TPS\LibFreeRTOS_8.2.3\Debug\libLibFreeRTOS_8.2.3.a(tasks.o)
 .text.prvCheckTasksWaitingTermination
                0x0000301c       0x78 C:\Users\Fernando\Documents\LPCXpresso_8.2.2_650\workspace\TD2\Ejs_TPS\LibFreeRTOS_8.2.3\Debug\libLibFreeRTOS_8.2.3.a(tasks.o)
 .text.prvAddCurrentTaskToDelayedList
                0x00003094       0x6c C:\Users\Fernando\Documents\LPCXpresso_8.2.2_650\workspace\TD2\Ejs_TPS\LibFreeRTOS_8.2.3\Debug\libLibFreeRTOS_8.2.3.a(tasks.o)
 .text.prvAllocateTCBAndStack
                0x00003100       0x6c C:\Users\Fernando\Documents\LPCXpresso_8.2.2_650\workspace\TD2\Ejs_TPS\LibFreeRTOS_8.2.3\Debug\libLibFreeRTOS_8.2.3.a(tasks.o)
 .text.prvDeleteTCB
                0x0000316c       0x20 C:\Users\Fernando\Documents\LPCXpresso_8.2.2_650\workspace\TD2\Ejs_TPS\LibFreeRTOS_8.2.3\Debug\libLibFreeRTOS_8.2.3.a(tasks.o)
 .text.prvResetNextTaskUnblockTime
                0x0000318c       0x48 C:\Users\Fernando\Documents\LPCXpresso_8.2.2_650\workspace\TD2\Ejs_TPS\LibFreeRTOS_8.2.3\Debug\libLibFreeRTOS_8.2.3.a(tasks.o)
 .text.vTaskPriorityInherit
                0x000031d4       0xec C:\Users\Fernando\Documents\LPCXpresso_8.2.2_650\workspace\TD2\Ejs_TPS\LibFreeRTOS_8.2.3\Debug\libLibFreeRTOS_8.2.3.a(tasks.o)
                0x000031d4                vTaskPriorityInherit
 .text.xTaskPriorityDisinherit
                0x000032c0       0xc8 C:\Users\Fernando\Documents\LPCXpresso_8.2.2_650\workspace\TD2\Ejs_TPS\LibFreeRTOS_8.2.3\Debug\libLibFreeRTOS_8.2.3.a(tasks.o)
                0x000032c0                xTaskPriorityDisinherit
 .text.pvTaskIncrementMutexHeldCount
                0x00003388       0x28 C:\Users\Fernando\Documents\LPCXpresso_8.2.2_650\workspace\TD2\Ejs_TPS\LibFreeRTOS_8.2.3\Debug\libLibFreeRTOS_8.2.3.a(tasks.o)
                0x00003388                pvTaskIncrementMutexHeldCount
 .text.pvPortMalloc
                0x000033b0       0x8c C:\Users\Fernando\Documents\LPCXpresso_8.2.2_650\workspace\TD2\Ejs_TPS\LibFreeRTOS_8.2.3\Debug\libLibFreeRTOS_8.2.3.a(heap_1.o)
                0x000033b0                pvPortMalloc
 .text.vPortFree
                0x0000343c       0x14 C:\Users\Fernando\Documents\LPCXpresso_8.2.2_650\workspace\TD2\Ejs_TPS\LibFreeRTOS_8.2.3\Debug\libLibFreeRTOS_8.2.3.a(heap_1.o)
                0x0000343c                vPortFree
 .text.pxPortInitialiseStack
                0x00003450       0x54 C:\Users\Fernando\Documents\LPCXpresso_8.2.2_650\workspace\TD2\Ejs_TPS\LibFreeRTOS_8.2.3\Debug\libLibFreeRTOS_8.2.3.a(port.o)
                0x00003450                pxPortInitialiseStack
 .text.prvTaskExitError
                0x000034a4        0xc C:\Users\Fernando\Documents\LPCXpresso_8.2.2_650\workspace\TD2\Ejs_TPS\LibFreeRTOS_8.2.3\Debug\libLibFreeRTOS_8.2.3.a(port.o)
 .text.SVC_Handler
                0x000034b0       0x28 C:\Users\Fernando\Documents\LPCXpresso_8.2.2_650\workspace\TD2\Ejs_TPS\LibFreeRTOS_8.2.3\Debug\libLibFreeRTOS_8.2.3.a(port.o)
                0x000034b0                SVC_Handler
 .text.prvPortStartFirstTask
                0x000034d8       0x20 C:\Users\Fernando\Documents\LPCXpresso_8.2.2_650\workspace\TD2\Ejs_TPS\LibFreeRTOS_8.2.3\Debug\libLibFreeRTOS_8.2.3.a(port.o)
 .text.xPortStartScheduler
                0x000034f8       0x3c C:\Users\Fernando\Documents\LPCXpresso_8.2.2_650\workspace\TD2\Ejs_TPS\LibFreeRTOS_8.2.3\Debug\libLibFreeRTOS_8.2.3.a(port.o)
                0x000034f8                xPortStartScheduler
 .text.vPortYield
                0x00003534       0x20 C:\Users\Fernando\Documents\LPCXpresso_8.2.2_650\workspace\TD2\Ejs_TPS\LibFreeRTOS_8.2.3\Debug\libLibFreeRTOS_8.2.3.a(port.o)
                0x00003534                vPortYield
 .text.vPortEnterCritical
                0x00003554       0x24 C:\Users\Fernando\Documents\LPCXpresso_8.2.2_650\workspace\TD2\Ejs_TPS\LibFreeRTOS_8.2.3\Debug\libLibFreeRTOS_8.2.3.a(port.o)
                0x00003554                vPortEnterCritical
 .text.vPortExitCritical
                0x00003578       0x24 C:\Users\Fernando\Documents\LPCXpresso_8.2.2_650\workspace\TD2\Ejs_TPS\LibFreeRTOS_8.2.3\Debug\libLibFreeRTOS_8.2.3.a(port.o)
                0x00003578                vPortExitCritical
 .text.ulPortSetInterruptMask
                0x0000359c       0x14 C:\Users\Fernando\Documents\LPCXpresso_8.2.2_650\workspace\TD2\Ejs_TPS\LibFreeRTOS_8.2.3\Debug\libLibFreeRTOS_8.2.3.a(port.o)
                0x0000359c                ulPortSetInterruptMask
 .text.vPortClearInterruptMask
                0x000035b0        0x8 C:\Users\Fernando\Documents\LPCXpresso_8.2.2_650\workspace\TD2\Ejs_TPS\LibFreeRTOS_8.2.3\Debug\libLibFreeRTOS_8.2.3.a(port.o)
                0x000035b0                vPortClearInterruptMask
 .text.PendSV_Handler
                0x000035b8       0x48 C:\Users\Fernando\Documents\LPCXpresso_8.2.2_650\workspace\TD2\Ejs_TPS\LibFreeRTOS_8.2.3\Debug\libLibFreeRTOS_8.2.3.a(port.o)
                0x000035b8                PendSV_Handler
 .text.SysTick_Handler
                0x00003600       0x28 C:\Users\Fernando\Documents\LPCXpresso_8.2.2_650\workspace\TD2\Ejs_TPS\LibFreeRTOS_8.2.3\Debug\libLibFreeRTOS_8.2.3.a(port.o)
                0x00003600                SysTick_Handler
 .text.vPortSetupTimerInterrupt
                0x00003628       0x34 C:\Users\Fernando\Documents\LPCXpresso_8.2.2_650\workspace\TD2\Ejs_TPS\LibFreeRTOS_8.2.3\Debug\libLibFreeRTOS_8.2.3.a(port.o)
                0x00003628                vPortSetupTimerInterrupt
 .text.vListInitialise
                0x0000365c       0x40 C:\Users\Fernando\Documents\LPCXpresso_8.2.2_650\workspace\TD2\Ejs_TPS\LibFreeRTOS_8.2.3\Debug\libLibFreeRTOS_8.2.3.a(list.o)
                0x0000365c                vListInitialise
 .text.vListInitialiseItem
                0x0000369c       0x18 C:\Users\Fernando\Documents\LPCXpresso_8.2.2_650\workspace\TD2\Ejs_TPS\LibFreeRTOS_8.2.3\Debug\libLibFreeRTOS_8.2.3.a(list.o)
                0x0000369c                vListInitialiseItem
 .text.vListInsertEnd
                0x000036b4       0x48 C:\Users\Fernando\Documents\LPCXpresso_8.2.2_650\workspace\TD2\Ejs_TPS\LibFreeRTOS_8.2.3\Debug\libLibFreeRTOS_8.2.3.a(list.o)
                0x000036b4                vListInsertEnd
 .text.vListInsert
                0x000036fc       0x70 C:\Users\Fernando\Documents\LPCXpresso_8.2.2_650\workspace\TD2\Ejs_TPS\LibFreeRTOS_8.2.3\Debug\libLibFreeRTOS_8.2.3.a(list.o)
                0x000036fc                vListInsert
 .text.uxListRemove
                0x0000376c       0x54 C:\Users\Fernando\Documents\LPCXpresso_8.2.2_650\workspace\TD2\Ejs_TPS\LibFreeRTOS_8.2.3\Debug\libLibFreeRTOS_8.2.3.a(list.o)
                0x0000376c                uxListRemove
 .text.SystemCoreClockUpdate
                0x000037c0       0x18 C:\Users\Fernando\Documents\LPCXpresso_8.2.2_650\workspace\TD2\Ejs_TPS\lpc_chip_175x_6x\Debug\liblpc_chip_175x_6x.a(chip_17xx_40xx.o)
                0x000037c0                SystemCoreClockUpdate
 .text.Chip_Clock_IsMainPLLEnabled
                0x000037d8       0x24 C:\Users\Fernando\Documents\LPCXpresso_8.2.2_650\workspace\TD2\Ejs_TPS\lpc_chip_175x_6x\Debug\liblpc_chip_175x_6x.a(clock_17xx_40xx.o)
 .text.Chip_Clock_IsMainPLLConnected
                0x000037fc       0x24 C:\Users\Fernando\Documents\LPCXpresso_8.2.2_650\workspace\TD2\Ejs_TPS\lpc_chip_175x_6x\Debug\liblpc_chip_175x_6x.a(clock_17xx_40xx.o)
 .text.Chip_Clock_FeedPLL
                0x00003820       0x34 C:\Users\Fernando\Documents\LPCXpresso_8.2.2_650\workspace\TD2\Ejs_TPS\lpc_chip_175x_6x\Debug\liblpc_chip_175x_6x.a(clock_17xx_40xx.o)
 .text.Chip_Clock_GetMainPLLSource
                0x00003854       0x20 C:\Users\Fernando\Documents\LPCXpresso_8.2.2_650\workspace\TD2\Ejs_TPS\lpc_chip_175x_6x\Debug\liblpc_chip_175x_6x.a(clock_17xx_40xx.o)
 .text.Chip_Clock_GetMainOscRate
                0x00003874       0x14 C:\Users\Fernando\Documents\LPCXpresso_8.2.2_650\workspace\TD2\Ejs_TPS\lpc_chip_175x_6x\Debug\liblpc_chip_175x_6x.a(clock_17xx_40xx.o)
 .text.Chip_Clock_GetIntOscRate
                0x00003888       0x14 C:\Users\Fernando\Documents\LPCXpresso_8.2.2_650\workspace\TD2\Ejs_TPS\lpc_chip_175x_6x\Debug\liblpc_chip_175x_6x.a(clock_17xx_40xx.o)
 .text.Chip_Clock_GetRTCOscRate
                0x0000389c       0x14 C:\Users\Fernando\Documents\LPCXpresso_8.2.2_650\workspace\TD2\Ejs_TPS\lpc_chip_175x_6x\Debug\liblpc_chip_175x_6x.a(clock_17xx_40xx.o)
 .text.Chip_Clock_GetMainPLLInClockRate
                0x000038b0       0x10 C:\Users\Fernando\Documents\LPCXpresso_8.2.2_650\workspace\TD2\Ejs_TPS\lpc_chip_175x_6x\Debug\liblpc_chip_175x_6x.a(clock_17xx_40xx.o)
 .text.Chip_Clock_EnablePLL
                0x000038c0       0x44 C:\Users\Fernando\Documents\LPCXpresso_8.2.2_650\workspace\TD2\Ejs_TPS\lpc_chip_175x_6x\Debug\liblpc_chip_175x_6x.a(clock_17xx_40xx.o)
                0x000038c0                Chip_Clock_EnablePLL
 .text.Chip_Clock_DisablePLL
                0x00003904       0x48 C:\Users\Fernando\Documents\LPCXpresso_8.2.2_650\workspace\TD2\Ejs_TPS\lpc_chip_175x_6x\Debug\liblpc_chip_175x_6x.a(clock_17xx_40xx.o)
                0x00003904                Chip_Clock_DisablePLL
 .text.Chip_Clock_SetupPLL
                0x0000394c       0x5c C:\Users\Fernando\Documents\LPCXpresso_8.2.2_650\workspace\TD2\Ejs_TPS\lpc_chip_175x_6x\Debug\liblpc_chip_175x_6x.a(clock_17xx_40xx.o)
                0x0000394c                Chip_Clock_SetupPLL
 .text.Chip_Clock_EnablePeriphClock
                0x000039a8       0x34 C:\Users\Fernando\Documents\LPCXpresso_8.2.2_650\workspace\TD2\Ejs_TPS\lpc_chip_175x_6x\Debug\liblpc_chip_175x_6x.a(clock_17xx_40xx.o)
                0x000039a8                Chip_Clock_EnablePeriphClock
 .text.Chip_Clock_GetCPUClockSource
                0x000039dc       0x24 C:\Users\Fernando\Documents\LPCXpresso_8.2.2_650\workspace\TD2\Ejs_TPS\lpc_chip_175x_6x\Debug\liblpc_chip_175x_6x.a(clock_17xx_40xx.o)
                0x000039dc                Chip_Clock_GetCPUClockSource
 .text.Chip_Clock_SetCPUClockDiv
                0x00003a00       0x20 C:\Users\Fernando\Documents\LPCXpresso_8.2.2_650\workspace\TD2\Ejs_TPS\lpc_chip_175x_6x\Debug\liblpc_chip_175x_6x.a(clock_17xx_40xx.o)
                0x00003a00                Chip_Clock_SetCPUClockDiv
 .text.Chip_Clock_GetCPUClockDiv
                0x00003a20       0x1c C:\Users\Fernando\Documents\LPCXpresso_8.2.2_650\workspace\TD2\Ejs_TPS\lpc_chip_175x_6x\Debug\liblpc_chip_175x_6x.a(clock_17xx_40xx.o)
                0x00003a20                Chip_Clock_GetCPUClockDiv
 .text.Chip_Clock_GetPCLKDiv
                0x00003a3c       0x8c C:\Users\Fernando\Documents\LPCXpresso_8.2.2_650\workspace\TD2\Ejs_TPS\lpc_chip_175x_6x\Debug\liblpc_chip_175x_6x.a(clock_17xx_40xx.o)
                0x00003a3c                Chip_Clock_GetPCLKDiv
 .text.Chip_Clock_GetSYSCLKRate
                0x00003ac8       0x34 C:\Users\Fernando\Documents\LPCXpresso_8.2.2_650\workspace\TD2\Ejs_TPS\lpc_chip_175x_6x\Debug\liblpc_chip_175x_6x.a(clock_17xx_40xx.o)
                0x00003ac8                Chip_Clock_GetSYSCLKRate
 .text.Chip_Clock_GetMainPLLOutClockRate
                0x00003afc       0x54 C:\Users\Fernando\Documents\LPCXpresso_8.2.2_650\workspace\TD2\Ejs_TPS\lpc_chip_175x_6x\Debug\liblpc_chip_175x_6x.a(clock_17xx_40xx.o)
                0x00003afc                Chip_Clock_GetMainPLLOutClockRate
 .text.Chip_Clock_GetMainClockRate
                0x00003b50       0x28 C:\Users\Fernando\Documents\LPCXpresso_8.2.2_650\workspace\TD2\Ejs_TPS\lpc_chip_175x_6x\Debug\liblpc_chip_175x_6x.a(clock_17xx_40xx.o)
                0x00003b50                Chip_Clock_GetMainClockRate
 .text.Chip_Clock_GetSystemClockRate
                0x00003b78       0x18 C:\Users\Fernando\Documents\LPCXpresso_8.2.2_650\workspace\TD2\Ejs_TPS\lpc_chip_175x_6x\Debug\liblpc_chip_175x_6x.a(clock_17xx_40xx.o)
                0x00003b78                Chip_Clock_GetSystemClockRate
 .text.Chip_Clock_GetPeripheralClockRate
                0x00003b90       0x28 C:\Users\Fernando\Documents\LPCXpresso_8.2.2_650\workspace\TD2\Ejs_TPS\lpc_chip_175x_6x\Debug\liblpc_chip_175x_6x.a(clock_17xx_40xx.o)
                0x00003b90                Chip_Clock_GetPeripheralClockRate
 .text.Chip_IOCON_PinMuxSet
                0x00003bb8       0x38 C:\Users\Fernando\Documents\LPCXpresso_8.2.2_650\workspace\TD2\Ejs_TPS\lpc_chip_175x_6x\Debug\liblpc_chip_175x_6x.a(iocon_17xx_40xx.o)
                0x00003bb8                Chip_IOCON_PinMuxSet
 .text.Chip_IOCON_PinMux
                0x00003bf0       0x94 C:\Users\Fernando\Documents\LPCXpresso_8.2.2_650\workspace\TD2\Ejs_TPS\lpc_chip_175x_6x\Debug\liblpc_chip_175x_6x.a(iocon_17xx_40xx.o)
                0x00003bf0                Chip_IOCON_PinMux
 .text.Chip_IOCON_SetPinMuxing
                0x00003c84       0x64 C:\Users\Fernando\Documents\LPCXpresso_8.2.2_650\workspace\TD2\Ejs_TPS\lpc_chip_175x_6x\Debug\liblpc_chip_175x_6x.a(iocon_17xx_40xx.o)
                0x00003c84                Chip_IOCON_SetPinMuxing
 .text.Chip_Clock_IsMainPLLEnabled
                0x00003ce8       0x24 C:\Users\Fernando\Documents\LPCXpresso_8.2.2_650\workspace\TD2\Ejs_TPS\lpc_chip_175x_6x\Debug\liblpc_chip_175x_6x.a(sysinit_17xx_40xx.o)
 .text.Chip_Clock_IsMainPLLLocked
                0x00003d0c       0x24 C:\Users\Fernando\Documents\LPCXpresso_8.2.2_650\workspace\TD2\Ejs_TPS\lpc_chip_175x_6x\Debug\liblpc_chip_175x_6x.a(sysinit_17xx_40xx.o)
 .text.Chip_Clock_IsMainPLLConnected
                0x00003d30       0x24 C:\Users\Fernando\Documents\LPCXpresso_8.2.2_650\workspace\TD2\Ejs_TPS\lpc_chip_175x_6x\Debug\liblpc_chip_175x_6x.a(sysinit_17xx_40xx.o)
 .text.Chip_Clock_EnableCrystal
                0x00003d54       0x20 C:\Users\Fernando\Documents\LPCXpresso_8.2.2_650\workspace\TD2\Ejs_TPS\lpc_chip_175x_6x\Debug\liblpc_chip_175x_6x.a(sysinit_17xx_40xx.o)
 .text.Chip_Clock_IsCrystalEnabled
                0x00003d74       0x24 C:\Users\Fernando\Documents\LPCXpresso_8.2.2_650\workspace\TD2\Ejs_TPS\lpc_chip_175x_6x\Debug\liblpc_chip_175x_6x.a(sysinit_17xx_40xx.o)
 .text.Chip_Clock_SetMainPLLSource
                0x00003d98       0x20 C:\Users\Fernando\Documents\LPCXpresso_8.2.2_650\workspace\TD2\Ejs_TPS\lpc_chip_175x_6x\Debug\liblpc_chip_175x_6x.a(sysinit_17xx_40xx.o)
 .text.Chip_SetupXtalClocking
                0x00003db8       0x90 C:\Users\Fernando\Documents\LPCXpresso_8.2.2_650\workspace\TD2\Ejs_TPS\lpc_chip_175x_6x\Debug\liblpc_chip_175x_6x.a(sysinit_17xx_40xx.o)
                0x00003db8                Chip_SetupXtalClocking
 .text.Chip_Timer_GetClockIndex
                0x00003e48       0x50 C:\Users\Fernando\Documents\LPCXpresso_8.2.2_650\workspace\TD2\Ejs_TPS\lpc_chip_175x_6x\Debug\liblpc_chip_175x_6x.a(timer_17xx_40xx.o)
 .text.Chip_TIMER_Init
                0x00003e98       0x20 C:\Users\Fernando\Documents\LPCXpresso_8.2.2_650\workspace\TD2\Ejs_TPS\lpc_chip_175x_6x\Debug\liblpc_chip_175x_6x.a(timer_17xx_40xx.o)
                0x00003e98                Chip_TIMER_Init
 .text.Chip_TIMER_Reset
                0x00003eb8       0x3c C:\Users\Fernando\Documents\LPCXpresso_8.2.2_650\workspace\TD2\Ejs_TPS\lpc_chip_175x_6x\Debug\liblpc_chip_175x_6x.a(timer_17xx_40xx.o)
                0x00003eb8                Chip_TIMER_Reset
 .text.Chip_UART_SetupFIFOS
                0x00003ef4       0x1c C:\Users\Fernando\Documents\LPCXpresso_8.2.2_650\workspace\TD2\Ejs_TPS\lpc_chip_175x_6x\Debug\liblpc_chip_175x_6x.a(uart_17xx_40xx.o)
 .text.Chip_UART_ConfigData
                0x00003f10       0x1c C:\Users\Fernando\Documents\LPCXpresso_8.2.2_650\workspace\TD2\Ejs_TPS\lpc_chip_175x_6x\Debug\liblpc_chip_175x_6x.a(uart_17xx_40xx.o)
 .text.Chip_UART_EnableDivisorAccess
                0x00003f2c       0x20 C:\Users\Fernando\Documents\LPCXpresso_8.2.2_650\workspace\TD2\Ejs_TPS\lpc_chip_175x_6x\Debug\liblpc_chip_175x_6x.a(uart_17xx_40xx.o)
 .text.Chip_UART_DisableDivisorAccess
                0x00003f4c       0x20 C:\Users\Fernando\Documents\LPCXpresso_8.2.2_650\workspace\TD2\Ejs_TPS\lpc_chip_175x_6x\Debug\liblpc_chip_175x_6x.a(uart_17xx_40xx.o)
 .text.Chip_UART_SetDivisorLatches
                0x00003f6c       0x28 C:\Users\Fernando\Documents\LPCXpresso_8.2.2_650\workspace\TD2\Ejs_TPS\lpc_chip_175x_6x\Debug\liblpc_chip_175x_6x.a(uart_17xx_40xx.o)
 .text.Chip_UART_GetClockIndex
                0x00003f94       0x50 C:\Users\Fernando\Documents\LPCXpresso_8.2.2_650\workspace\TD2\Ejs_TPS\lpc_chip_175x_6x\Debug\liblpc_chip_175x_6x.a(uart_17xx_40xx.o)
 .text.Chip_UART_GetClkIndex
                0x00003fe4       0x50 C:\Users\Fernando\Documents\LPCXpresso_8.2.2_650\workspace\TD2\Ejs_TPS\lpc_chip_175x_6x\Debug\liblpc_chip_175x_6x.a(uart_17xx_40xx.o)
 .text.Chip_UART_Init
                0x00004034       0x78 C:\Users\Fernando\Documents\LPCXpresso_8.2.2_650\workspace\TD2\Ejs_TPS\lpc_chip_175x_6x\Debug\liblpc_chip_175x_6x.a(uart_17xx_40xx.o)
                0x00004034                Chip_UART_Init
 .text.Chip_UART_TXEnable
                0x000040ac       0x18 C:\Users\Fernando\Documents\LPCXpresso_8.2.2_650\workspace\TD2\Ejs_TPS\lpc_chip_175x_6x\Debug\liblpc_chip_175x_6x.a(uart_17xx_40xx.o)
                0x000040ac                Chip_UART_TXEnable
 .text.Chip_UART_TXDisable
                0x000040c4       0x18 C:\Users\Fernando\Documents\LPCXpresso_8.2.2_650\workspace\TD2\Ejs_TPS\lpc_chip_175x_6x\Debug\liblpc_chip_175x_6x.a(uart_17xx_40xx.o)
                0x000040c4                Chip_UART_TXDisable
 .text.Chip_UART_SetBaud
                0x000040dc       0x64 C:\Users\Fernando\Documents\LPCXpresso_8.2.2_650\workspace\TD2\Ejs_TPS\lpc_chip_175x_6x\Debug\liblpc_chip_175x_6x.a(uart_17xx_40xx.o)
                0x000040dc                Chip_UART_SetBaud
 .text.__main   0x00004140       0x14 c:/nxp/lpcxpresso_8.2.2_650/lpcxpresso/tools/bin/../lib/gcc/arm-none-eabi/5.4.1/../../../../arm-none-eabi/lib/armv7-m\libcr_semihost.a(_cr__main.o)
                0x00004140                __CR_SEMIHOST
                0x00004140                __main
 .text.memcpy   0x00004154        0x4 c:/nxp/lpcxpresso_8.2.2_650/lpcxpresso/tools/bin/../lib/gcc/arm-none-eabi/5.4.1/../../../../arm-none-eabi/lib/armv7-m\libcr_c.a(memcpy.o)
                0x00004154                memcpy
 .text.memset   0x00004158        0x4 c:/nxp/lpcxpresso_8.2.2_650/lpcxpresso/tools/bin/../lib/gcc/arm-none-eabi/5.4.1/../../../../arm-none-eabi/lib/armv7-m\libcr_c.a(memset.o)
                0x00004158                memset
 .text.fp_round
                0x0000415c       0x4c c:/nxp/lpcxpresso_8.2.2_650/lpcxpresso/tools/bin/../lib/gcc/arm-none-eabi/5.4.1/../../../../arm-none-eabi/lib/armv7-m\libcr_c.a(fpprintf.o)
 .text.pr_dec.constprop.1
                0x000041a8       0x26 c:/nxp/lpcxpresso_8.2.2_650/lpcxpresso/tools/bin/../lib/gcc/arm-none-eabi/5.4.1/../../../../arm-none-eabi/lib/armv7-m\libcr_c.a(fpprintf.o)
 *fill*         0x000041ce        0x2 ff
 .text.sprintf  0x000041d0       0x6c c:/nxp/lpcxpresso_8.2.2_650/lpcxpresso/tools/bin/../lib/gcc/arm-none-eabi/5.4.1/../../../../arm-none-eabi/lib/armv7-m\libcr_c.a(fpprintf.o)
                0x000041d0                sprintf
 *fill*         0x0000423c        0x4 ff
 .text.fp_display
                0x00004240      0x8ec c:/nxp/lpcxpresso_8.2.2_650/lpcxpresso/tools/bin/../lib/gcc/arm-none-eabi/5.4.1/../../../../arm-none-eabi/lib/armv7-m\libcr_c.a(fpprintf.o)
 .text._initio  0x00004b2c       0xa4 c:/nxp/lpcxpresso_8.2.2_650/lpcxpresso/tools/bin/../lib/gcc/arm-none-eabi/5.4.1/../../../../arm-none-eabi/lib/armv7-m\libcr_c.a(initio.o)
                0x00004b2c                _initio
 .text.__vfprintf
                0x00004bd0      0xd28 c:/nxp/lpcxpresso_8.2.2_650/lpcxpresso/tools/bin/../lib/gcc/arm-none-eabi/5.4.1/../../../../arm-none-eabi/lib/armv7-m\libcr_c.a(printf.o)
                0x00004bd0                __vfprintf
 .text.setvbuf  0x000058f8       0x40 c:/nxp/lpcxpresso_8.2.2_650/lpcxpresso/tools/bin/../lib/gcc/arm-none-eabi/5.4.1/../../../../arm-none-eabi/lib/armv7-m\libcr_c.a(setvbuf.o)
                0x000058f8                setvbuf
 .text.strlen   0x00005938       0x4a c:/nxp/lpcxpresso_8.2.2_650/lpcxpresso/tools/bin/../lib/gcc/arm-none-eabi/5.4.1/../../../../arm-none-eabi/lib/armv7-m\libcr_c.a(strlen.o)
                0x00005938                strlen
 .text._deferredlazyseek
                0x00005982       0x44 c:/nxp/lpcxpresso_8.2.2_650/lpcxpresso/tools/bin/../lib/gcc/arm-none-eabi/5.4.1/../../../../arm-none-eabi/lib/armv7-m\libcr_c.a(_deferredlazyseek.o)
                0x00005982                _deferredlazyseek
 .text.__flsbuf
                0x000059c6      0x140 c:/nxp/lpcxpresso_8.2.2_650/lpcxpresso/tools/bin/../lib/gcc/arm-none-eabi/5.4.1/../../../../arm-none-eabi/lib/armv7-m\libcr_c.a(_deferredlazyseek.o)
                0x000059c6                __flsbuf
 .text._fdopen  0x00005b06       0x6a c:/nxp/lpcxpresso_8.2.2_650/lpcxpresso/tools/bin/../lib/gcc/arm-none-eabi/5.4.1/../../../../arm-none-eabi/lib/armv7-m\libcr_c.a(_fdopen.o)
                0x00005b06                _fdopen
 .text._fflush  0x00005b70       0x58 c:/nxp/lpcxpresso_8.2.2_650/lpcxpresso/tools/bin/../lib/gcc/arm-none-eabi/5.4.1/../../../../arm-none-eabi/lib/armv7-m\libcr_c.a(_fflush.o)
                0x00005b70                _fflush
 .text._frexpl  0x00005bc8       0x5a c:/nxp/lpcxpresso_8.2.2_650/lpcxpresso/tools/bin/../lib/gcc/arm-none-eabi/5.4.1/../../../../arm-none-eabi/lib/armv7-m\libcr_c.a(_frexpl.o)
                0x00005bc8                _frexpl
 *fill*         0x00005c22        0x2 ff
 .text._ldexpl  0x00005c24       0x4c c:/nxp/lpcxpresso_8.2.2_650/lpcxpresso/tools/bin/../lib/gcc/arm-none-eabi/5.4.1/../../../../arm-none-eabi/lib/armv7-m\libcr_c.a(_ldexpl.o)
                0x00005c24                _ldexpl
 .text._Cwritebuf
                0x00005c70       0x68 c:/nxp/lpcxpresso_8.2.2_650/lpcxpresso/tools/bin/../lib/gcc/arm-none-eabi/5.4.1/../../../../arm-none-eabi/lib/armv7-m\libcr_c.a(_writebuf.o)
                0x00005c70                _Cwritebuf
 .text.malloc   0x00005cd8       0xc8 c:/nxp/lpcxpresso_8.2.2_650/lpcxpresso/tools/bin/../lib/gcc/arm-none-eabi/5.4.1/../../../../arm-none-eabi/lib/armv7-m\libcr_c.a(alloc.o)
                0x00005cd8                malloc
 .text.free     0x00005da0       0x30 c:/nxp/lpcxpresso_8.2.2_650/lpcxpresso/tools/bin/../lib/gcc/arm-none-eabi/5.4.1/../../../../arm-none-eabi/lib/armv7-m\libcr_c.a(alloc.o)
                0x00005da0                free
 .text._Csys_alloc
                0x00005dd0       0x20 c:/nxp/lpcxpresso_8.2.2_650/lpcxpresso/tools/bin/../lib/gcc/arm-none-eabi/5.4.1/../../../../arm-none-eabi/lib/armv7-m\libcr_c.a(alloc.o)
                0x00005dd0                _Csys_alloc
 .text.fclose   0x00005df0       0x6c c:/nxp/lpcxpresso_8.2.2_650/lpcxpresso/tools/bin/../lib/gcc/arm-none-eabi/5.4.1/../../../../arm-none-eabi/lib/armv7-m\libcr_c.a(fclose.o)
                0x00005df0                fclose
 .text.fflush   0x00005e5c       0x30 c:/nxp/lpcxpresso_8.2.2_650/lpcxpresso/tools/bin/../lib/gcc/arm-none-eabi/5.4.1/../../../../arm-none-eabi/lib/armv7-m\libcr_c.a(fflush.o)
                0x00005e5c                fflush
 .text.fseek    0x00005e8c      0x110 c:/nxp/lpcxpresso_8.2.2_650/lpcxpresso/tools/bin/../lib/gcc/arm-none-eabi/5.4.1/../../../../arm-none-eabi/lib/armv7-m\libcr_c.a(fseek.o)
                0x00005e8c                fseek
 .text.ftell    0x00005f9c       0x4c c:/nxp/lpcxpresso_8.2.2_650/lpcxpresso/tools/bin/../lib/gcc/arm-none-eabi/5.4.1/../../../../arm-none-eabi/lib/armv7-m\libcr_c.a(ftell.o)
                0x00005f9c                ftell
 .text.remove   0x00005fe8       0x14 c:/nxp/lpcxpresso_8.2.2_650/lpcxpresso/tools/bin/../lib/gcc/arm-none-eabi/5.4.1/../../../../arm-none-eabi/lib/armv7-m\libcr_c.a(remove.o)
                0x00005fe8                remove
 .text._sbrk    0x00005ffc       0x40 c:/nxp/lpcxpresso_8.2.2_650/lpcxpresso/tools/bin/../lib/gcc/arm-none-eabi/5.4.1/../../../../arm-none-eabi/lib/armv7-m\libcr_c.a(_cr_sbrk.o)
                0x00005ffc                _sbrk
 .text._do_fflush
                0x0000603c       0x44 c:/nxp/lpcxpresso_8.2.2_650/lpcxpresso/tools/bin/../lib/gcc/arm-none-eabi/5.4.1/../../../../arm-none-eabi/lib/armv7-m\libcr_c.a(_do_fflush.o)
                0x0000603c                _do_fflush
 .text.__check_heap_overflow
                0x00006080       0x18 c:/nxp/lpcxpresso_8.2.2_650/lpcxpresso/tools/bin/../lib/gcc/arm-none-eabi/5.4.1/../../../../arm-none-eabi/lib/armv7-m\libcr_c.a(_cr_check_heap.o)
                0x00006080                __check_heap_overflow
 .text.__aeabi_dmul
                0x00006098      0x110 c:/nxp/lpcxpresso_8.2.2_650/lpcxpresso/tools/bin/../lib/gcc/arm-none-eabi/5.4.1/armv7-m\libcr_eabihelpers.a(double.o)
                0x00006098                __aeabi_dmul
 .text.__aeabi_ddiv
                0x000061a8      0x138 c:/nxp/lpcxpresso_8.2.2_650/lpcxpresso/tools/bin/../lib/gcc/arm-none-eabi/5.4.1/armv7-m\libcr_eabihelpers.a(double.o)
                0x000061a8                __aeabi_ddiv
 .text.__aeabi_dsub
                0x000062e0      0x1a0 c:/nxp/lpcxpresso_8.2.2_650/lpcxpresso/tools/bin/../lib/gcc/arm-none-eabi/5.4.1/armv7-m\libcr_eabihelpers.a(double.o)
                0x000062e0                __aeabi_dsub
 .text.__aeabi_dadd
                0x00006480      0x10c c:/nxp/lpcxpresso_8.2.2_650/lpcxpresso/tools/bin/../lib/gcc/arm-none-eabi/5.4.1/armv7-m\libcr_eabihelpers.a(double.o)
                0x00006480                __aeabi_dadd
 .text.__aeabi_d2iz
                0x0000658c       0x40 c:/nxp/lpcxpresso_8.2.2_650/lpcxpresso/tools/bin/../lib/gcc/arm-none-eabi/5.4.1/armv7-m\libcr_eabihelpers.a(double.o)
                0x0000658c                __aeabi_d2iz
 .text.__bhs_ui2d
                0x000065cc       0x46 c:/nxp/lpcxpresso_8.2.2_650/lpcxpresso/tools/bin/../lib/gcc/arm-none-eabi/5.4.1/armv7-m\libcr_eabihelpers.a(double.o)
                0x000065cc                __bhs_ui2d
 .text.__aeabi_i2d
                0x00006612       0x10 c:/nxp/lpcxpresso_8.2.2_650/lpcxpresso/tools/bin/../lib/gcc/arm-none-eabi/5.4.1/armv7-m\libcr_eabihelpers.a(double.o)
                0x00006612                __aeabi_i2d
 .text.__aeabi_dcmpeq
                0x00006622       0x2c c:/nxp/lpcxpresso_8.2.2_650/lpcxpresso/tools/bin/../lib/gcc/arm-none-eabi/5.4.1/armv7-m\libcr_eabihelpers.a(double.o)
                0x00006622                __aeabi_dcmpeq
 .text.__aeabi_dcmplt
                0x0000664e       0x54 c:/nxp/lpcxpresso_8.2.2_650/lpcxpresso/tools/bin/../lib/gcc/arm-none-eabi/5.4.1/armv7-m\libcr_eabihelpers.a(double.o)
                0x0000664e                __aeabi_dcmplt
 .text.__aeabi_dcmple
                0x000066a2       0x54 c:/nxp/lpcxpresso_8.2.2_650/lpcxpresso/tools/bin/../lib/gcc/arm-none-eabi/5.4.1/armv7-m\libcr_eabihelpers.a(double.o)
                0x000066a2                __aeabi_dcmple
 .text.__aeabi_dcmpge
                0x000066f6       0x54 c:/nxp/lpcxpresso_8.2.2_650/lpcxpresso/tools/bin/../lib/gcc/arm-none-eabi/5.4.1/armv7-m\libcr_eabihelpers.a(double.o)
                0x000066f6                __aeabi_dcmpge
 *fill*         0x0000674a        0x2 ff
 .text.__aeabi_fdiv
                0x0000674c       0xc0 c:/nxp/lpcxpresso_8.2.2_650/lpcxpresso/tools/bin/../lib/gcc/arm-none-eabi/5.4.1/armv7-m\libcr_eabihelpers.a(float.o)
                0x0000674c                __aeabi_fdiv
 .text.__aeabi_f2uiz
                0x0000680c       0x28 c:/nxp/lpcxpresso_8.2.2_650/lpcxpresso/tools/bin/../lib/gcc/arm-none-eabi/5.4.1/armv7-m\libcr_eabihelpers.a(float.o)
                0x0000680c                __aeabi_f2uiz
 .text.__bhs_ui2f
                0x00006834       0x26 c:/nxp/lpcxpresso_8.2.2_650/lpcxpresso/tools/bin/../lib/gcc/arm-none-eabi/5.4.1/armv7-m\libcr_eabihelpers.a(float.o)
                0x00006834                __bhs_ui2f
 .text.__aeabi_i2f
                0x0000685a       0x10 c:/nxp/lpcxpresso_8.2.2_650/lpcxpresso/tools/bin/../lib/gcc/arm-none-eabi/5.4.1/armv7-m\libcr_eabihelpers.a(float.o)
                0x0000685a                __aeabi_i2f
 .text.__aeabi_fcmpgt
                0x0000686a       0x3a c:/nxp/lpcxpresso_8.2.2_650/lpcxpresso/tools/bin/../lib/gcc/arm-none-eabi/5.4.1/armv7-m\libcr_eabihelpers.a(float.o)
                0x0000686a                __aeabi_fcmpgt
 .text.__aeabi_memcpy
                0x000068a4       0x34 c:/nxp/lpcxpresso_8.2.2_650/lpcxpresso/tools/bin/../lib/gcc/arm-none-eabi/5.4.1/armv7-m\libcr_eabihelpers.a(memcpy.o)
                0x000068a4                __aeabi_memcpy
                0x000068ae                __aeabi_memcpy8
                0x000068ae                __aeabi_memcpy4
 .text.__aeabi_memset_lowlevel
                0x000068d8       0x32 c:/nxp/lpcxpresso_8.2.2_650/lpcxpresso/tools/bin/../lib/gcc/arm-none-eabi/5.4.1/armv7-m\libcr_eabihelpers.a(memcpy.o)
                0x000068d8                __aeabi_lowlevel_memset
 *fill*         0x0000690a        0x2 ff
 .text.__sys_appexit
                0x0000690c        0xc c:/nxp/lpcxpresso_8.2.2_650/lpcxpresso/tools/bin/../lib/gcc/arm-none-eabi/5.4.1/../../../../arm-none-eabi/lib/armv7-m\libcr_semihost.a(__sys_appexit.o)
                0x0000690c                __sys_appexit
                0x0000690c                __exit
 .text.__sys_close
                0x00006918        0xc c:/nxp/lpcxpresso_8.2.2_650/lpcxpresso/tools/bin/../lib/gcc/arm-none-eabi/5.4.1/../../../../arm-none-eabi/lib/armv7-m\libcr_semihost.a(__sys_close.o)
                0x00006918                __sys_close
 .text.__sys_flen
                0x00006924        0xc c:/nxp/lpcxpresso_8.2.2_650/lpcxpresso/tools/bin/../lib/gcc/arm-none-eabi/5.4.1/../../../../arm-none-eabi/lib/armv7-m\libcr_semihost.a(__sys_flen.o)
                0x00006924                __sys_flen
 .text.__sys_istty
                0x00006930        0xc c:/nxp/lpcxpresso_8.2.2_650/lpcxpresso/tools/bin/../lib/gcc/arm-none-eabi/5.4.1/../../../../arm-none-eabi/lib/armv7-m\libcr_semihost.a(__sys_istty.o)
                0x00006930                __sys_istty
 .text.__sys_remove
                0x0000693c        0xc c:/nxp/lpcxpresso_8.2.2_650/lpcxpresso/tools/bin/../lib/gcc/arm-none-eabi/5.4.1/../../../../arm-none-eabi/lib/armv7-m\libcr_semihost.a(__sys_remove.o)
                0x0000693c                __sys_remove
 .text.__sys_seek
                0x00006948        0xc c:/nxp/lpcxpresso_8.2.2_650/lpcxpresso/tools/bin/../lib/gcc/arm-none-eabi/5.4.1/../../../../arm-none-eabi/lib/armv7-m\libcr_semihost.a(__sys_seek.o)
                0x00006948                __sys_seek
 .text.__sys_tmpnam
                0x00006954        0xc c:/nxp/lpcxpresso_8.2.2_650/lpcxpresso/tools/bin/../lib/gcc/arm-none-eabi/5.4.1/../../../../arm-none-eabi/lib/armv7-m\libcr_semihost.a(__sys_tmpnam.o)
                0x00006954                __sys_tmpnam
 .text.__sys_write
                0x00006960        0xc c:/nxp/lpcxpresso_8.2.2_650/lpcxpresso/tools/bin/../lib/gcc/arm-none-eabi/5.4.1/../../../../arm-none-eabi/lib/armv7-m\libcr_semihost.a(__sys_write.o)
                0x00006960                __sys_write
                0x00006960                __write
 *(.rodata .rodata.* .constdata .constdata.*)
 .rodata        0x0000696c       0x17 ./src/Display.o
 *fill*         0x00006983        0x1 ff
 .rodata        0x00006984       0x64 ./src/main.o
 .rodata.OscRateIn
                0x000069e8        0x4 C:\Users\Fernando\Documents\LPCXpresso_8.2.2_650\workspace\TD2\Ejs_TPS\TD2CNC_BaseBoard_R00\Debug\libTD2CNC_BaseBoard_R00.a(board.o)
                0x000069e8                OscRateIn
 .rodata.RTCOscRateIn
                0x000069ec        0x4 C:\Users\Fernando\Documents\LPCXpresso_8.2.2_650\workspace\TD2\Ejs_TPS\TD2CNC_BaseBoard_R00\Debug\libTD2CNC_BaseBoard_R00.a(board.o)
                0x000069ec                RTCOscRateIn
 .rodata.pinmuxing
                0x000069f0       0x3c C:\Users\Fernando\Documents\LPCXpresso_8.2.2_650\workspace\TD2\Ejs_TPS\TD2CNC_BaseBoard_R00\Debug\libTD2CNC_BaseBoard_R00.a(board_sysinit.o)
 .rodata        0x00006a2c        0x5 C:\Users\Fernando\Documents\LPCXpresso_8.2.2_650\workspace\TD2\Ejs_TPS\LibFreeRTOS_8.2.3\Debug\libLibFreeRTOS_8.2.3.a(tasks.o)
 .rodata.str1.1
                0x00006a31       0x34 c:/nxp/lpcxpresso_8.2.2_650/lpcxpresso/tools/bin/../lib/gcc/arm-none-eabi/5.4.1/../../../../arm-none-eabi/lib/armv7-m\libcr_c.a(fpprintf.o)
                                 0x35 (size before relaxing)
 .rodata.str1.1
                0x00006a65        0x4 c:/nxp/lpcxpresso_8.2.2_650/lpcxpresso/tools/bin/../lib/gcc/arm-none-eabi/5.4.1/../../../../arm-none-eabi/lib/armv7-m\libcr_c.a(initio.o)
 .rodata.str1.1
                0x00006a69       0x31 c:/nxp/lpcxpresso_8.2.2_650/lpcxpresso/tools/bin/../lib/gcc/arm-none-eabi/5.4.1/../../../../arm-none-eabi/lib/armv7-m\libcr_c.a(printf.o)
                                 0x38 (size before relaxing)
 *fill*         0x00006a9a        0x6 ff
 .rodata.__huge_vall
                0x00006aa0        0x8 c:/nxp/lpcxpresso_8.2.2_650/lpcxpresso/tools/bin/../lib/gcc/arm-none-eabi/5.4.1/../../../../arm-none-eabi/lib/armv7-m\libcr_c.a(_hugeval.o)
                0x00006aa0                __huge_vall
 .rodata.str1.1
                0x00006aa8       0x18 c:/nxp/lpcxpresso_8.2.2_650/lpcxpresso/tools/bin/../lib/gcc/arm-none-eabi/5.4.1/../../../../arm-none-eabi/lib/armv7-m\libcr_c.a(alloc.o)
                0x00006ac0                . = ALIGN (0x4)

.glue_7         0x00006ac0        0x0
 .glue_7        0x00006ac0        0x0 linker stubs

.glue_7t        0x00006ac0        0x0
 .glue_7t       0x00006ac0        0x0 linker stubs

.vfp11_veneer   0x00006ac0        0x0
 .vfp11_veneer  0x00006ac0        0x0 linker stubs

.v4_bx          0x00006ac0        0x0
 .v4_bx         0x00006ac0        0x0 linker stubs

.iplt           0x00006ac0        0x0
 .iplt          0x00006ac0        0x0 ./src/Display.o

.rel.dyn        0x00006ac0        0x0
 .rel.iplt      0x00006ac0        0x0 ./src/Display.o

.ARM.extab
 *(.ARM.extab* .gnu.linkonce.armextab.*)
                0x00006ac0                __exidx_start = .

.ARM.exidx
 *(.ARM.exidx* .gnu.linkonce.armexidx.*)
                0x00006ac0                __exidx_end = .
                0x00006ac0                _etext = .

.data_RAM2      0x2007c000        0x0 load address 0x00006ac0
 FILL mask 0xff
                [!provide]                PROVIDE (__start_data_RAM2, .)
 *(.ramfunc.$RAM2)
 *(.ramfunc.$RamAHB32)
 *(.data.$RAM2*)
 *(.data.$RamAHB32*)
                0x2007c000                . = ALIGN (0x4)
                [!provide]                PROVIDE (__end_data_RAM2, .)

.uninit_RESERVED
                0x10000000        0x0
 *(.bss.$RESERVED*)
                0x10000000                . = ALIGN (0x4)
                0x10000000                _end_uninit_RESERVED = .

.data           0x10000000        0x4 load address 0x00006ac0
 FILL mask 0xff
                0x10000000                _data = .
 *(vtable)
 *(.ramfunc*)
 *(.data*)
 .data.uxCriticalNesting
                0x10000000        0x4 C:\Users\Fernando\Documents\LPCXpresso_8.2.2_650\workspace\TD2\Ejs_TPS\LibFreeRTOS_8.2.3\Debug\libLibFreeRTOS_8.2.3.a(port.o)
                0x10000004                . = ALIGN (0x4)
                0x10000004                _edata = .

.igot.plt       0x10000004        0x0 load address 0x00006ac4
 .igot.plt      0x10000004        0x0 ./src/Display.o

.bss_RAM2       0x2007c000        0x0
                [!provide]                PROVIDE (__start_bss_RAM2, .)
 *(.bss.$RAM2*)
 *(.bss.$RamAHB32*)
                0x2007c000                . = ALIGN ((. != 0x0)?0x4:0x1)
                [!provide]                PROVIDE (__end_bss_RAM2, .)

.bss            0x10000004     0x3414
                0x10000004                _bss = .
 *(.bss*)
 .bss.vSystemInit_Handler
                0x10000004        0x4 ./src/main.o
                0x10000004                vSystemInit_Handler
 .bss.pxCurrentTCB
                0x10000008        0x4 C:\Users\Fernando\Documents\LPCXpresso_8.2.2_650\workspace\TD2\Ejs_TPS\LibFreeRTOS_8.2.3\Debug\libLibFreeRTOS_8.2.3.a(tasks.o)
                0x10000008                pxCurrentTCB
 .bss.pxReadyTasksLists
                0x1000000c       0xa0 C:\Users\Fernando\Documents\LPCXpresso_8.2.2_650\workspace\TD2\Ejs_TPS\LibFreeRTOS_8.2.3\Debug\libLibFreeRTOS_8.2.3.a(tasks.o)
 .bss.xDelayedTaskList1
                0x100000ac       0x14 C:\Users\Fernando\Documents\LPCXpresso_8.2.2_650\workspace\TD2\Ejs_TPS\LibFreeRTOS_8.2.3\Debug\libLibFreeRTOS_8.2.3.a(tasks.o)
 .bss.xDelayedTaskList2
                0x100000c0       0x14 C:\Users\Fernando\Documents\LPCXpresso_8.2.2_650\workspace\TD2\Ejs_TPS\LibFreeRTOS_8.2.3\Debug\libLibFreeRTOS_8.2.3.a(tasks.o)
 .bss.pxDelayedTaskList
                0x100000d4        0x4 C:\Users\Fernando\Documents\LPCXpresso_8.2.2_650\workspace\TD2\Ejs_TPS\LibFreeRTOS_8.2.3\Debug\libLibFreeRTOS_8.2.3.a(tasks.o)
 .bss.pxOverflowDelayedTaskList
                0x100000d8        0x4 C:\Users\Fernando\Documents\LPCXpresso_8.2.2_650\workspace\TD2\Ejs_TPS\LibFreeRTOS_8.2.3\Debug\libLibFreeRTOS_8.2.3.a(tasks.o)
 .bss.xPendingReadyList
                0x100000dc       0x14 C:\Users\Fernando\Documents\LPCXpresso_8.2.2_650\workspace\TD2\Ejs_TPS\LibFreeRTOS_8.2.3\Debug\libLibFreeRTOS_8.2.3.a(tasks.o)
 .bss.xTasksWaitingTermination
                0x100000f0       0x14 C:\Users\Fernando\Documents\LPCXpresso_8.2.2_650\workspace\TD2\Ejs_TPS\LibFreeRTOS_8.2.3\Debug\libLibFreeRTOS_8.2.3.a(tasks.o)
 .bss.uxTasksDeleted
                0x10000104        0x4 C:\Users\Fernando\Documents\LPCXpresso_8.2.2_650\workspace\TD2\Ejs_TPS\LibFreeRTOS_8.2.3\Debug\libLibFreeRTOS_8.2.3.a(tasks.o)
 .bss.xSuspendedTaskList
                0x10000108       0x14 C:\Users\Fernando\Documents\LPCXpresso_8.2.2_650\workspace\TD2\Ejs_TPS\LibFreeRTOS_8.2.3\Debug\libLibFreeRTOS_8.2.3.a(tasks.o)
 .bss.uxCurrentNumberOfTasks
                0x1000011c        0x4 C:\Users\Fernando\Documents\LPCXpresso_8.2.2_650\workspace\TD2\Ejs_TPS\LibFreeRTOS_8.2.3\Debug\libLibFreeRTOS_8.2.3.a(tasks.o)
 .bss.xTickCount
                0x10000120        0x4 C:\Users\Fernando\Documents\LPCXpresso_8.2.2_650\workspace\TD2\Ejs_TPS\LibFreeRTOS_8.2.3\Debug\libLibFreeRTOS_8.2.3.a(tasks.o)
 .bss.uxTopReadyPriority
                0x10000124        0x4 C:\Users\Fernando\Documents\LPCXpresso_8.2.2_650\workspace\TD2\Ejs_TPS\LibFreeRTOS_8.2.3\Debug\libLibFreeRTOS_8.2.3.a(tasks.o)
 .bss.xSchedulerRunning
                0x10000128        0x4 C:\Users\Fernando\Documents\LPCXpresso_8.2.2_650\workspace\TD2\Ejs_TPS\LibFreeRTOS_8.2.3\Debug\libLibFreeRTOS_8.2.3.a(tasks.o)
 .bss.uxPendedTicks
                0x1000012c        0x4 C:\Users\Fernando\Documents\LPCXpresso_8.2.2_650\workspace\TD2\Ejs_TPS\LibFreeRTOS_8.2.3\Debug\libLibFreeRTOS_8.2.3.a(tasks.o)
 .bss.xYieldPending
                0x10000130        0x4 C:\Users\Fernando\Documents\LPCXpresso_8.2.2_650\workspace\TD2\Ejs_TPS\LibFreeRTOS_8.2.3\Debug\libLibFreeRTOS_8.2.3.a(tasks.o)
 .bss.xNumOfOverflows
                0x10000134        0x4 C:\Users\Fernando\Documents\LPCXpresso_8.2.2_650\workspace\TD2\Ejs_TPS\LibFreeRTOS_8.2.3\Debug\libLibFreeRTOS_8.2.3.a(tasks.o)
 .bss.uxTaskNumber
                0x10000138        0x4 C:\Users\Fernando\Documents\LPCXpresso_8.2.2_650\workspace\TD2\Ejs_TPS\LibFreeRTOS_8.2.3\Debug\libLibFreeRTOS_8.2.3.a(tasks.o)
 .bss.xNextTaskUnblockTime
                0x1000013c        0x4 C:\Users\Fernando\Documents\LPCXpresso_8.2.2_650\workspace\TD2\Ejs_TPS\LibFreeRTOS_8.2.3\Debug\libLibFreeRTOS_8.2.3.a(tasks.o)
 .bss.uxSchedulerSuspended
                0x10000140        0x4 C:\Users\Fernando\Documents\LPCXpresso_8.2.2_650\workspace\TD2\Ejs_TPS\LibFreeRTOS_8.2.3\Debug\libLibFreeRTOS_8.2.3.a(tasks.o)
 .bss.ucHeap    0x10000144     0x2800 C:\Users\Fernando\Documents\LPCXpresso_8.2.2_650\workspace\TD2\Ejs_TPS\LibFreeRTOS_8.2.3\Debug\libLibFreeRTOS_8.2.3.a(heap_1.o)
 .bss.xNextFreeByte
                0x10002944        0x4 C:\Users\Fernando\Documents\LPCXpresso_8.2.2_650\workspace\TD2\Ejs_TPS\LibFreeRTOS_8.2.3\Debug\libLibFreeRTOS_8.2.3.a(heap_1.o)
 .bss.pucAlignedHeap.7740
                0x10002948        0x4 C:\Users\Fernando\Documents\LPCXpresso_8.2.2_650\workspace\TD2\Ejs_TPS\LibFreeRTOS_8.2.3\Debug\libLibFreeRTOS_8.2.3.a(heap_1.o)
 .bss.errno     0x1000294c        0x4 c:/nxp/lpcxpresso_8.2.2_650/lpcxpresso/tools/bin/../lib/gcc/arm-none-eabi/5.4.1/../../../../arm-none-eabi/lib/armv7-m\libcr_c.a(errno.o)
                0x1000294c                errno
 .bss._extra    0x10002950        0x4 c:/nxp/lpcxpresso_8.2.2_650/lpcxpresso/tools/bin/../lib/gcc/arm-none-eabi/5.4.1/../../../../arm-none-eabi/lib/armv7-m\libcr_c.a(initio.o)
                0x10002950                _extra
 .bss.__Ciob    0x10002954      0x140 c:/nxp/lpcxpresso_8.2.2_650/lpcxpresso/tools/bin/../lib/gcc/arm-none-eabi/5.4.1/../../../../arm-none-eabi/lib/armv7-m\libcr_c.a(stdio.o)
                0x10002954                __Ciob
 .bss.__heaps   0x10002a94        0x4 c:/nxp/lpcxpresso_8.2.2_650/lpcxpresso/tools/bin/../lib/gcc/arm-none-eabi/5.4.1/../../../../arm-none-eabi/lib/armv7-m\libcr_c.a(__init_alloc.o)
                0x10002a94                __heaps
 .bss.__end_of_heap
                0x10002a98        0x4 c:/nxp/lpcxpresso_8.2.2_650/lpcxpresso/tools/bin/../lib/gcc/arm-none-eabi/5.4.1/../../../../arm-none-eabi/lib/armv7-m\libcr_c.a(__init_alloc.o)
                0x10002a98                __end_of_heap
 *(COMMON)
 COMMON         0x10002a9c      0x904 ./src/Planner.o
                0x10002a9c                settings
                0x10002ae0                plan_block_buffer
 COMMON         0x100033a0       0x1c ./src/Stepper.o
                0x100033a0                st_auto_block
 COMMON         0x100033bc       0x58 ./src/main.o
                0x100033bc                xQueue_Rx
                0x100033c0                xQueue_Display
                0x100033c4                xsemTimer2
                0x100033c8                sys
                0x10003404                xQueue_MK
                0x10003408                xSemPulsador
                0x1000340c                xsemTimer1
                0x10003410                xsemTimer0
 COMMON         0x10003414        0x4 C:\Users\Fernando\Documents\LPCXpresso_8.2.2_650\workspace\TD2\Ejs_TPS\lpc_chip_175x_6x\Debug\liblpc_chip_175x_6x.a(chip_17xx_40xx.o)
                0x10003414                SystemCoreClock
                0x10003418                . = ALIGN (0x4)
                0x10003418                _ebss = .
                [!provide]                PROVIDE (end, .)

.noinit_RAM2    0x2007c000        0x0
 *(.noinit.$RAM2*)
 *(.noinit.$RamAHB32*)
                0x2007c000                . = ALIGN (0x4)

.noinit         0x10003418        0x0
                0x10003418                _noinit = .
 *(.noinit*)
                0x10003418                . = ALIGN (0x4)
                0x10003418                _end_noinit = .
                0x10003418                PROVIDE (_pvHeapStart, DEFINED (__user_heap_base)?__user_heap_base:.)
                0x10008000                PROVIDE (_vStackTop, DEFINED (__user_stack_top)?__user_stack_top:(__top_RamLoc32 - 0x0))
                0xefff74b2                PROVIDE (__valid_user_code_checksum, (0x0 - ((((((_vStackTop + (ResetISR + 0x1)) + (NMI_Handler + 0x1)) + (HardFault_Handler + 0x1)) + (DEFINED (MemManage_Handler)?MemManage_Handler:0x0 + 0x1)) + (DEFINED (BusFault_Handler)?BusFault_Handler:0x0 + 0x1)) + (DEFINED (UsageFault_Handler)?UsageFault_Handler:0x0 + 0x1))))
OUTPUT(TD2CNC-testHW2.axf elf32-littlearm)

.debug_info     0x00000000     0xa094
 .debug_info    0x00000000      0x2dd ./src/Display.o
 .debug_info    0x000002dd      0x6fc ./src/IRQHandlers.o
 .debug_info    0x000009d9      0x2f9 ./src/MatrixKeypad.o
 .debug_info    0x00000cd2      0x622 ./src/Planner.o
 .debug_info    0x000012f4      0x297 ./src/Serial.o
 .debug_info    0x0000158b      0x650 ./src/Stepper.o
 .debug_info    0x00001bdb      0x5b3 ./src/appinit.o
 .debug_info    0x0000218e      0x253 ./src/cr_startup_lpc175x_6x.o
 .debug_info    0x000023e1      0x487 ./src/main.o
 .debug_info    0x00002868      0x110 ./src/sysinit.o
 .debug_info    0x00002978     0x1b34 C:\Users\Fernando\Documents\LPCXpresso_8.2.2_650\workspace\TD2\Ejs_TPS\TD2CNC_BaseBoard_R00\Debug\libTD2CNC_BaseBoard_R00.a(board.o)
 .debug_info    0x000044ac      0x591 C:\Users\Fernando\Documents\LPCXpresso_8.2.2_650\workspace\TD2\Ejs_TPS\TD2CNC_BaseBoard_R00\Debug\libTD2CNC_BaseBoard_R00.a(board_sysinit.o)
 .debug_info    0x00004a3d      0xcc6 C:\Users\Fernando\Documents\LPCXpresso_8.2.2_650\workspace\TD2\Ejs_TPS\LibFreeRTOS_8.2.3\Debug\libLibFreeRTOS_8.2.3.a(queue.o)
 .debug_info    0x00005703     0x16b5 C:\Users\Fernando\Documents\LPCXpresso_8.2.2_650\workspace\TD2\Ejs_TPS\LibFreeRTOS_8.2.3\Debug\libLibFreeRTOS_8.2.3.a(tasks.o)
 .debug_info    0x00006db8      0x25b C:\Users\Fernando\Documents\LPCXpresso_8.2.2_650\workspace\TD2\Ejs_TPS\LibFreeRTOS_8.2.3\Debug\libLibFreeRTOS_8.2.3.a(heap_1.o)
 .debug_info    0x00007013      0x32d C:\Users\Fernando\Documents\LPCXpresso_8.2.2_650\workspace\TD2\Ejs_TPS\LibFreeRTOS_8.2.3\Debug\libLibFreeRTOS_8.2.3.a(port.o)
 .debug_info    0x00007340      0x2df C:\Users\Fernando\Documents\LPCXpresso_8.2.2_650\workspace\TD2\Ejs_TPS\LibFreeRTOS_8.2.3\Debug\libLibFreeRTOS_8.2.3.a(list.o)
 .debug_info    0x0000761f      0x51e C:\Users\Fernando\Documents\LPCXpresso_8.2.2_650\workspace\TD2\Ejs_TPS\lpc_chip_175x_6x\Debug\liblpc_chip_175x_6x.a(chip_17xx_40xx.o)
 .debug_info    0x00007b3d      0xb62 C:\Users\Fernando\Documents\LPCXpresso_8.2.2_650\workspace\TD2\Ejs_TPS\lpc_chip_175x_6x\Debug\liblpc_chip_175x_6x.a(clock_17xx_40xx.o)
 .debug_info    0x0000869f      0x2e9 C:\Users\Fernando\Documents\LPCXpresso_8.2.2_650\workspace\TD2\Ejs_TPS\lpc_chip_175x_6x\Debug\liblpc_chip_175x_6x.a(iocon_17xx_40xx.o)
 .debug_info    0x00008988      0x439 C:\Users\Fernando\Documents\LPCXpresso_8.2.2_650\workspace\TD2\Ejs_TPS\lpc_chip_175x_6x\Debug\liblpc_chip_175x_6x.a(sysinit_17xx_40xx.o)
 .debug_info    0x00008dc1      0x3f9 C:\Users\Fernando\Documents\LPCXpresso_8.2.2_650\workspace\TD2\Ejs_TPS\lpc_chip_175x_6x\Debug\liblpc_chip_175x_6x.a(timer_17xx_40xx.o)
 .debug_info    0x000091ba      0xeda C:\Users\Fernando\Documents\LPCXpresso_8.2.2_650\workspace\TD2\Ejs_TPS\lpc_chip_175x_6x\Debug\liblpc_chip_175x_6x.a(uart_17xx_40xx.o)

.debug_abbrev   0x00000000     0x24b8
 .debug_abbrev  0x00000000      0x129 ./src/Display.o
 .debug_abbrev  0x00000129      0x1a3 ./src/IRQHandlers.o
 .debug_abbrev  0x000002cc      0x117 ./src/MatrixKeypad.o
 .debug_abbrev  0x000003e3      0x183 ./src/Planner.o
 .debug_abbrev  0x00000566      0x117 ./src/Serial.o
 .debug_abbrev  0x0000067d      0x18e ./src/Stepper.o
 .debug_abbrev  0x0000080b      0x15e ./src/appinit.o
 .debug_abbrev  0x00000969       0xf5 ./src/cr_startup_lpc175x_6x.o
 .debug_abbrev  0x00000a5e      0x175 ./src/main.o
 .debug_abbrev  0x00000bd3       0xa3 ./src/sysinit.o
 .debug_abbrev  0x00000c76      0x38c C:\Users\Fernando\Documents\LPCXpresso_8.2.2_650\workspace\TD2\Ejs_TPS\TD2CNC_BaseBoard_R00\Debug\libTD2CNC_BaseBoard_R00.a(board.o)
 .debug_abbrev  0x00001002      0x15c C:\Users\Fernando\Documents\LPCXpresso_8.2.2_650\workspace\TD2\Ejs_TPS\TD2CNC_BaseBoard_R00\Debug\libTD2CNC_BaseBoard_R00.a(board_sysinit.o)
 .debug_abbrev  0x0000115e      0x1cc C:\Users\Fernando\Documents\LPCXpresso_8.2.2_650\workspace\TD2\Ejs_TPS\LibFreeRTOS_8.2.3\Debug\libLibFreeRTOS_8.2.3.a(queue.o)
 .debug_abbrev  0x0000132a      0x2ae C:\Users\Fernando\Documents\LPCXpresso_8.2.2_650\workspace\TD2\Ejs_TPS\LibFreeRTOS_8.2.3\Debug\libLibFreeRTOS_8.2.3.a(tasks.o)
 .debug_abbrev  0x000015d8      0x139 C:\Users\Fernando\Documents\LPCXpresso_8.2.2_650\workspace\TD2\Ejs_TPS\LibFreeRTOS_8.2.3\Debug\libLibFreeRTOS_8.2.3.a(heap_1.o)
 .debug_abbrev  0x00001711      0x1ad C:\Users\Fernando\Documents\LPCXpresso_8.2.2_650\workspace\TD2\Ejs_TPS\LibFreeRTOS_8.2.3\Debug\libLibFreeRTOS_8.2.3.a(port.o)
 .debug_abbrev  0x000018be       0xec C:\Users\Fernando\Documents\LPCXpresso_8.2.2_650\workspace\TD2\Ejs_TPS\LibFreeRTOS_8.2.3\Debug\libLibFreeRTOS_8.2.3.a(list.o)
 .debug_abbrev  0x000019aa      0x13c C:\Users\Fernando\Documents\LPCXpresso_8.2.2_650\workspace\TD2\Ejs_TPS\lpc_chip_175x_6x\Debug\liblpc_chip_175x_6x.a(chip_17xx_40xx.o)
 .debug_abbrev  0x00001ae6      0x2ec C:\Users\Fernando\Documents\LPCXpresso_8.2.2_650\workspace\TD2\Ejs_TPS\lpc_chip_175x_6x\Debug\liblpc_chip_175x_6x.a(clock_17xx_40xx.o)
 .debug_abbrev  0x00001dd2      0x126 C:\Users\Fernando\Documents\LPCXpresso_8.2.2_650\workspace\TD2\Ejs_TPS\lpc_chip_175x_6x\Debug\liblpc_chip_175x_6x.a(iocon_17xx_40xx.o)
 .debug_abbrev  0x00001ef8      0x175 C:\Users\Fernando\Documents\LPCXpresso_8.2.2_650\workspace\TD2\Ejs_TPS\lpc_chip_175x_6x\Debug\liblpc_chip_175x_6x.a(sysinit_17xx_40xx.o)
 .debug_abbrev  0x0000206d      0x163 C:\Users\Fernando\Documents\LPCXpresso_8.2.2_650\workspace\TD2\Ejs_TPS\lpc_chip_175x_6x\Debug\liblpc_chip_175x_6x.a(timer_17xx_40xx.o)
 .debug_abbrev  0x000021d0      0x2e8 C:\Users\Fernando\Documents\LPCXpresso_8.2.2_650\workspace\TD2\Ejs_TPS\lpc_chip_175x_6x\Debug\liblpc_chip_175x_6x.a(uart_17xx_40xx.o)

.debug_aranges  0x00000000      0xb70
 .debug_aranges
                0x00000000       0x20 ./src/Display.o
 .debug_aranges
                0x00000020       0x60 ./src/IRQHandlers.o
 .debug_aranges
                0x00000080       0x28 ./src/MatrixKeypad.o
 .debug_aranges
                0x000000a8       0x40 ./src/Planner.o
 .debug_aranges
                0x000000e8       0x20 ./src/Serial.o
 .debug_aranges
                0x00000108       0x58 ./src/Stepper.o
 .debug_aranges
                0x00000160       0x30 ./src/appinit.o
 .debug_aranges
                0x00000190       0x80 ./src/cr_startup_lpc175x_6x.o
 .debug_aranges
                0x00000210       0x48 ./src/main.o
 .debug_aranges
                0x00000258       0x20 ./src/sysinit.o
 .debug_aranges
                0x00000278      0x1c0 C:\Users\Fernando\Documents\LPCXpresso_8.2.2_650\workspace\TD2\Ejs_TPS\TD2CNC_BaseBoard_R00\Debug\libTD2CNC_BaseBoard_R00.a(board.o)
 .debug_aranges
                0x00000438       0x38 C:\Users\Fernando\Documents\LPCXpresso_8.2.2_650\workspace\TD2\Ejs_TPS\TD2CNC_BaseBoard_R00\Debug\libTD2CNC_BaseBoard_R00.a(board_sysinit.o)
 .debug_aranges
                0x00000470       0xf8 C:\Users\Fernando\Documents\LPCXpresso_8.2.2_650\workspace\TD2\Ejs_TPS\LibFreeRTOS_8.2.3\Debug\libLibFreeRTOS_8.2.3.a(queue.o)
 .debug_aranges
                0x00000568      0x1b8 C:\Users\Fernando\Documents\LPCXpresso_8.2.2_650\workspace\TD2\Ejs_TPS\LibFreeRTOS_8.2.3\Debug\libLibFreeRTOS_8.2.3.a(tasks.o)
 .debug_aranges
                0x00000720       0x38 C:\Users\Fernando\Documents\LPCXpresso_8.2.2_650\workspace\TD2\Ejs_TPS\LibFreeRTOS_8.2.3\Debug\libLibFreeRTOS_8.2.3.a(heap_1.o)
 .debug_aranges
                0x00000758       0x88 C:\Users\Fernando\Documents\LPCXpresso_8.2.2_650\workspace\TD2\Ejs_TPS\LibFreeRTOS_8.2.3\Debug\libLibFreeRTOS_8.2.3.a(port.o)
 .debug_aranges
                0x000007e0       0x40 C:\Users\Fernando\Documents\LPCXpresso_8.2.2_650\workspace\TD2\Ejs_TPS\LibFreeRTOS_8.2.3\Debug\libLibFreeRTOS_8.2.3.a(list.o)
 .debug_aranges
                0x00000820       0x38 C:\Users\Fernando\Documents\LPCXpresso_8.2.2_650\workspace\TD2\Ejs_TPS\lpc_chip_175x_6x\Debug\liblpc_chip_175x_6x.a(chip_17xx_40xx.o)
 .debug_aranges
                0x00000858      0x120 C:\Users\Fernando\Documents\LPCXpresso_8.2.2_650\workspace\TD2\Ejs_TPS\lpc_chip_175x_6x\Debug\liblpc_chip_175x_6x.a(clock_17xx_40xx.o)
 .debug_aranges
                0x00000978       0x30 C:\Users\Fernando\Documents\LPCXpresso_8.2.2_650\workspace\TD2\Ejs_TPS\lpc_chip_175x_6x\Debug\liblpc_chip_175x_6x.a(iocon_17xx_40xx.o)
 .debug_aranges
                0x000009a8       0x60 C:\Users\Fernando\Documents\LPCXpresso_8.2.2_650\workspace\TD2\Ejs_TPS\lpc_chip_175x_6x\Debug\liblpc_chip_175x_6x.a(sysinit_17xx_40xx.o)
 .debug_aranges
                0x00000a08       0x40 C:\Users\Fernando\Documents\LPCXpresso_8.2.2_650\workspace\TD2\Ejs_TPS\lpc_chip_175x_6x\Debug\liblpc_chip_175x_6x.a(timer_17xx_40xx.o)
 .debug_aranges
                0x00000a48      0x128 C:\Users\Fernando\Documents\LPCXpresso_8.2.2_650\workspace\TD2\Ejs_TPS\lpc_chip_175x_6x\Debug\liblpc_chip_175x_6x.a(uart_17xx_40xx.o)

.debug_ranges   0x00000000      0xa00
 .debug_ranges  0x00000000       0x10 ./src/Display.o
 .debug_ranges  0x00000010       0x50 ./src/IRQHandlers.o
 .debug_ranges  0x00000060       0x18 ./src/MatrixKeypad.o
 .debug_ranges  0x00000078       0x30 ./src/Planner.o
 .debug_ranges  0x000000a8       0x10 ./src/Serial.o
 .debug_ranges  0x000000b8       0x48 ./src/Stepper.o
 .debug_ranges  0x00000100       0x20 ./src/appinit.o
 .debug_ranges  0x00000120       0x70 ./src/cr_startup_lpc175x_6x.o
 .debug_ranges  0x00000190       0x38 ./src/main.o
 .debug_ranges  0x000001c8       0x10 ./src/sysinit.o
 .debug_ranges  0x000001d8      0x1b0 C:\Users\Fernando\Documents\LPCXpresso_8.2.2_650\workspace\TD2\Ejs_TPS\TD2CNC_BaseBoard_R00\Debug\libTD2CNC_BaseBoard_R00.a(board.o)
 .debug_ranges  0x00000388       0x28 C:\Users\Fernando\Documents\LPCXpresso_8.2.2_650\workspace\TD2\Ejs_TPS\TD2CNC_BaseBoard_R00\Debug\libTD2CNC_BaseBoard_R00.a(board_sysinit.o)
 .debug_ranges  0x000003b0       0xe8 C:\Users\Fernando\Documents\LPCXpresso_8.2.2_650\workspace\TD2\Ejs_TPS\LibFreeRTOS_8.2.3\Debug\libLibFreeRTOS_8.2.3.a(queue.o)
 .debug_ranges  0x00000498      0x1a8 C:\Users\Fernando\Documents\LPCXpresso_8.2.2_650\workspace\TD2\Ejs_TPS\LibFreeRTOS_8.2.3\Debug\libLibFreeRTOS_8.2.3.a(tasks.o)
 .debug_ranges  0x00000640       0x28 C:\Users\Fernando\Documents\LPCXpresso_8.2.2_650\workspace\TD2\Ejs_TPS\LibFreeRTOS_8.2.3\Debug\libLibFreeRTOS_8.2.3.a(heap_1.o)
 .debug_ranges  0x00000668       0x78 C:\Users\Fernando\Documents\LPCXpresso_8.2.2_650\workspace\TD2\Ejs_TPS\LibFreeRTOS_8.2.3\Debug\libLibFreeRTOS_8.2.3.a(port.o)
 .debug_ranges  0x000006e0       0x30 C:\Users\Fernando\Documents\LPCXpresso_8.2.2_650\workspace\TD2\Ejs_TPS\LibFreeRTOS_8.2.3\Debug\libLibFreeRTOS_8.2.3.a(list.o)
 .debug_ranges  0x00000710       0x28 C:\Users\Fernando\Documents\LPCXpresso_8.2.2_650\workspace\TD2\Ejs_TPS\lpc_chip_175x_6x\Debug\liblpc_chip_175x_6x.a(chip_17xx_40xx.o)
 .debug_ranges  0x00000738      0x110 C:\Users\Fernando\Documents\LPCXpresso_8.2.2_650\workspace\TD2\Ejs_TPS\lpc_chip_175x_6x\Debug\liblpc_chip_175x_6x.a(clock_17xx_40xx.o)
 .debug_ranges  0x00000848       0x20 C:\Users\Fernando\Documents\LPCXpresso_8.2.2_650\workspace\TD2\Ejs_TPS\lpc_chip_175x_6x\Debug\liblpc_chip_175x_6x.a(iocon_17xx_40xx.o)
 .debug_ranges  0x00000868       0x50 C:\Users\Fernando\Documents\LPCXpresso_8.2.2_650\workspace\TD2\Ejs_TPS\lpc_chip_175x_6x\Debug\liblpc_chip_175x_6x.a(sysinit_17xx_40xx.o)
 .debug_ranges  0x000008b8       0x30 C:\Users\Fernando\Documents\LPCXpresso_8.2.2_650\workspace\TD2\Ejs_TPS\lpc_chip_175x_6x\Debug\liblpc_chip_175x_6x.a(timer_17xx_40xx.o)
 .debug_ranges  0x000008e8      0x118 C:\Users\Fernando\Documents\LPCXpresso_8.2.2_650\workspace\TD2\Ejs_TPS\lpc_chip_175x_6x\Debug\liblpc_chip_175x_6x.a(uart_17xx_40xx.o)

.debug_macro    0x00000000     0x9eb9
 .debug_macro   0x00000000      0x34b ./src/Display.o
 .debug_macro   0x0000034b      0x892 ./src/Display.o
 .debug_macro   0x00000bdd       0x10 ./src/Display.o
 .debug_macro   0x00000bed      0x12d ./src/Display.o
 .debug_macro   0x00000d1a       0x16 ./src/Display.o
 .debug_macro   0x00000d30      0x5b2 ./src/Display.o
 .debug_macro   0x000012e2       0x22 ./src/Display.o
 .debug_macro   0x00001304       0x74 ./src/Display.o
 .debug_macro   0x00001378       0x10 ./src/Display.o
 .debug_macro   0x00001388       0x2d ./src/Display.o
 .debug_macro   0x000013b5       0x3a ./src/Display.o
 .debug_macro   0x000013ef       0x2d ./src/Display.o
 .debug_macro   0x0000141c      0xbb1 ./src/Display.o
 .debug_macro   0x00001fcd      0x22c ./src/Display.o
 .debug_macro   0x000021f9       0x42 ./src/Display.o
 .debug_macro   0x0000223b       0x52 ./src/Display.o
 .debug_macro   0x0000228d       0x78 ./src/Display.o
 .debug_macro   0x00002305       0x82 ./src/Display.o
 .debug_macro   0x00002387      0x48c ./src/Display.o
 .debug_macro   0x00002813       0x34 ./src/Display.o
 .debug_macro   0x00002847      0x4c5 ./src/Display.o
 .debug_macro   0x00002d0c      0x1b7 ./src/Display.o
 .debug_macro   0x00002ec3       0x10 ./src/Display.o
 .debug_macro   0x00002ed3      0x21b ./src/Display.o
 .debug_macro   0x000030ee      0x1b9 ./src/Display.o
 .debug_macro   0x000032a7       0x40 ./src/Display.o
 .debug_macro   0x000032e7       0x22 ./src/Display.o
 .debug_macro   0x00003309      0x162 ./src/Display.o
 .debug_macro   0x0000346b       0x94 ./src/Display.o
 .debug_macro   0x000034ff       0xb8 ./src/Display.o
 .debug_macro   0x000035b7       0x4c ./src/Display.o
 .debug_macro   0x00003603       0x16 ./src/Display.o
 .debug_macro   0x00003619      0x328 ./src/Display.o
 .debug_macro   0x00003941       0x49 ./src/Display.o
 .debug_macro   0x0000398a       0x16 ./src/Display.o
 .debug_macro   0x000039a0       0xca ./src/Display.o
 .debug_macro   0x00003a6a       0x11 ./src/Display.o
 .debug_macro   0x00003a7b      0x3a6 ./src/Display.o
 .debug_macro   0x00003e21       0x9a ./src/Display.o
 .debug_macro   0x00003ebb       0x20 ./src/Display.o
 .debug_macro   0x00003edb       0x28 ./src/Display.o
 .debug_macro   0x00003f03       0xe8 ./src/Display.o
 .debug_macro   0x00003feb      0x15d ./src/Display.o
 .debug_macro   0x00004148       0xd2 ./src/Display.o
 .debug_macro   0x0000421a       0x10 ./src/Display.o
 .debug_macro   0x0000422a       0x1f ./src/Display.o
 .debug_macro   0x00004249      0x3d1 ./src/Display.o
 .debug_macro   0x0000461a       0xc0 ./src/Display.o
 .debug_macro   0x000046da       0x9a ./src/Display.o
 .debug_macro   0x00004774       0xb0 ./src/Display.o
 .debug_macro   0x00004824       0x7f ./src/Display.o
 .debug_macro   0x000048a3       0x82 ./src/Display.o
 .debug_macro   0x00004925       0xc4 ./src/Display.o
 .debug_macro   0x000049e9      0x1c5 ./src/Display.o
 .debug_macro   0x00004bae       0x1c ./src/Display.o
 .debug_macro   0x00004bca       0x7c ./src/Display.o
 .debug_macro   0x00004c46       0x28 ./src/Display.o
 .debug_macro   0x00004c6e       0xf4 ./src/Display.o
 .debug_macro   0x00004d62      0x160 ./src/Display.o
 .debug_macro   0x00004ec2       0x10 ./src/Display.o
 .debug_macro   0x00004ed2       0x22 ./src/Display.o
 .debug_macro   0x00004ef4       0x7c ./src/Display.o
 .debug_macro   0x00004f70       0xd0 ./src/Display.o
 .debug_macro   0x00005040       0x5e ./src/Display.o
 .debug_macro   0x0000509e       0x58 ./src/Display.o
 .debug_macro   0x000050f6      0x34b ./src/IRQHandlers.o
 .debug_macro   0x00005441      0x34b ./src/MatrixKeypad.o
 .debug_macro   0x0000578c      0x34b ./src/Planner.o
 .debug_macro   0x00005ad7      0x34b ./src/Serial.o
 .debug_macro   0x00005e22      0x34b ./src/Stepper.o
 .debug_macro   0x0000616d      0x34b ./src/appinit.o
 .debug_macro   0x000064b8       0x1d ./src/cr_startup_lpc175x_6x.o
 .debug_macro   0x000064d5      0x34b ./src/main.o
 .debug_macro   0x00006820      0x217 ./src/sysinit.o
 .debug_macro   0x00006a37       0x7b ./src/sysinit.o
 .debug_macro   0x00006ab2       0x18 ./src/sysinit.o
 .debug_macro   0x00006aca      0x22e C:\Users\Fernando\Documents\LPCXpresso_8.2.2_650\workspace\TD2\Ejs_TPS\TD2CNC_BaseBoard_R00\Debug\libTD2CNC_BaseBoard_R00.a(board.o)
 .debug_macro   0x00006cf8      0x886 C:\Users\Fernando\Documents\LPCXpresso_8.2.2_650\workspace\TD2\Ejs_TPS\TD2CNC_BaseBoard_R00\Debug\libTD2CNC_BaseBoard_R00.a(board.o)
 .debug_macro   0x0000757e       0x12 C:\Users\Fernando\Documents\LPCXpresso_8.2.2_650\workspace\TD2\Ejs_TPS\TD2CNC_BaseBoard_R00\Debug\libTD2CNC_BaseBoard_R00.a(board.o)
 .debug_macro   0x00007590      0x217 C:\Users\Fernando\Documents\LPCXpresso_8.2.2_650\workspace\TD2\Ejs_TPS\TD2CNC_BaseBoard_R00\Debug\libTD2CNC_BaseBoard_R00.a(board_sysinit.o)
 .debug_macro   0x000077a7      0x303 C:\Users\Fernando\Documents\LPCXpresso_8.2.2_650\workspace\TD2\Ejs_TPS\LibFreeRTOS_8.2.3\Debug\libLibFreeRTOS_8.2.3.a(queue.o)
 .debug_macro   0x00007aaa      0x886 C:\Users\Fernando\Documents\LPCXpresso_8.2.2_650\workspace\TD2\Ejs_TPS\LibFreeRTOS_8.2.3\Debug\libLibFreeRTOS_8.2.3.a(queue.o)
 .debug_macro   0x00008330       0x28 C:\Users\Fernando\Documents\LPCXpresso_8.2.2_650\workspace\TD2\Ejs_TPS\LibFreeRTOS_8.2.3\Debug\libLibFreeRTOS_8.2.3.a(queue.o)
 .debug_macro   0x00008358      0x42a C:\Users\Fernando\Documents\LPCXpresso_8.2.2_650\workspace\TD2\Ejs_TPS\LibFreeRTOS_8.2.3\Debug\libLibFreeRTOS_8.2.3.a(queue.o)
 .debug_macro   0x00008782      0x33f C:\Users\Fernando\Documents\LPCXpresso_8.2.2_650\workspace\TD2\Ejs_TPS\LibFreeRTOS_8.2.3\Debug\libLibFreeRTOS_8.2.3.a(tasks.o)
 .debug_macro   0x00008ac1       0x91 C:\Users\Fernando\Documents\LPCXpresso_8.2.2_650\workspace\TD2\Ejs_TPS\LibFreeRTOS_8.2.3\Debug\libLibFreeRTOS_8.2.3.a(tasks.o)
 .debug_macro   0x00008b52       0x11 C:\Users\Fernando\Documents\LPCXpresso_8.2.2_650\workspace\TD2\Ejs_TPS\LibFreeRTOS_8.2.3\Debug\libLibFreeRTOS_8.2.3.a(tasks.o)
 .debug_macro   0x00008b63      0x2bb C:\Users\Fernando\Documents\LPCXpresso_8.2.2_650\workspace\TD2\Ejs_TPS\LibFreeRTOS_8.2.3\Debug\libLibFreeRTOS_8.2.3.a(heap_1.o)
 .debug_macro   0x00008e1e      0x333 C:\Users\Fernando\Documents\LPCXpresso_8.2.2_650\workspace\TD2\Ejs_TPS\LibFreeRTOS_8.2.3\Debug\libLibFreeRTOS_8.2.3.a(port.o)
 .debug_macro   0x00009151      0x29a C:\Users\Fernando\Documents\LPCXpresso_8.2.2_650\workspace\TD2\Ejs_TPS\LibFreeRTOS_8.2.3\Debug\libLibFreeRTOS_8.2.3.a(list.o)
 .debug_macro   0x000093eb      0x1cd C:\Users\Fernando\Documents\LPCXpresso_8.2.2_650\workspace\TD2\Ejs_TPS\lpc_chip_175x_6x\Debug\liblpc_chip_175x_6x.a(chip_17xx_40xx.o)
 .debug_macro   0x000095b8      0x1cd C:\Users\Fernando\Documents\LPCXpresso_8.2.2_650\workspace\TD2\Ejs_TPS\lpc_chip_175x_6x\Debug\liblpc_chip_175x_6x.a(clock_17xx_40xx.o)
 .debug_macro   0x00009785      0x1cd C:\Users\Fernando\Documents\LPCXpresso_8.2.2_650\workspace\TD2\Ejs_TPS\lpc_chip_175x_6x\Debug\liblpc_chip_175x_6x.a(iocon_17xx_40xx.o)
 .debug_macro   0x00009952      0x1cd C:\Users\Fernando\Documents\LPCXpresso_8.2.2_650\workspace\TD2\Ejs_TPS\lpc_chip_175x_6x\Debug\liblpc_chip_175x_6x.a(sysinit_17xx_40xx.o)
 .debug_macro   0x00009b1f      0x1cd C:\Users\Fernando\Documents\LPCXpresso_8.2.2_650\workspace\TD2\Ejs_TPS\lpc_chip_175x_6x\Debug\liblpc_chip_175x_6x.a(timer_17xx_40xx.o)
 .debug_macro   0x00009cec      0x1cd C:\Users\Fernando\Documents\LPCXpresso_8.2.2_650\workspace\TD2\Ejs_TPS\lpc_chip_175x_6x\Debug\liblpc_chip_175x_6x.a(uart_17xx_40xx.o)

.debug_line     0x00000000     0xa1ef
 .debug_line    0x00000000      0x799 ./src/Display.o
 .debug_line    0x00000799      0x867 ./src/IRQHandlers.o
 .debug_line    0x00001000      0x7b6 ./src/MatrixKeypad.o
 .debug_line    0x000017b6      0x84e ./src/Planner.o
 .debug_line    0x00002004      0x792 ./src/Serial.o
 .debug_line    0x00002796      0x871 ./src/Stepper.o
 .debug_line    0x00003007      0x7ce ./src/appinit.o
 .debug_line    0x000037d5       0xd5 ./src/cr_startup_lpc175x_6x.o
 .debug_line    0x000038aa      0x826 ./src/main.o
 .debug_line    0x000040d0      0x4aa ./src/sysinit.o
 .debug_line    0x0000457a      0xa52 C:\Users\Fernando\Documents\LPCXpresso_8.2.2_650\workspace\TD2\Ejs_TPS\TD2CNC_BaseBoard_R00\Debug\libTD2CNC_BaseBoard_R00.a(board.o)
 .debug_line    0x00004fcc      0x4ea C:\Users\Fernando\Documents\LPCXpresso_8.2.2_650\workspace\TD2\Ejs_TPS\TD2CNC_BaseBoard_R00\Debug\libTD2CNC_BaseBoard_R00.a(board_sysinit.o)
 .debug_line    0x000054b6      0x9d3 C:\Users\Fernando\Documents\LPCXpresso_8.2.2_650\workspace\TD2\Ejs_TPS\LibFreeRTOS_8.2.3\Debug\libLibFreeRTOS_8.2.3.a(queue.o)
 .debug_line    0x00005e89      0xea2 C:\Users\Fernando\Documents\LPCXpresso_8.2.2_650\workspace\TD2\Ejs_TPS\LibFreeRTOS_8.2.3\Debug\libLibFreeRTOS_8.2.3.a(tasks.o)
 .debug_line    0x00006d2b      0x679 C:\Users\Fernando\Documents\LPCXpresso_8.2.2_650\workspace\TD2\Ejs_TPS\LibFreeRTOS_8.2.3\Debug\libLibFreeRTOS_8.2.3.a(heap_1.o)
 .debug_line    0x000073a4      0x73f C:\Users\Fernando\Documents\LPCXpresso_8.2.2_650\workspace\TD2\Ejs_TPS\LibFreeRTOS_8.2.3\Debug\libLibFreeRTOS_8.2.3.a(port.o)
 .debug_line    0x00007ae3      0x685 C:\Users\Fernando\Documents\LPCXpresso_8.2.2_650\workspace\TD2\Ejs_TPS\LibFreeRTOS_8.2.3\Debug\libLibFreeRTOS_8.2.3.a(list.o)
 .debug_line    0x00008168      0x468 C:\Users\Fernando\Documents\LPCXpresso_8.2.2_650\workspace\TD2\Ejs_TPS\lpc_chip_175x_6x\Debug\liblpc_chip_175x_6x.a(chip_17xx_40xx.o)
 .debug_line    0x000085d0      0x6e4 C:\Users\Fernando\Documents\LPCXpresso_8.2.2_650\workspace\TD2\Ejs_TPS\lpc_chip_175x_6x\Debug\liblpc_chip_175x_6x.a(clock_17xx_40xx.o)
 .debug_line    0x00008cb4      0x454 C:\Users\Fernando\Documents\LPCXpresso_8.2.2_650\workspace\TD2\Ejs_TPS\lpc_chip_175x_6x\Debug\liblpc_chip_175x_6x.a(iocon_17xx_40xx.o)
 .debug_line    0x00009108      0x4de C:\Users\Fernando\Documents\LPCXpresso_8.2.2_650\workspace\TD2\Ejs_TPS\lpc_chip_175x_6x\Debug\liblpc_chip_175x_6x.a(sysinit_17xx_40xx.o)
 .debug_line    0x000095e6      0x479 C:\Users\Fernando\Documents\LPCXpresso_8.2.2_650\workspace\TD2\Ejs_TPS\lpc_chip_175x_6x\Debug\liblpc_chip_175x_6x.a(timer_17xx_40xx.o)
 .debug_line    0x00009a5f      0x790 C:\Users\Fernando\Documents\LPCXpresso_8.2.2_650\workspace\TD2\Ejs_TPS\lpc_chip_175x_6x\Debug\liblpc_chip_175x_6x.a(uart_17xx_40xx.o)

.debug_str      0x00000000    0x1d15b
 .debug_str     0x00000000    0x17b15 ./src/Display.o
                              0x17cf1 (size before relaxing)
 .debug_str     0x00017b15      0x1df ./src/IRQHandlers.o
                              0x17ea5 (size before relaxing)
 .debug_str     0x00017cf4       0x40 ./src/MatrixKeypad.o
                              0x17d17 (size before relaxing)
 .debug_str     0x00017d34      0x23f ./src/Planner.o
                              0x17ee2 (size before relaxing)
 .debug_str     0x00017f73       0x29 ./src/Serial.o
                              0x17cf0 (size before relaxing)
 .debug_str     0x00017f9c       0xae ./src/Stepper.o
                              0x17e93 (size before relaxing)
 .debug_str     0x0001804a       0x53 ./src/appinit.o
                              0x17e8f (size before relaxing)
 .debug_str     0x0001809d      0x197 ./src/cr_startup_lpc175x_6x.o
                               0x26b6 (size before relaxing)
 .debug_str     0x00018234       0xa2 ./src/main.o
                              0x17e67 (size before relaxing)
 .debug_str     0x000182d6       0x51 ./src/sysinit.o
                              0x114de (size before relaxing)
 .debug_str     0x00018327      0xe2b C:\Users\Fernando\Documents\LPCXpresso_8.2.2_650\workspace\TD2\Ejs_TPS\TD2CNC_BaseBoard_R00\Debug\libTD2CNC_BaseBoard_R00.a(board.o)
                              0x125fd (size before relaxing)
 .debug_str     0x00019152      0x22d C:\Users\Fernando\Documents\LPCXpresso_8.2.2_650\workspace\TD2\Ejs_TPS\TD2CNC_BaseBoard_R00\Debug\libTD2CNC_BaseBoard_R00.a(board_sysinit.o)
                              0x118de (size before relaxing)
 .debug_str     0x0001937f      0xe65 C:\Users\Fernando\Documents\LPCXpresso_8.2.2_650\workspace\TD2\Ejs_TPS\LibFreeRTOS_8.2.3\Debug\libLibFreeRTOS_8.2.3.a(queue.o)
                              0x16162 (size before relaxing)
 .debug_str     0x0001a1e4     0x1898 C:\Users\Fernando\Documents\LPCXpresso_8.2.2_650\workspace\TD2\Ejs_TPS\LibFreeRTOS_8.2.3\Debug\libLibFreeRTOS_8.2.3.a(tasks.o)
                              0x169e0 (size before relaxing)
 .debug_str     0x0001ba7c       0xe4 C:\Users\Fernando\Documents\LPCXpresso_8.2.2_650\workspace\TD2\Ejs_TPS\LibFreeRTOS_8.2.3\Debug\libLibFreeRTOS_8.2.3.a(heap_1.o)
                              0x15028 (size before relaxing)
 .debug_str     0x0001bb60      0x617 C:\Users\Fernando\Documents\LPCXpresso_8.2.2_650\workspace\TD2\Ejs_TPS\LibFreeRTOS_8.2.3\Debug\libLibFreeRTOS_8.2.3.a(port.o)
                              0x15528 (size before relaxing)
 .debug_str     0x0001c177       0x9b C:\Users\Fernando\Documents\LPCXpresso_8.2.2_650\workspace\TD2\Ejs_TPS\LibFreeRTOS_8.2.3\Debug\libLibFreeRTOS_8.2.3.a(list.o)
                              0x14739 (size before relaxing)
 .debug_str     0x0001c212       0xd1 C:\Users\Fernando\Documents\LPCXpresso_8.2.2_650\workspace\TD2\Ejs_TPS\lpc_chip_175x_6x\Debug\liblpc_chip_175x_6x.a(chip_17xx_40xx.o)
                              0x10b69 (size before relaxing)
 .debug_str     0x0001c2e3      0x857 C:\Users\Fernando\Documents\LPCXpresso_8.2.2_650\workspace\TD2\Ejs_TPS\lpc_chip_175x_6x\Debug\liblpc_chip_175x_6x.a(clock_17xx_40xx.o)
                              0x111d7 (size before relaxing)
 .debug_str     0x0001cb3a       0x74 C:\Users\Fernando\Documents\LPCXpresso_8.2.2_650\workspace\TD2\Ejs_TPS\lpc_chip_175x_6x\Debug\liblpc_chip_175x_6x.a(iocon_17xx_40xx.o)
                              0x10654 (size before relaxing)
 .debug_str     0x0001cbae       0xc4 C:\Users\Fernando\Documents\LPCXpresso_8.2.2_650\workspace\TD2\Ejs_TPS\lpc_chip_175x_6x\Debug\liblpc_chip_175x_6x.a(sysinit_17xx_40xx.o)
                              0x1083c (size before relaxing)
 .debug_str     0x0001cc72      0x131 C:\Users\Fernando\Documents\LPCXpresso_8.2.2_650\workspace\TD2\Ejs_TPS\lpc_chip_175x_6x\Debug\liblpc_chip_175x_6x.a(timer_17xx_40xx.o)
                              0x10985 (size before relaxing)
 .debug_str     0x0001cda3      0x3b8 C:\Users\Fernando\Documents\LPCXpresso_8.2.2_650\workspace\TD2\Ejs_TPS\lpc_chip_175x_6x\Debug\liblpc_chip_175x_6x.a(uart_17xx_40xx.o)
                              0x110ac (size before relaxing)

.comment        0x00000000       0xdc
 .comment       0x00000000       0x6e ./src/Display.o
                                 0x6f (size before relaxing)
 .comment       0x0000006e       0x6f ./src/IRQHandlers.o
 .comment       0x0000006e       0x6f ./src/MatrixKeypad.o
 .comment       0x0000006e       0x6f ./src/Planner.o
 .comment       0x0000006e       0x6f ./src/Serial.o
 .comment       0x0000006e       0x6f ./src/Stepper.o
 .comment       0x0000006e       0x6f ./src/appinit.o