Archive member included to satisfy reference by file (symbol)

C:\Users\Fernando\Documents\LPCXpresso_8.2.2_650\workspace\TD2\Ejs_TPS\TPO-TD2-v01\LPC_BaseBoardBB1769_R02\Debug\libLPC_BaseBoardBB1769_R02.a(board.o)
                              ./src/Planner.o (Board_LED_Set)
C:\Users\Fernando\Documents\LPCXpresso_8.2.2_650\workspace\TD2\Ejs_TPS\TPO-TD2-v01\LPC_BaseBoardBB1769_R02\Debug\libLPC_BaseBoardBB1769_R02.a(board_sysinit.o)
                              ./src/sysinit.o (Board_SystemInit)
C:\Users\Fernando\Documents\LPCXpresso_8.2.2_650\workspace\TD2\Ejs_TPS\TPO-TD2-v01\LibFreeRTOS_8.2.3\Debug\libLibFreeRTOS_8.2.3.a(queue.o)
                              ./src/Serial.o (xQueueGenericReset)
C:\Users\Fernando\Documents\LPCXpresso_8.2.2_650\workspace\TD2\Ejs_TPS\TPO-TD2-v01\LibFreeRTOS_8.2.3\Debug\libLibFreeRTOS_8.2.3.a(tasks.o)
                              ./src/GCodeDispatch.o (xTaskGenericCreate)
C:\Users\Fernando\Documents\LPCXpresso_8.2.2_650\workspace\TD2\Ejs_TPS\TPO-TD2-v01\LibFreeRTOS_8.2.3\Debug\libLibFreeRTOS_8.2.3.a(heap_2.o)
                              C:\Users\Fernando\Documents\LPCXpresso_8.2.2_650\workspace\TD2\Ejs_TPS\TPO-TD2-v01\LibFreeRTOS_8.2.3\Debug\libLibFreeRTOS_8.2.3.a(queue.o) (pvPortMalloc)
C:\Users\Fernando\Documents\LPCXpresso_8.2.2_650\workspace\TD2\Ejs_TPS\TPO-TD2-v01\LibFreeRTOS_8.2.3\Debug\libLibFreeRTOS_8.2.3.a(port.o)
                              C:\Users\Fernando\Documents\LPCXpresso_8.2.2_650\workspace\TD2\Ejs_TPS\TPO-TD2-v01\LibFreeRTOS_8.2.3\Debug\libLibFreeRTOS_8.2.3.a(tasks.o) (pxPortInitialiseStack)
C:\Users\Fernando\Documents\LPCXpresso_8.2.2_650\workspace\TD2\Ejs_TPS\TPO-TD2-v01\LibFreeRTOS_8.2.3\Debug\libLibFreeRTOS_8.2.3.a(list.o)
                              C:\Users\Fernando\Documents\LPCXpresso_8.2.2_650\workspace\TD2\Ejs_TPS\TPO-TD2-v01\LibFreeRTOS_8.2.3\Debug\libLibFreeRTOS_8.2.3.a(queue.o) (vListInitialise)
C:\Users\Fernando\Documents\LPCXpresso_8.2.2_650\workspace\TD2\Ejs_TPS\TPO-TD2-v01\lpc_chip_175x_6x\Debug\liblpc_chip_175x_6x.a(chip_17xx_40xx.o)
                              C:\Users\Fernando\Documents\LPCXpresso_8.2.2_650\workspace\TD2\Ejs_TPS\TPO-TD2-v01\LibFreeRTOS_8.2.3\Debug\libLibFreeRTOS_8.2.3.a(port.o) (SystemCoreClock)
C:\Users\Fernando\Documents\LPCXpresso_8.2.2_650\workspace\TD2\Ejs_TPS\TPO-TD2-v01\lpc_chip_175x_6x\Debug\liblpc_chip_175x_6x.a(clock_17xx_40xx.o)
                              C:\Users\Fernando\Documents\LPCXpresso_8.2.2_650\workspace\TD2\Ejs_TPS\TPO-TD2-v01\lpc_chip_175x_6x\Debug\liblpc_chip_175x_6x.a(chip_17xx_40xx.o) (Chip_Clock_EnablePLL)
C:\Users\Fernando\Documents\LPCXpresso_8.2.2_650\workspace\TD2\Ejs_TPS\TPO-TD2-v01\lpc_chip_175x_6x\Debug\liblpc_chip_175x_6x.a(iocon_17xx_40xx.o)
                              C:\Users\Fernando\Documents\LPCXpresso_8.2.2_650\workspace\TD2\Ejs_TPS\TPO-TD2-v01\LPC_BaseBoardBB1769_R02\Debug\libLPC_BaseBoardBB1769_R02.a(board.o) (Chip_IOCON_PinMux)
C:\Users\Fernando\Documents\LPCXpresso_8.2.2_650\workspace\TD2\Ejs_TPS\TPO-TD2-v01\lpc_chip_175x_6x\Debug\liblpc_chip_175x_6x.a(sysinit_17xx_40xx.o)
                              C:\Users\Fernando\Documents\LPCXpresso_8.2.2_650\workspace\TD2\Ejs_TPS\TPO-TD2-v01\LPC_BaseBoardBB1769_R02\Debug\libLPC_BaseBoardBB1769_R02.a(board_sysinit.o) (Chip_SetupXtalClocking)
C:\Users\Fernando\Documents\LPCXpresso_8.2.2_650\workspace\TD2\Ejs_TPS\TPO-TD2-v01\lpc_chip_175x_6x\Debug\liblpc_chip_175x_6x.a(timer_17xx_40xx.o)
                              C:\Users\Fernando\Documents\LPCXpresso_8.2.2_650\workspace\TD2\Ejs_TPS\TPO-TD2-v01\LPC_BaseBoardBB1769_R02\Debug\libLPC_BaseBoardBB1769_R02.a(board.o) (Chip_TIMER_Init)
C:\Users\Fernando\Documents\LPCXpresso_8.2.2_650\workspace\TD2\Ejs_TPS\TPO-TD2-v01\lpc_chip_175x_6x\Debug\liblpc_chip_175x_6x.a(uart_17xx_40xx.o)
                              C:\Users\Fernando\Documents\LPCXpresso_8.2.2_650\workspace\TD2\Ejs_TPS\TPO-TD2-v01\LPC_BaseBoardBB1769_R02\Debug\libLPC_BaseBoardBB1769_R02.a(board.o) (Chip_UART_Init)
C:\Users\Fernando\Documents\LPCXpresso_8.2.2_650\workspace\TD2\Ejs_TPS\TPO-TD2-v01\lpc_chip_175x_6x\Debug\liblpc_chip_175x_6x.a(ring_buffer.o)
                              C:\Users\Fernando\Documents\LPCXpresso_8.2.2_650\workspace\TD2\Ejs_TPS\TPO-TD2-v01\lpc_chip_175x_6x\Debug\liblpc_chip_175x_6x.a(uart_17xx_40xx.o) (RingBuffer_Insert)
c:/nxp/lpcxpresso_8.2.2_650/lpcxpresso/tools/bin/../lib/gcc/arm-none-eabi/5.4.1/../../../../arm-none-eabi/lib/armv7-m\libcr_semihost.a(_cr__main.o)
                              ./src/cr_startup_lpc175x_6x.o (__main)
c:/nxp/lpcxpresso_8.2.2_650/lpcxpresso/tools/bin/../lib/gcc/arm-none-eabi/5.4.1/../../../../arm-none-eabi/lib/armv7-m\libcr_c.a(memcpy.o)
                              C:\Users\Fernando\Documents\LPCXpresso_8.2.2_650\workspace\TD2\Ejs_TPS\TPO-TD2-v01\LPC_BaseBoardBB1769_R02\Debug\libLPC_BaseBoardBB1769_R02.a(board.o) (memcpy)
c:/nxp/lpcxpresso_8.2.2_650/lpcxpresso/tools/bin/../lib/gcc/arm-none-eabi/5.4.1/../../../../arm-none-eabi/lib/armv7-m\libcr_c.a(memset.o)
[...]
Memory Configuration

Name             Origin             Length             Attributes
MFlash512        0x00000000         0x00080000         xr
RamLoc32         0x10000000         0x00008000         xrw
RamAHB32         0x2007c000         0x00008000         xrw
*default*        0x00000000         0xffffffff

Linker script and memory map

LOAD ./src/Display.o
LOAD ./src/GCodeDispatch.o
LOAD ./src/IRQHandlers.o
LOAD ./src/MatrixKeypad.o
LOAD ./src/Planner.o
LOAD ./src/Robot.o
LOAD ./src/Serial.o
LOAD ./src/Stepper.o
LOAD ./src/appinit.o
LOAD ./src/cr_startup_lpc175x_6x.o
LOAD ./src/crp.o
LOAD ./src/main.o
LOAD ./src/sysinit.o
LOAD C:\Users\Fernando\Documents\LPCXpresso_8.2.2_650\workspace\TD2\Ejs_TPS\TPO-TD2-v01\LPC_BaseBoardBB1769_R02\Debug\libLPC_BaseBoardBB1769_R02.a
LOAD C:\Users\Fernando\Documents\LPCXpresso_8.2.2_650\workspace\TD2\Ejs_TPS\TPO-TD2-v01\LibFreeRTOS_8.2.3\Debug\libLibFreeRTOS_8.2.3.a
LOAD C:\Users\Fernando\Documents\LPCXpresso_8.2.2_650\workspace\TD2\Ejs_TPS\TPO-TD2-v01\lpc_chip_175x_6x\Debug\liblpc_chip_175x_6x.a
START GROUP
LOAD c:/nxp/lpcxpresso_8.2.2_650/lpcxpresso/tools/bin/../lib/gcc/arm-none-eabi/5.4.1/../../../../arm-none-eabi/lib/armv7-m\libcr_semihost.a
LOAD c:/nxp/lpcxpresso_8.2.2_650/lpcxpresso/tools/bin/../lib/gcc/arm-none-eabi/5.4.1/../../../../arm-none-eabi/lib/armv7-m\libcr_c.a
LOAD c:/nxp/lpcxpresso_8.2.2_650/lpcxpresso/tools/bin/../lib/gcc/arm-none-eabi/5.4.1/armv7-m\libcr_eabihelpers.a
END GROUP
                0x00000000                __base_MFlash512 = 0x0
                0x00000000                __base_Flash = 0x0
                0x00080000                __top_MFlash512 = 0x80000
                0x00080000                __top_Flash = 0x80000
                0x10000000                __base_RamLoc32 = 0x10000000
                0x10000000                __base_RAM = 0x10000000
                0x10008000                __top_RamLoc32 = 0x10008000
                0x10008000                __top_RAM = 0x10008000
                0x2007c000                __base_RamAHB32 = 0x2007c000
                0x2007c000                __base_RAM2 = 0x2007c000
                0x20084000                __top_RamAHB32 = 0x20084000
                0x20084000                __top_RAM2 = 0x20084000

.text           0x00000000     0x9cf0
 FILL mask 0xff
                0x00000000                __vectors_start__ = ABSOLUTE (.)
 *(.isr_vector)
 .isr_vector    0x00000000       0xcc ./src/cr_startup_lpc175x_6x.o
                0x00000000                g_pfnVectors
                0x000000cc                . = ALIGN (0x4)
                0x000000cc                __section_table_start = .
                0x000000cc                __data_section_table = .
                0x000000cc        0x4 LONG 0x9cf0 LOADADDR (.data)
                0x000000d0        0x4 LONG 0x10000000 ADDR (.data)
                0x000000d4        0x4 LONG 0x14 SIZEOF (.data)
                0x000000d8        0x4 LONG 0x9cf0 LOADADDR (.data_RAM2)
                0x000000dc        0x4 LONG 0x2007c000 ADDR (.data_RAM2)
                0x000000e0        0x4 LONG 0x0 SIZEOF (.data_RAM2)
                0x000000e4                __data_section_table_end = .
                0x000000e4                __bss_section_table = .
                0x000000e4        0x4 LONG 0x10000014 ADDR (.bss)
                0x000000e8        0x4 LONG 0x60d8 SIZEOF (.bss)
                0x000000ec        0x4 LONG 0x2007c000 ADDR (.bss_RAM2)
                0x000000f0        0x4 LONG 0x0 SIZEOF (.bss_RAM2)
                0x000000f4                __bss_section_table_end = .
                0x000000f4                __section_table_end = .
 *(.after_vectors*)
 .after_vectors
                0x000000f4      0x144 ./src/cr_startup_lpc175x_6x.o
                0x000000f4                data_init
                0x00000138                bss_init
                0x00000170                ResetISR
                0x000001e8                NMI_Handler
                0x000001f0                HardFault_Handler
                0x000001f8                MemManage_Handler
                0x00000200                BusFault_Handler
                0x00000208                UsageFault_Handler
                0x00000218                DebugMon_Handler
                0x00000230                UART1_IRQHandler
                0x00000230                CANActivity_IRQHandler
                0x00000230                TIMER3_IRQHandler
                0x00000230                EINT2_IRQHandler
                0x00000230                I2C1_IRQHandler
                0x00000230                IntDefaultHandler
                0x00000230                PLL0_IRQHandler
                0x00000230                CAN_IRQHandler
                0x00000230                PLL1_IRQHandler
                0x00000230                SSP0_IRQHandler
                0x00000230                PWM1_IRQHandler
                0x00000230                I2C2_IRQHandler
                0x00000230                RTC_IRQHandler
                0x00000230                SPI_IRQHandler
                0x00000230                USBActivity_IRQHandler
                0x00000230                EINT1_IRQHandler
                0x00000230                UART2_IRQHandler
                0x00000230                ADC_IRQHandler
                0x00000230                SSP1_IRQHandler
                0x00000230                USB_IRQHandler
                0x00000230                BOD_IRQHandler
                0x00000230                I2C0_IRQHandler
                0x00000230                WDT_IRQHandler
                0x00000230                QEI_IRQHandler
                0x00000230                EINT0_IRQHandler
                0x00000230                ETH_IRQHandler
                0x00000230                RIT_IRQHandler
                0x00000230                DMA_IRQHandler
                0x00000230                I2S_IRQHandler
                0x00000230                UART3_IRQHandler
                0x00000230                MCPWM_IRQHandler
 *(.text*)
 .text.Chip_UART_SendByte
                0x00000238       0x1c ./src/Display.o
 .text.Chip_UART_IntEnable
                0x00000254       0x20 ./src/Display.o
 .text.vTaskLCD
                0x00000274      0x44c ./src/Display.o
                0x00000274                vTaskLCD
 .text.sendSerialString
                0x000006c0       0x28 ./src/Display.o
                0x000006c0                sendSerialString
 .text.send_byte
                0x000006e8       0x44 ./src/Display.o
                0x000006e8                send_byte
 *fill*         0x0000072c        0x4 ff
 .text.vGcode_execute_line_Task
                0x00000730      0x3ac ./src/GCodeDispatch.o
                0x00000730                vGcode_execute_line_Task
 .text.vgcode_parser_Task
                0x00000adc      0x424 ./src/GCodeDispatch.o
                0x00000adc                vgcode_parser_Task
 .text.read_float
                0x00000f00       0x30 ./src/GCodeDispatch.o
                0x00000f00                read_float
 .text.Chip_GPIOINT_ClearIntStatus
                0x00000f30       0x2c ./src/IRQHandlers.o
 .text.Chip_TIMER_MatchPending
                0x00000f5c       0x34 ./src/IRQHandlers.o
 .text.Chip_TIMER_ClearMatch
                0x00000f90       0x28 ./src/IRQHandlers.o
 .text.Chip_UART_IntDisable
                0x00000fb8       0x24 ./src/IRQHandlers.o
 .text.Chip_UART_ReadLineStatus
                0x00000fdc       0x18 ./src/IRQHandlers.o
 .text.EINT3_IRQHandler
                0x00000ff4       0x80 ./src/IRQHandlers.o
                0x00000ff4                EINT3_IRQHandler
 .text.UART0_IRQHandler
                0x00001074       0x84 ./src/IRQHandlers.o
                0x00001074                UART0_IRQHandler
 .text.TIMER0_IRQHandler
                0x000010f8       0x50 ./src/IRQHandlers.o
                0x000010f8                TIMER0_IRQHandler
 .text.TIMER1_IRQHandler
                0x00001148       0x50 ./src/IRQHandlers.o
                0x00001148                TIMER1_IRQHandler
 .text.TIMER2_IRQHandler
                0x00001198       0x50 ./src/IRQHandlers.o
                0x00001198                TIMER2_IRQHandler
 .text.vDebounceMK
                0x000011e8       0x58 ./src/MatrixKeypad.o
                0x000011e8                vDebounceMK
 .text.vCncControllerTask
                0x00001240      0x204 ./src/Planner.o
                0x00001240                vCncControllerTask
 .text.goHome   0x00001444       0x90 ./src/Planner.o
                0x00001444                goHome
 .text.setHome  0x000014d4      0x100 ./src/Planner.o
                0x000014d4                setHome
 .text.splindle_control
                0x000015d4       0x44 ./src/Planner.o
                0x000015d4                splindle_control
 .text.mc_line  0x00001618      0x2bc ./src/Planner.o
                0x00001618                mc_line
 .text.asignar_velocidades
                0x000018d4      0x10c ./src/Planner.o
                0x000018d4                asignar_velocidades
 .text.soft_check_limit
                0x000019e0       0xbc ./src/Planner.o
                0x000019e0                soft_check_limit
 .text.vTaskUART
                0x00001a9c      0x3a8 ./src/Serial.o
                0x00001a9c                vTaskUART
 .text.vTaskUART_Ser_Auto
                0x00001e44      0x2ec ./src/Serial.o
                0x00001e44                vTaskUART_Ser_Auto
 .text.st_stepper_move_Task
                0x00002130      0x1e0 ./src/Stepper.o
                0x00002130                st_stepper_move_Task
 .text.st_move_line
                0x00002310      0x134 ./src/Stepper.o
                0x00002310                st_move_line
 .text.st_setdir
                0x00002444       0x8c ./src/Stepper.o
                0x00002444                st_setdir
 .text.stepper_stop
                0x000024d0       0x40 ./src/Stepper.o
                0x000024d0                stepper_stop
 .text.st_wake_up
                0x00002510       0x28 ./src/Stepper.o
                0x00002510                st_wake_up
 .text.vX_AXIS_ISR
                0x00002538       0xc8 ./src/Stepper.o
                0x00002538                vX_AXIS_ISR
 .text.vY_AXIS_ISR
                0x00002600       0xcc ./src/Stepper.o
                0x00002600                vY_AXIS_ISR
 .text.vZ_AXIS_ISR
                0x000026cc       0xcc ./src/Stepper.o
                0x000026cc                vZ_AXIS_ISR
 .text.prvSetupHardware
                0x00002798       0x34 ./src/appinit.o
                0x00002798                prvSetupHardware
 .text.init_system_var
                0x000027cc       0x7c ./src/appinit.o
                0x000027cc                init_system_var
 .text.settings_restore_global_settings
                0x00002848       0xbc ./src/appinit.o
                0x00002848                settings_restore_global_settings
 .text.main     0x00002904      0x1d0 ./src/main.o
                0x00002904                main
 .text.vSystemInit
                0x00002ad4      0x11c ./src/main.o
                0x00002ad4                vSystemInit
 .text.welcomeMsg
                0x00002bf0       0x68 ./src/main.o
                0x00002bf0                welcomeMsg
 .text.vApplicationIdleHook
                0x00002c58        0xc ./src/main.o
                0x00002c58                vApplicationIdleHook
 .text.SystemInit
                0x00002c64       0x24 ./src/sysinit.o
                0x00002c64                SystemInit
 .text.NVIC_EnableIRQ
                0x00002c88       0x30 C:\Users\Fernando\Documents\LPCXpresso_8.2.2_650\workspace\TD2\Ejs_TPS\TPO-TD2-v01\LPC_BaseBoardBB1769_R02\Debug\libLPC_BaseBoardBB1769_R02.a(board.o)
 .text.NVIC_ClearPendingIRQ
                0x00002cb8       0x34 C:\Users\Fernando\Documents\LPCXpresso_8.2.2_650\workspace\TD2\Ejs_TPS\TPO-TD2-v01\LPC_BaseBoardBB1769_R02\Debug\libLPC_BaseBoardBB1769_R02.a(board.o)
 .text.NVIC_SetPriority
                0x00002cec       0x54 C:\Users\Fernando\Documents\LPCXpresso_8.2.2_650\workspace\TD2\Ejs_TPS\TPO-TD2-v01\LPC_BaseBoardBB1769_R02\Debug\libLPC_BaseBoardBB1769_R02.a(board.o)
 .text.Chip_IOCON_Init
                0x00002d40       0x18 C:\Users\Fernando\Documents\LPCXpresso_8.2.2_650\workspace\TD2\Ejs_TPS\TPO-TD2-v01\LPC_BaseBoardBB1769_R02\Debug\libLPC_BaseBoardBB1769_R02.a(board.o)
 .text.Chip_GPIO_Init
                0x00002d58       0x18 C:\Users\Fernando\Documents\LPCXpresso_8.2.2_650\workspace\TD2\Ejs_TPS\TPO-TD2-v01\LPC_BaseBoardBB1769_R02\Debug\libLPC_BaseBoardBB1769_R02.a(board.o)
 .text.Chip_GPIO_SetPinState
                0x00002d70       0x68 C:\Users\Fernando\Documents\LPCXpresso_8.2.2_650\workspace\TD2\Ejs_TPS\TPO-TD2-v01\LPC_BaseBoardBB1769_R02\Debug\libLPC_BaseBoardBB1769_R02.a(board.o)
 .text.Chip_GPIO_WritePortBit
                0x00002dd8       0x2c C:\Users\Fernando\Documents\LPCXpresso_8.2.2_650\workspace\TD2\Ejs_TPS\TPO-TD2-v01\LPC_BaseBoardBB1769_R02\Debug\libLPC_BaseBoardBB1769_R02.a(board.o)
 .text.Chip_GPIO_GetPinState
                0x00002e04       0x38 C:\Users\Fernando\Documents\LPCXpresso_8.2.2_650\workspace\TD2\Ejs_TPS\TPO-TD2-v01\LPC_BaseBoardBB1769_R02\Debug\libLPC_BaseBoardBB1769_R02.a(board.o)
 .text.Chip_GPIO_ReadPortBit
                0x00002e3c       0x28 C:\Users\Fernando\Documents\LPCXpresso_8.2.2_650\workspace\TD2\Ejs_TPS\TPO-TD2-v01\LPC_BaseBoardBB1769_R02\Debug\libLPC_BaseBoardBB1769_R02.a(board.o)
 .text.Chip_GPIO_SetPinDIROutput
                0x00002e64       0x38 C:\Users\Fernando\Documents\LPCXpresso_8.2.2_650\workspace\TD2\Ejs_TPS\TPO-TD2-v01\LPC_BaseBoardBB1769_R02\Debug\libLPC_BaseBoardBB1769_R02.a(board.o)
 .text.Chip_GPIO_SetPinDIRInput
                0x00002e9c       0x3c C:\Users\Fernando\Documents\LPCXpresso_8.2.2_650\workspace\TD2\Ejs_TPS\TPO-TD2-v01\LPC_BaseBoardBB1769_R02\Debug\libLPC_BaseBoardBB1769_R02.a(board.o)
 .text.Chip_GPIO_SetPinDIR
                0x00002ed8       0x44 C:\Users\Fernando\Documents\LPCXpresso_8.2.2_650\workspace\TD2\Ejs_TPS\TPO-TD2-v01\LPC_BaseBoardBB1769_R02\Debug\libLPC_BaseBoardBB1769_R02.a(board.o)
 .text.Chip_GPIO_WriteDirBit
                0x00002f1c       0x30 C:\Users\Fernando\Documents\LPCXpresso_8.2.2_650\workspace\TD2\Ejs_TPS\TPO-TD2-v01\LPC_BaseBoardBB1769_R02\Debug\libLPC_BaseBoardBB1769_R02.a(board.o)
 .text.Chip_TIMER_Enable
                0x00002f4c       0x20 C:\Users\Fernando\Documents\LPCXpresso_8.2.2_650\workspace\TD2\Ejs_TPS\TPO-TD2-v01\LPC_BaseBoardBB1769_R02\Debug\libLPC_BaseBoardBB1769_R02.a(board.o)
 .text.Chip_TIMER_Disable
                0x00002f6c       0x20 C:\Users\Fernando\Documents\LPCXpresso_8.2.2_650\workspace\TD2\Ejs_TPS\TPO-TD2-v01\LPC_BaseBoardBB1769_R02\Debug\libLPC_BaseBoardBB1769_R02.a(board.o)
 .text.Chip_TIMER_SetMatch
                0x00002f8c       0x28 C:\Users\Fernando\Documents\LPCXpresso_8.2.2_650\workspace\TD2\Ejs_TPS\TPO-TD2-v01\LPC_BaseBoardBB1769_R02\Debug\libLPC_BaseBoardBB1769_R02.a(board.o)
 .text.Chip_TIMER_MatchEnableInt
                0x00002fb4       0x34 C:\Users\Fernando\Documents\LPCXpresso_8.2.2_650\workspace\TD2\Ejs_TPS\TPO-TD2-v01\LPC_BaseBoardBB1769_R02\Debug\libLPC_BaseBoardBB1769_R02.a(board.o)
 .text.Chip_TIMER_ResetOnMatchEnable
                0x00002fe8       0x34 C:\Users\Fernando\Documents\LPCXpresso_8.2.2_650\workspace\TD2\Ejs_TPS\TPO-TD2-v01\LPC_BaseBoardBB1769_R02\Debug\libLPC_BaseBoardBB1769_R02.a(board.o)
 .text.Chip_UART_ReadByte
                0x0000301c       0x18 C:\Users\Fernando\Documents\LPCXpresso_8.2.2_650\workspace\TD2\Ejs_TPS\TPO-TD2-v01\LPC_BaseBoardBB1769_R02\Debug\libLPC_BaseBoardBB1769_R02.a(board.o)
 .text.Chip_UART_IntEnable
                0x00003034       0x20 C:\Users\Fernando\Documents\LPCXpresso_8.2.2_650\workspace\TD2\Ejs_TPS\TPO-TD2-v01\LPC_BaseBoardBB1769_R02\Debug\libLPC_BaseBoardBB1769_R02.a(board.o)
 .text.Board_Steppers_Init
                0x00003054       0x78 C:\Users\Fernando\Documents\LPCXpresso_8.2.2_650\workspace\TD2\Ejs_TPS\TPO-TD2-v01\LPC_BaseBoardBB1769_R02\Debug\libLPC_BaseBoardBB1769_R02.a(board.o)
                0x00003054                Board_Steppers_Init
 .text.Board_Steppers_OFF
                0x000030cc       0x44 C:\Users\Fernando\Documents\LPCXpresso_8.2.2_650\workspace\TD2\Ejs_TPS\TPO-TD2-v01\LPC_BaseBoardBB1769_R02\Debug\libLPC_BaseBoardBB1769_R02.a(board.o)
                0x000030cc                Board_Steppers_OFF
 .text.Board_Spindle_Init
                0x00003110       0x18 C:\Users\Fernando\Documents\LPCXpresso_8.2.2_650\workspace\TD2\Ejs_TPS\TPO-TD2-v01\LPC_BaseBoardBB1769_R02\Debug\libLPC_BaseBoardBB1769_R02.a(board.o)
                0x00003110                Board_Spindle_Init
 .text.Board_InitLCD
                0x00003128      0x1c4 C:\Users\Fernando\Documents\LPCXpresso_8.2.2_650\workspace\TD2\Ejs_TPS\TPO-TD2-v01\LPC_BaseBoardBB1769_R02\Debug\libLPC_BaseBoardBB1769_R02.a(board.o)
                0x00003128                Board_InitLCD
 .text.Board_Dato_LCD
                0x000032ec      0x134 C:\Users\Fernando\Documents\LPCXpresso_8.2.2_650\workspace\TD2\Ejs_TPS\TPO-TD2-v01\LPC_BaseBoardBB1769_R02\Debug\libLPC_BaseBoardBB1769_R02.a(board.o)
                0x000032ec                Board_Dato_LCD
 .text.Board_Display_lcd
                0x00003420       0x88 C:\Users\Fernando\Documents\LPCXpresso_8.2.2_650\workspace\TD2\Ejs_TPS\TPO-TD2-v01\LPC_BaseBoardBB1769_R02\Debug\libLPC_BaseBoardBB1769_R02.a(board.o)
                0x00003420                Board_Display_lcd
 .text.Board_MatrixKeyboard_4x4_Init
                0x000034a8       0x6c C:\Users\Fernando\Documents\LPCXpresso_8.2.2_650\workspace\TD2\Ejs_TPS\TPO-TD2-v01\LPC_BaseBoardBB1769_R02\Debug\libLPC_BaseBoardBB1769_R02.a(board.o)
                0x000034a8                Board_MatrixKeyboard_4x4_Init
 .text.Board_MatrixKeyboard_4x4
                0x00003514      0x330 C:\Users\Fernando\Documents\LPCXpresso_8.2.2_650\workspace\TD2\Ejs_TPS\TPO-TD2-v01\LPC_BaseBoardBB1769_R02\Debug\libLPC_BaseBoardBB1769_R02.a(board.o)
                0x00003514                Board_MatrixKeyboard_4x4
 .text.Board_InitTimer
                0x00003844       0x94 C:\Users\Fernando\Documents\LPCXpresso_8.2.2_650\workspace\TD2\Ejs_TPS\TPO-TD2-v01\LPC_BaseBoardBB1769_R02\Debug\libLPC_BaseBoardBB1769_R02.a(board.o)
                0x00003844                Board_InitTimer
 .text.Board_TimerClose
                0x000038d8       0x18 C:\Users\Fernando\Documents\LPCXpresso_8.2.2_650\workspace\TD2\Ejs_TPS\TPO-TD2-v01\LPC_BaseBoardBB1769_R02\Debug\libLPC_BaseBoardBB1769_R02.a(board.o)
                0x000038d8                Board_TimerClose
 .text.Board_UART_Init
                0x000038f0       0xfc C:\Users\Fernando\Documents\LPCXpresso_8.2.2_650\workspace\TD2\Ejs_TPS\TPO-TD2-v01\LPC_BaseBoardBB1769_R02\Debug\libLPC_BaseBoardBB1769_R02.a(board.o)
                0x000038f0                Board_UART_Init
 .text.Board_UARTGetChar
                0x000039ec       0x18 C:\Users\Fernando\Documents\LPCXpresso_8.2.2_650\workspace\TD2\Ejs_TPS\TPO-TD2-v01\LPC_BaseBoardBB1769_R02\Debug\libLPC_BaseBoardBB1769_R02.a(board.o)
                0x000039ec                Board_UARTGetChar
 .text.Board_LED_Set
                0x00003a04       0x2c C:\Users\Fernando\Documents\LPCXpresso_8.2.2_650\workspace\TD2\Ejs_TPS\TPO-TD2-v01\LPC_BaseBoardBB1769_R02\Debug\libLPC_BaseBoardBB1769_R02.a(board.o)
                0x00003a04                Board_LED_Set
 .text.Board_LED_Test
                0x00003a30       0x34 C:\Users\Fernando\Documents\LPCXpresso_8.2.2_650\workspace\TD2\Ejs_TPS\TPO-TD2-v01\LPC_BaseBoardBB1769_R02\Debug\libLPC_BaseBoardBB1769_R02.a(board.o)
                0x00003a30                Board_LED_Test
 .text.Board_LED_Toggle
                0x00003a64       0x48 C:\Users\Fernando\Documents\LPCXpresso_8.2.2_650\workspace\TD2\Ejs_TPS\TPO-TD2-v01\LPC_BaseBoardBB1769_R02\Debug\libLPC_BaseBoardBB1769_R02.a(board.o)
                0x00003a64                Board_LED_Toggle
 .text.Board_Init
                0x00003aac       0x1c C:\Users\Fernando\Documents\LPCXpresso_8.2.2_650\workspace\TD2\Ejs_TPS\TPO-TD2-v01\LPC_BaseBoardBB1769_R02\Debug\libLPC_BaseBoardBB1769_R02.a(board.o)
                0x00003aac                Board_Init
 .text.Chip_SYSCTL_SetFLASHAccess
                0x00003ac8       0x30 C:\Users\Fernando\Documents\LPCXpresso_8.2.2_650\workspace\TD2\Ejs_TPS\TPO-TD2-v01\LPC_BaseBoardBB1769_R02\Debug\libLPC_BaseBoardBB1769_R02.a(board_sysinit.o)
 .text.Board_SetupMuxing
                0x00003af8       0x1c C:\Users\Fernando\Documents\LPCXpresso_8.2.2_650\workspace\TD2\Ejs_TPS\TPO-TD2-v01\LPC_BaseBoardBB1769_R02\Debug\libLPC_BaseBoardBB1769_R02.a(board_sysinit.o)
                0x00003af8                Board_SetupMuxing
 .text.Board_SetupClocking
                0x00003b14       0x14 C:\Users\Fernando\Documents\LPCXpresso_8.2.2_650\workspace\TD2\Ejs_TPS\TPO-TD2-v01\LPC_BaseBoardBB1769_R02\Debug\libLPC_BaseBoardBB1769_R02.a(board_sysinit.o)
                0x00003b14                Board_SetupClocking
 .text.Board_SystemInit
                0x00003b28       0x10 C:\Users\Fernando\Documents\LPCXpresso_8.2.2_650\workspace\TD2\Ejs_TPS\TPO-TD2-v01\LPC_BaseBoardBB1769_R02\Debug\libLPC_BaseBoardBB1769_R02.a(board_sysinit.o)
                0x00003b28                Board_SystemInit
 .text.xQueueGenericReset
                0x00003b38       0xa4 C:\Users\Fernando\Documents\LPCXpresso_8.2.2_650\workspace\TD2\Ejs_TPS\TPO-TD2-v01\LibFreeRTOS_8.2.3\Debug\libLibFreeRTOS_8.2.3.a(queue.o)
                0x00003b38                xQueueGenericReset
 .text.xQueueGenericCreate
                0x00003bdc       0x80 C:\Users\Fernando\Documents\LPCXpresso_8.2.2_650\workspace\TD2\Ejs_TPS\TPO-TD2-v01\LibFreeRTOS_8.2.3\Debug\libLibFreeRTOS_8.2.3.a(queue.o)
                0x00003bdc                xQueueGenericCreate
 .text.xQueueCreateMutex
                0x00003c5c       0x84 C:\Users\Fernando\Documents\LPCXpresso_8.2.2_650\workspace\TD2\Ejs_TPS\TPO-TD2-v01\LibFreeRTOS_8.2.3\Debug\libLibFreeRTOS_8.2.3.a(queue.o)
                0x00003c5c                xQueueCreateMutex
 .text.xQueueGenericSend
                0x00003ce0      0x120 C:\Users\Fernando\Documents\LPCXpresso_8.2.2_650\workspace\TD2\Ejs_TPS\TPO-TD2-v01\LibFreeRTOS_8.2.3\Debug\libLibFreeRTOS_8.2.3.a(queue.o)
                0x00003ce0                xQueueGenericSend
 .text.xQueueGenericSendFromISR
                0x00003e00       0x88 C:\Users\Fernando\Documents\LPCXpresso_8.2.2_650\workspace\TD2\Ejs_TPS\TPO-TD2-v01\LibFreeRTOS_8.2.3\Debug\libLibFreeRTOS_8.2.3.a(queue.o)
                0x00003e00                xQueueGenericSendFromISR
 .text.xQueueGiveFromISR
                0x00003e88       0x80 C:\Users\Fernando\Documents\LPCXpresso_8.2.2_650\workspace\TD2\Ejs_TPS\TPO-TD2-v01\LibFreeRTOS_8.2.3\Debug\libLibFreeRTOS_8.2.3.a(queue.o)
                0x00003e88                xQueueGiveFromISR
 .text.xQueueGenericReceive
                0x00003f08      0x16c C:\Users\Fernando\Documents\LPCXpresso_8.2.2_650\workspace\TD2\Ejs_TPS\TPO-TD2-v01\LibFreeRTOS_8.2.3\Debug\libLibFreeRTOS_8.2.3.a(queue.o)
                0x00003f08                xQueueGenericReceive
 .text.uxQueueMessagesWaiting
                0x00004074       0x20 C:\Users\Fernando\Documents\LPCXpresso_8.2.2_650\workspace\TD2\Ejs_TPS\TPO-TD2-v01\LibFreeRTOS_8.2.3\Debug\libLibFreeRTOS_8.2.3.a(queue.o)
                0x00004074                uxQueueMessagesWaiting
 .text.uxQueueSpacesAvailable
                0x00004094       0x2c C:\Users\Fernando\Documents\LPCXpresso_8.2.2_650\workspace\TD2\Ejs_TPS\TPO-TD2-v01\LibFreeRTOS_8.2.3\Debug\libLibFreeRTOS_8.2.3.a(queue.o)
                0x00004094                uxQueueSpacesAvailable
 .text.vQueueDelete
                0x000040c0       0x20 C:\Users\Fernando\Documents\LPCXpresso_8.2.2_650\workspace\TD2\Ejs_TPS\TPO-TD2-v01\LibFreeRTOS_8.2.3\Debug\libLibFreeRTOS_8.2.3.a(queue.o)
                0x000040c0                vQueueDelete
 .text.prvCopyDataToQueue
                0x000040e0       0xd8 C:\Users\Fernando\Documents\LPCXpresso_8.2.2_650\workspace\TD2\Ejs_TPS\TPO-TD2-v01\LibFreeRTOS_8.2.3\Debug\libLibFreeRTOS_8.2.3.a(queue.o)
 .text.prvCopyDataFromQueue
                0x000041b8       0x4c C:\Users\Fernando\Documents\LPCXpresso_8.2.2_650\workspace\TD2\Ejs_TPS\TPO-TD2-v01\LibFreeRTOS_8.2.3\Debug\libLibFreeRTOS_8.2.3.a(queue.o)
 .text.prvUnlockQueue
                0x00004204       0x98 C:\Users\Fernando\Documents\LPCXpresso_8.2.2_650\workspace\TD2\Ejs_TPS\TPO-TD2-v01\LibFreeRTOS_8.2.3\Debug\libLibFreeRTOS_8.2.3.a(queue.o)
 .text.prvIsQueueEmpty
                0x0000429c       0x2c C:\Users\Fernando\Documents\LPCXpresso_8.2.2_650\workspace\TD2\Ejs_TPS\TPO-TD2-v01\LibFreeRTOS_8.2.3\Debug\libLibFreeRTOS_8.2.3.a(queue.o)
 .text.prvIsQueueFull
                0x000042c8       0x30 C:\Users\Fernando\Documents\LPCXpresso_8.2.2_650\workspace\TD2\Ejs_TPS\TPO-TD2-v01\LibFreeRTOS_8.2.3\Debug\libLibFreeRTOS_8.2.3.a(queue.o)
 .text.vQueueUnregisterQueue
                0x000042f8       0x44 C:\Users\Fernando\Documents\LPCXpresso_8.2.2_650\workspace\TD2\Ejs_TPS\TPO-TD2-v01\LibFreeRTOS_8.2.3\Debug\libLibFreeRTOS_8.2.3.a(queue.o)
                0x000042f8                vQueueUnregisterQueue
 .text.xTaskGenericCreate
                0x0000433c      0x13c C:\Users\Fernando\Documents\LPCXpresso_8.2.2_650\workspace\TD2\Ejs_TPS\TPO-TD2-v01\LibFreeRTOS_8.2.3\Debug\libLibFreeRTOS_8.2.3.a(tasks.o)
                0x0000433c                xTaskGenericCreate
 .text.vTaskDelete
                0x00004478       0xd8 C:\Users\Fernando\Documents\LPCXpresso_8.2.2_650\workspace\TD2\Ejs_TPS\TPO-TD2-v01\LibFreeRTOS_8.2.3\Debug\libLibFreeRTOS_8.2.3.a(tasks.o)
                0x00004478                vTaskDelete
 .text.vTaskDelayUntil
                0x00004550       0xbc C:\Users\Fernando\Documents\LPCXpresso_8.2.2_650\workspace\TD2\Ejs_TPS\TPO-TD2-v01\LibFreeRTOS_8.2.3\Debug\libLibFreeRTOS_8.2.3.a(tasks.o)
                0x00004550                vTaskDelayUntil
 .text.vTaskDelay
                0x0000460c       0x74 C:\Users\Fernando\Documents\LPCXpresso_8.2.2_650\workspace\TD2\Ejs_TPS\TPO-TD2-v01\LibFreeRTOS_8.2.3\Debug\libLibFreeRTOS_8.2.3.a(tasks.o)
                0x0000460c                vTaskDelay
 .text.vTaskStartScheduler
                0x00004680       0x64 C:\Users\Fernando\Documents\LPCXpresso_8.2.2_650\workspace\TD2\Ejs_TPS\TPO-TD2-v01\LibFreeRTOS_8.2.3\Debug\libLibFreeRTOS_8.2.3.a(tasks.o)
                0x00004680                vTaskStartScheduler
 .text.vTaskSuspendAll
                0x000046e4       0x1c C:\Users\Fernando\Documents\LPCXpresso_8.2.2_650\workspace\TD2\Ejs_TPS\TPO-TD2-v01\LibFreeRTOS_8.2.3\Debug\libLibFreeRTOS_8.2.3.a(tasks.o)
                0x000046e4                vTaskSuspendAll
 .text.xTaskResumeAll
                0x00004700       0xfc C:\Users\Fernando\Documents\LPCXpresso_8.2.2_650\workspace\TD2\Ejs_TPS\TPO-TD2-v01\LibFreeRTOS_8.2.3\Debug\libLibFreeRTOS_8.2.3.a(tasks.o)
                0x00004700                xTaskResumeAll
 .text.xTaskGetTickCount
                0x000047fc       0x1c C:\Users\Fernando\Documents\LPCXpresso_8.2.2_650\workspace\TD2\Ejs_TPS\TPO-TD2-v01\LibFreeRTOS_8.2.3\Debug\libLibFreeRTOS_8.2.3.a(tasks.o)
                0x000047fc                xTaskGetTickCount
 .text.xTaskIncrementTick
                0x00004818      0x15c C:\Users\Fernando\Documents\LPCXpresso_8.2.2_650\workspace\TD2\Ejs_TPS\TPO-TD2-v01\LibFreeRTOS_8.2.3\Debug\libLibFreeRTOS_8.2.3.a(tasks.o)
                0x00004818                xTaskIncrementTick
 .text.vTaskSwitchContext
                0x00004974       0x8c C:\Users\Fernando\Documents\LPCXpresso_8.2.2_650\workspace\TD2\Ejs_TPS\TPO-TD2-v01\LibFreeRTOS_8.2.3\Debug\libLibFreeRTOS_8.2.3.a(tasks.o)
                0x00004974                vTaskSwitchContext
 .text.vTaskPlaceOnEventList
                0x00004a00       0x84 C:\Users\Fernando\Documents\LPCXpresso_8.2.2_650\workspace\TD2\Ejs_TPS\TPO-TD2-v01\LibFreeRTOS_8.2.3\Debug\libLibFreeRTOS_8.2.3.a(tasks.o)
                0x00004a00                vTaskPlaceOnEventList
 .text.xTaskRemoveFromEventList
                0x00004a84       0xa8 C:\Users\Fernando\Documents\LPCXpresso_8.2.2_650\workspace\TD2\Ejs_TPS\TPO-TD2-v01\LibFreeRTOS_8.2.3\Debug\libLibFreeRTOS_8.2.3.a(tasks.o)
                0x00004a84                xTaskRemoveFromEventList
 .text.vTaskSetTimeOutState
                0x00004b2c       0x2c C:\Users\Fernando\Documents\LPCXpresso_8.2.2_650\workspace\TD2\Ejs_TPS\TPO-TD2-v01\LibFreeRTOS_8.2.3\Debug\libLibFreeRTOS_8.2.3.a(tasks.o)
                0x00004b2c                vTaskSetTimeOutState
 .text.xTaskCheckForTimeOut
                0x00004b58       0x88 C:\Users\Fernando\Documents\LPCXpresso_8.2.2_650\workspace\TD2\Ejs_TPS\TPO-TD2-v01\LibFreeRTOS_8.2.3\Debug\libLibFreeRTOS_8.2.3.a(tasks.o)
                0x00004b58                xTaskCheckForTimeOut
 .text.vTaskMissedYield
                0x00004be0       0x18 C:\Users\Fernando\Documents\LPCXpresso_8.2.2_650\workspace\TD2\Ejs_TPS\TPO-TD2-v01\LibFreeRTOS_8.2.3\Debug\libLibFreeRTOS_8.2.3.a(tasks.o)
                0x00004be0                vTaskMissedYield
 .text.prvIdleTask
                0x00004bf8       0x24 C:\Users\Fernando\Documents\LPCXpresso_8.2.2_650\workspace\TD2\Ejs_TPS\TPO-TD2-v01\LibFreeRTOS_8.2.3\Debug\libLibFreeRTOS_8.2.3.a(tasks.o)
 .text.prvInitialiseTCBVariables
                0x00004c1c       0xa8 C:\Users\Fernando\Documents\LPCXpresso_8.2.2_650\workspace\TD2\Ejs_TPS\TPO-TD2-v01\LibFreeRTOS_8.2.3\Debug\libLibFreeRTOS_8.2.3.a(tasks.o)
 .text.prvInitialiseTaskLists
                0x00004cc4       0x80 C:\Users\Fernando\Documents\LPCXpresso_8.2.2_650\workspace\TD2\Ejs_TPS\TPO-TD2-v01\LibFreeRTOS_8.2.3\Debug\libLibFreeRTOS_8.2.3.a(tasks.o)
 .text.prvCheckTasksWaitingTermination
                0x00004d44       0x78 C:\Users\Fernando\Documents\LPCXpresso_8.2.2_650\workspace\TD2\Ejs_TPS\TPO-TD2-v01\LibFreeRTOS_8.2.3\Debug\libLibFreeRTOS_8.2.3.a(tasks.o)
 .text.prvAddCurrentTaskToDelayedList
                0x00004dbc       0x6c C:\Users\Fernando\Documents\LPCXpresso_8.2.2_650\workspace\TD2\Ejs_TPS\TPO-TD2-v01\LibFreeRTOS_8.2.3\Debug\libLibFreeRTOS_8.2.3.a(tasks.o)
 .text.prvAllocateTCBAndStack
                0x00004e28       0x6c C:\Users\Fernando\Documents\LPCXpresso_8.2.2_650\workspace\TD2\Ejs_TPS\TPO-TD2-v01\LibFreeRTOS_8.2.3\Debug\libLibFreeRTOS_8.2.3.a(tasks.o)
 .text.prvDeleteTCB
                0x00004e94       0x20 C:\Users\Fernando\Documents\LPCXpresso_8.2.2_650\workspace\TD2\Ejs_TPS\TPO-TD2-v01\LibFreeRTOS_8.2.3\Debug\libLibFreeRTOS_8.2.3.a(tasks.o)
 .text.prvResetNextTaskUnblockTime
                0x00004eb4       0x48 C:\Users\Fernando\Documents\LPCXpresso_8.2.2_650\workspace\TD2\Ejs_TPS\TPO-TD2-v01\LibFreeRTOS_8.2.3\Debug\libLibFreeRTOS_8.2.3.a(tasks.o)
 .text.vTaskPriorityInherit
                0x00004efc       0xec C:\Users\Fernando\Documents\LPCXpresso_8.2.2_650\workspace\TD2\Ejs_TPS\TPO-TD2-v01\LibFreeRTOS_8.2.3\Debug\libLibFreeRTOS_8.2.3.a(tasks.o)
                0x00004efc                vTaskPriorityInherit
 .text.xTaskPriorityDisinherit
                0x00004fe8       0xc8 C:\Users\Fernando\Documents\LPCXpresso_8.2.2_650\workspace\TD2\Ejs_TPS\TPO-TD2-v01\LibFreeRTOS_8.2.3\Debug\libLibFreeRTOS_8.2.3.a(tasks.o)
                0x00004fe8                xTaskPriorityDisinherit
 .text.pvTaskIncrementMutexHeldCount
                0x000050b0       0x28 C:\Users\Fernando\Documents\LPCXpresso_8.2.2_650\workspace\TD2\Ejs_TPS\TPO-TD2-v01\LibFreeRTOS_8.2.3\Debug\libLibFreeRTOS_8.2.3.a(tasks.o)
                0x000050b0                pvTaskIncrementMutexHeldCount
 .text.pvPortMalloc
                0x000050d8      0x11c C:\Users\Fernando\Documents\LPCXpresso_8.2.2_650\workspace\TD2\Ejs_TPS\TPO-TD2-v01\LibFreeRTOS_8.2.3\Debug\libLibFreeRTOS_8.2.3.a(heap_2.o)
                0x000050d8                pvPortMalloc
 .text.vPortFree
                0x000051f4       0x74 C:\Users\Fernando\Documents\LPCXpresso_8.2.2_650\workspace\TD2\Ejs_TPS\TPO-TD2-v01\LibFreeRTOS_8.2.3\Debug\libLibFreeRTOS_8.2.3.a(heap_2.o)
                0x000051f4                vPortFree
 .text.prvHeapInit
                0x00005268       0x50 C:\Users\Fernando\Documents\LPCXpresso_8.2.2_650\workspace\TD2\Ejs_TPS\TPO-TD2-v01\LibFreeRTOS_8.2.3\Debug\libLibFreeRTOS_8.2.3.a(heap_2.o)
 .text.pxPortInitialiseStack
                0x000052b8       0x54 C:\Users\Fernando\Documents\LPCXpresso_8.2.2_650\workspace\TD2\Ejs_TPS\TPO-TD2-v01\LibFreeRTOS_8.2.3\Debug\libLibFreeRTOS_8.2.3.a(port.o)
                0x000052b8                pxPortInitialiseStack
 .text.prvTaskExitError
                0x0000530c        0xc C:\Users\Fernando\Documents\LPCXpresso_8.2.2_650\workspace\TD2\Ejs_TPS\TPO-TD2-v01\LibFreeRTOS_8.2.3\Debug\libLibFreeRTOS_8.2.3.a(port.o)
 .text.SVC_Handler
                0x00005318       0x28 C:\Users\Fernando\Documents\LPCXpresso_8.2.2_650\workspace\TD2\Ejs_TPS\TPO-TD2-v01\LibFreeRTOS_8.2.3\Debug\libLibFreeRTOS_8.2.3.a(port.o)
                0x00005318                SVC_Handler
 .text.prvPortStartFirstTask
                0x00005340       0x20 C:\Users\Fernando\Documents\LPCXpresso_8.2.2_650\workspace\TD2\Ejs_TPS\TPO-TD2-v01\LibFreeRTOS_8.2.3\Debug\libLibFreeRTOS_8.2.3.a(port.o)
 .text.xPortStartScheduler
                0x00005360       0x3c C:\Users\Fernando\Documents\LPCXpresso_8.2.2_650\workspace\TD2\Ejs_TPS\TPO-TD2-v01\LibFreeRTOS_8.2.3\Debug\libLibFreeRTOS_8.2.3.a(port.o)
                0x00005360                xPortStartScheduler
 .text.vPortYield
                0x0000539c       0x20 C:\Users\Fernando\Documents\LPCXpresso_8.2.2_650\workspace\TD2\Ejs_TPS\TPO-TD2-v01\LibFreeRTOS_8.2.3\Debug\libLibFreeRTOS_8.2.3.a(port.o)
                0x0000539c                vPortYield
 .text.vPortEnterCritical
                0x000053bc       0x24 C:\Users\Fernando\Documents\LPCXpresso_8.2.2_650\workspace\TD2\Ejs_TPS\TPO-TD2-v01\LibFreeRTOS_8.2.3\Debug\libLibFreeRTOS_8.2.3.a(port.o)
                0x000053bc                vPortEnterCritical
 .text.vPortExitCritical
                0x000053e0       0x24 C:\Users\Fernando\Documents\LPCXpresso_8.2.2_650\workspace\TD2\Ejs_TPS\TPO-TD2-v01\LibFreeRTOS_8.2.3\Debug\libLibFreeRTOS_8.2.3.a(port.o)
                0x000053e0                vPortExitCritical
 .text.ulPortSetInterruptMask
                0x00005404       0x14 C:\Users\Fernando\Documents\LPCXpresso_8.2.2_650\workspace\TD2\Ejs_TPS\TPO-TD2-v01\LibFreeRTOS_8.2.3\Debug\libLibFreeRTOS_8.2.3.a(port.o)
                0x00005404                ulPortSetInterruptMask
 .text.vPortClearInterruptMask
                0x00005418        0x8 C:\Users\Fernando\Documents\LPCXpresso_8.2.2_650\workspace\TD2\Ejs_TPS\TPO-TD2-v01\LibFreeRTOS_8.2.3\Debug\libLibFreeRTOS_8.2.3.a(port.o)
                0x00005418                vPortClearInterruptMask
 .text.PendSV_Handler
                0x00005420       0x48 C:\Users\Fernando\Documents\LPCXpresso_8.2.2_650\workspace\TD2\Ejs_TPS\TPO-TD2-v01\LibFreeRTOS_8.2.3\Debug\libLibFreeRTOS_8.2.3.a(port.o)
                0x00005420                PendSV_Handler
 .text.SysTick_Handler
                0x00005468       0x28 C:\Users\Fernando\Documents\LPCXpresso_8.2.2_650\workspace\TD2\Ejs_TPS\TPO-TD2-v01\LibFreeRTOS_8.2.3\Debug\libLibFreeRTOS_8.2.3.a(port.o)
                0x00005468                SysTick_Handler
 .text.vPortSetupTimerInterrupt
                0x00005490       0x34 C:\Users\Fernando\Documents\LPCXpresso_8.2.2_650\workspace\TD2\Ejs_TPS\TPO-TD2-v01\LibFreeRTOS_8.2.3\Debug\libLibFreeRTOS_8.2.3.a(port.o)
                0x00005490                vPortSetupTimerInterrupt
 .text.vListInitialise
                0x000054c4       0x40 C:\Users\Fernando\Documents\LPCXpresso_8.2.2_650\workspace\TD2\Ejs_TPS\TPO-TD2-v01\LibFreeRTOS_8.2.3\Debug\libLibFreeRTOS_8.2.3.a(list.o)
                0x000054c4                vListInitialise
 .text.vListInitialiseItem
                0x00005504       0x18 C:\Users\Fernando\Documents\LPCXpresso_8.2.2_650\workspace\TD2\Ejs_TPS\TPO-TD2-v01\LibFreeRTOS_8.2.3\Debug\libLibFreeRTOS_8.2.3.a(list.o)
                0x00005504                vListInitialiseItem
 .text.vListInsertEnd
                0x0000551c       0x48 C:\Users\Fernando\Documents\LPCXpresso_8.2.2_650\workspace\TD2\Ejs_TPS\TPO-TD2-v01\LibFreeRTOS_8.2.3\Debug\libLibFreeRTOS_8.2.3.a(list.o)
                0x0000551c                vListInsertEnd
 .text.vListInsert
                0x00005564       0x70 C:\Users\Fernando\Documents\LPCXpresso_8.2.2_650\workspace\TD2\Ejs_TPS\TPO-TD2-v01\LibFreeRTOS_8.2.3\Debug\libLibFreeRTOS_8.2.3.a(list.o)
                0x00005564                vListInsert
 .text.uxListRemove
                0x000055d4       0x54 C:\Users\Fernando\Documents\LPCXpresso_8.2.2_650\workspace\TD2\Ejs_TPS\TPO-TD2-v01\LibFreeRTOS_8.2.3\Debug\libLibFreeRTOS_8.2.3.a(list.o)
                0x000055d4                uxListRemove
 .text.SystemCoreClockUpdate
                0x00005628       0x18 C:\Users\Fernando\Documents\LPCXpresso_8.2.2_650\workspace\TD2\Ejs_TPS\TPO-TD2-v01\lpc_chip_175x_6x\Debug\liblpc_chip_175x_6x.a(chip_17xx_40xx.o)
                0x00005628                SystemCoreClockUpdate
 .text.Chip_Clock_IsMainPLLEnabled
                0x00005640       0x24 C:\Users\Fernando\Documents\LPCXpresso_8.2.2_650\workspace\TD2\Ejs_TPS\TPO-TD2-v01\lpc_chip_175x_6x\Debug\liblpc_chip_175x_6x.a(clock_17xx_40xx.o)
 .text.Chip_Clock_IsMainPLLConnected
                0x00005664       0x24 C:\Users\Fernando\Documents\LPCXpresso_8.2.2_650\workspace\TD2\Ejs_TPS\TPO-TD2-v01\lpc_chip_175x_6x\Debug\liblpc_chip_175x_6x.a(clock_17xx_40xx.o)
 .text.Chip_Clock_FeedPLL
                0x00005688       0x34 C:\Users\Fernando\Documents\LPCXpresso_8.2.2_650\workspace\TD2\Ejs_TPS\TPO-TD2-v01\lpc_chip_175x_6x\Debug\liblpc_chip_175x_6x.a(clock_17xx_40xx.o)
 .text.Chip_Clock_GetMainPLLSource
                0x000056bc       0x20 C:\Users\Fernando\Documents\LPCXpresso_8.2.2_650\workspace\TD2\Ejs_TPS\TPO-TD2-v01\lpc_chip_175x_6x\Debug\liblpc_chip_175x_6x.a(clock_17xx_40xx.o)
 .text.Chip_Clock_GetMainOscRate
                0x000056dc       0x14 C:\Users\Fernando\Documents\LPCXpresso_8.2.2_650\workspace\TD2\Ejs_TPS\TPO-TD2-v01\lpc_chip_175x_6x\Debug\liblpc_chip_175x_6x.a(clock_17xx_40xx.o)
 .text.Chip_Clock_GetIntOscRate
                0x000056f0       0x14 C:\Users\Fernando\Documents\LPCXpresso_8.2.2_650\workspace\TD2\Ejs_TPS\TPO-TD2-v01\lpc_chip_175x_6x\Debug\liblpc_chip_175x_6x.a(clock_17xx_40xx.o)
 .text.Chip_Clock_GetRTCOscRate
                0x00005704       0x14 C:\Users\Fernando\Documents\LPCXpresso_8.2.2_650\workspace\TD2\Ejs_TPS\TPO-TD2-v01\lpc_chip_175x_6x\Debug\liblpc_chip_175x_6x.a(clock_17xx_40xx.o)
 .text.Chip_Clock_GetMainPLLInClockRate
                0x00005718       0x10 C:\Users\Fernando\Documents\LPCXpresso_8.2.2_650\workspace\TD2\Ejs_TPS\TPO-TD2-v01\lpc_chip_175x_6x\Debug\liblpc_chip_175x_6x.a(clock_17xx_40xx.o)
 .text.Chip_Clock_EnablePLL
                0x00005728       0x44 C:\Users\Fernando\Documents\LPCXpresso_8.2.2_650\workspace\TD2\Ejs_TPS\TPO-TD2-v01\lpc_chip_175x_6x\Debug\liblpc_chip_175x_6x.a(clock_17xx_40xx.o)
                0x00005728                Chip_Clock_EnablePLL
 .text.Chip_Clock_DisablePLL
                0x0000576c       0x48 C:\Users\Fernando\Documents\LPCXpresso_8.2.2_650\workspace\TD2\Ejs_TPS\TPO-TD2-v01\lpc_chip_175x_6x\Debug\liblpc_chip_175x_6x.a(clock_17xx_40xx.o)
                0x0000576c                Chip_Clock_DisablePLL
 .text.Chip_Clock_SetupPLL
                0x000057b4       0x5c C:\Users\Fernando\Documents\LPCXpresso_8.2.2_650\workspace\TD2\Ejs_TPS\TPO-TD2-v01\lpc_chip_175x_6x\Debug\liblpc_chip_175x_6x.a(clock_17xx_40xx.o)
                0x000057b4                Chip_Clock_SetupPLL
 .text.Chip_Clock_EnablePeriphClock
                0x00005810       0x34 C:\Users\Fernando\Documents\LPCXpresso_8.2.2_650\workspace\TD2\Ejs_TPS\TPO-TD2-v01\lpc_chip_175x_6x\Debug\liblpc_chip_175x_6x.a(clock_17xx_40xx.o)
                0x00005810                Chip_Clock_EnablePeriphClock
 .text.Chip_Clock_GetCPUClockSource
                0x00005844       0x24 C:\Users\Fernando\Documents\LPCXpresso_8.2.2_650\workspace\TD2\Ejs_TPS\TPO-TD2-v01\lpc_chip_175x_6x\Debug\liblpc_chip_175x_6x.a(clock_17xx_40xx.o)
                0x00005844                Chip_Clock_GetCPUClockSource
 .text.Chip_Clock_SetCPUClockDiv
                0x00005868       0x20 C:\Users\Fernando\Documents\LPCXpresso_8.2.2_650\workspace\TD2\Ejs_TPS\TPO-TD2-v01\lpc_chip_175x_6x\Debug\liblpc_chip_175x_6x.a(clock_17xx_40xx.o)
                0x00005868                Chip_Clock_SetCPUClockDiv
 .text.Chip_Clock_GetCPUClockDiv
                0x00005888       0x1c C:\Users\Fernando\Documents\LPCXpresso_8.2.2_650\workspace\TD2\Ejs_TPS\TPO-TD2-v01\lpc_chip_175x_6x\Debug\liblpc_chip_175x_6x.a(clock_17xx_40xx.o)
                0x00005888                Chip_Clock_GetCPUClockDiv
 .text.Chip_Clock_GetPCLKDiv
                0x000058a4       0x8c C:\Users\Fernando\Documents\LPCXpresso_8.2.2_650\workspace\TD2\Ejs_TPS\TPO-TD2-v01\lpc_chip_175x_6x\Debug\liblpc_chip_175x_6x.a(clock_17xx_40xx.o)
                0x000058a4                Chip_Clock_GetPCLKDiv
 .text.Chip_Clock_GetSYSCLKRate
                0x00005930       0x34 C:\Users\Fernando\Documents\LPCXpresso_8.2.2_650\workspace\TD2\Ejs_TPS\TPO-TD2-v01\lpc_chip_175x_6x\Debug\liblpc_chip_175x_6x.a(clock_17xx_40xx.o)
                0x00005930                Chip_Clock_GetSYSCLKRate
 .text.Chip_Clock_GetMainPLLOutClockRate
                0x00005964       0x54 C:\Users\Fernando\Documents\LPCXpresso_8.2.2_650\workspace\TD2\Ejs_TPS\TPO-TD2-v01\lpc_chip_175x_6x\Debug\liblpc_chip_175x_6x.a(clock_17xx_40xx.o)
                0x00005964                Chip_Clock_GetMainPLLOutClockRate
 .text.Chip_Clock_GetMainClockRate
                0x000059b8       0x28 C:\Users\Fernando\Documents\LPCXpresso_8.2.2_650\workspace\TD2\Ejs_TPS\TPO-TD2-v01\lpc_chip_175x_6x\Debug\liblpc_chip_175x_6x.a(clock_17xx_40xx.o)
                0x000059b8                Chip_Clock_GetMainClockRate
 .text.Chip_Clock_GetSystemClockRate
                0x000059e0       0x18 C:\Users\Fernando\Documents\LPCXpresso_8.2.2_650\workspace\TD2\Ejs_TPS\TPO-TD2-v01\lpc_chip_175x_6x\Debug\liblpc_chip_175x_6x.a(clock_17xx_40xx.o)
                0x000059e0                Chip_Clock_GetSystemClockRate
 .text.Chip_Clock_GetPeripheralClockRate
                0x000059f8       0x28 C:\Users\Fernando\Documents\LPCXpresso_8.2.2_650\workspace\TD2\Ejs_TPS\TPO-TD2-v01\lpc_chip_175x_6x\Debug\liblpc_chip_175x_6x.a(clock_17xx_40xx.o)
                0x000059f8                Chip_Clock_GetPeripheralClockRate
 .text.Chip_IOCON_PinMuxSet
                0x00005a20       0x38 C:\Users\Fernando\Documents\LPCXpresso_8.2.2_650\workspace\TD2\Ejs_TPS\TPO-TD2-v01\lpc_chip_175x_6x\Debug\liblpc_chip_175x_6x.a(iocon_17xx_40xx.o)
                0x00005a20                Chip_IOCON_PinMuxSet
 .text.Chip_IOCON_PinMux
                0x00005a58       0x94 C:\Users\Fernando\Documents\LPCXpresso_8.2.2_650\workspace\TD2\Ejs_TPS\TPO-TD2-v01\lpc_chip_175x_6x\Debug\liblpc_chip_175x_6x.a(iocon_17xx_40xx.o)
                0x00005a58                Chip_IOCON_PinMux
 .text.Chip_IOCON_SetPinMuxing
                0x00005aec       0x64 C:\Users\Fernando\Documents\LPCXpresso_8.2.2_650\workspace\TD2\Ejs_TPS\TPO-TD2-v01\lpc_chip_175x_6x\Debug\liblpc_chip_175x_6x.a(iocon_17xx_40xx.o)
                0x00005aec                Chip_IOCON_SetPinMuxing
 .text.Chip_Clock_IsMainPLLEnabled
                0x00005b50       0x24 C:\Users\Fernando\Documents\LPCXpresso_8.2.2_650\workspace\TD2\Ejs_TPS\TPO-TD2-v01\lpc_chip_175x_6x\Debug\liblpc_chip_175x_6x.a(sysinit_17xx_40xx.o)
 .text.Chip_Clock_IsMainPLLLocked
                0x00005b74       0x24 C:\Users\Fernando\Documents\LPCXpresso_8.2.2_650\workspace\TD2\Ejs_TPS\TPO-TD2-v01\lpc_chip_175x_6x\Debug\liblpc_chip_175x_6x.a(sysinit_17xx_40xx.o)
 .text.Chip_Clock_IsMainPLLConnected
                0x00005b98       0x24 C:\Users\Fernando\Documents\LPCXpresso_8.2.2_650\workspace\TD2\Ejs_TPS\TPO-TD2-v01\lpc_chip_175x_6x\Debug\liblpc_chip_175x_6x.a(sysinit_17xx_40xx.o)
 .text.Chip_Clock_EnableCrystal
                0x00005bbc       0x20 C:\Users\Fernando\Documents\LPCXpresso_8.2.2_650\workspace\TD2\Ejs_TPS\TPO-TD2-v01\lpc_chip_175x_6x\Debug\liblpc_chip_175x_6x.a(sysinit_17xx_40xx.o)
 .text.Chip_Clock_IsCrystalEnabled
                0x00005bdc       0x24 C:\Users\Fernando\Documents\LPCXpresso_8.2.2_650\workspace\TD2\Ejs_TPS\TPO-TD2-v01\lpc_chip_175x_6x\Debug\liblpc_chip_175x_6x.a(sysinit_17xx_40xx.o)
 .text.Chip_Clock_SetMainPLLSource
                0x00005c00       0x20 C:\Users\Fernando\Documents\LPCXpresso_8.2.2_650\workspace\TD2\Ejs_TPS\TPO-TD2-v01\lpc_chip_175x_6x\Debug\liblpc_chip_175x_6x.a(sysinit_17xx_40xx.o)
 .text.Chip_SetupXtalClocking
                0x00005c20       0x90 C:\Users\Fernando\Documents\LPCXpresso_8.2.2_650\workspace\TD2\Ejs_TPS\TPO-TD2-v01\lpc_chip_175x_6x\Debug\liblpc_chip_175x_6x.a(sysinit_17xx_40xx.o)
                0x00005c20                Chip_SetupXtalClocking
 .text.Chip_Timer_GetClockIndex
                0x00005cb0       0x50 C:\Users\Fernando\Documents\LPCXpresso_8.2.2_650\workspace\TD2\Ejs_TPS\TPO-TD2-v01\lpc_chip_175x_6x\Debug\liblpc_chip_175x_6x.a(timer_17xx_40xx.o)
 .text.Chip_TIMER_Init
                0x00005d00       0x20 C:\Users\Fernando\Documents\LPCXpresso_8.2.2_650\workspace\TD2\Ejs_TPS\TPO-TD2-v01\lpc_chip_175x_6x\Debug\liblpc_chip_175x_6x.a(timer_17xx_40xx.o)
                0x00005d00                Chip_TIMER_Init
 .text.Chip_TIMER_Reset
                0x00005d20       0x3c C:\Users\Fernando\Documents\LPCXpresso_8.2.2_650\workspace\TD2\Ejs_TPS\TPO-TD2-v01\lpc_chip_175x_6x\Debug\liblpc_chip_175x_6x.a(timer_17xx_40xx.o)
                0x00005d20                Chip_TIMER_Reset
 .text.Chip_UART_SetupFIFOS
                0x00005d5c       0x1c C:\Users\Fernando\Documents\LPCXpresso_8.2.2_650\workspace\TD2\Ejs_TPS\TPO-TD2-v01\lpc_chip_175x_6x\Debug\liblpc_chip_175x_6x.a(uart_17xx_40xx.o)
 .text.Chip_UART_ConfigData
                0x00005d78       0x1c C:\Users\Fernando\Documents\LPCXpresso_8.2.2_650\workspace\TD2\Ejs_TPS\TPO-TD2-v01\lpc_chip_175x_6x\Debug\liblpc_chip_175x_6x.a(uart_17xx_40xx.o)
 .text.Chip_UART_EnableDivisorAccess
                0x00005d94       0x20 C:\Users\Fernando\Documents\LPCXpresso_8.2.2_650\workspace\TD2\Ejs_TPS\TPO-TD2-v01\lpc_chip_175x_6x\Debug\liblpc_chip_175x_6x.a(uart_17xx_40xx.o)
 .text.Chip_UART_DisableDivisorAccess
                0x00005db4       0x20 C:\Users\Fernando\Documents\LPCXpresso_8.2.2_650\workspace\TD2\Ejs_TPS\TPO-TD2-v01\lpc_chip_175x_6x\Debug\liblpc_chip_175x_6x.a(uart_17xx_40xx.o)
 .text.Chip_UART_SetDivisorLatches
                0x00005dd4       0x28 C:\Users\Fernando\Documents\LPCXpresso_8.2.2_650\workspace\TD2\Ejs_TPS\TPO-TD2-v01\lpc_chip_175x_6x\Debug\liblpc_chip_175x_6x.a(uart_17xx_40xx.o)
 .text.Chip_UART_GetClockIndex
                0x00005dfc       0x50 C:\Users\Fernando\Documents\LPCXpresso_8.2.2_650\workspace\TD2\Ejs_TPS\TPO-TD2-v01\lpc_chip_175x_6x\Debug\liblpc_chip_175x_6x.a(uart_17xx_40xx.o)
 .text.Chip_UART_GetClkIndex
                0x00005e4c       0x50 C:\Users\Fernando\Documents\LPCXpresso_8.2.2_650\workspace\TD2\Ejs_TPS\TPO-TD2-v01\lpc_chip_175x_6x\Debug\liblpc_chip_175x_6x.a(uart_17xx_40xx.o)
 .text.Chip_UART_Init
                0x00005e9c       0x78 C:\Users\Fernando\Documents\LPCXpresso_8.2.2_650\workspace\TD2\Ejs_TPS\TPO-TD2-v01\lpc_chip_175x_6x\Debug\liblpc_chip_175x_6x.a(uart_17xx_40xx.o)
                0x00005e9c                Chip_UART_Init
 .text.Chip_UART_TXEnable
                0x00005f14       0x18 C:\Users\Fernando\Documents\LPCXpresso_8.2.2_650\workspace\TD2\Ejs_TPS\TPO-TD2-v01\lpc_chip_175x_6x\Debug\liblpc_chip_175x_6x.a(uart_17xx_40xx.o)
                0x00005f14                Chip_UART_TXEnable
 .text.Chip_UART_TXDisable
                0x00005f2c       0x18 C:\Users\Fernando\Documents\LPCXpresso_8.2.2_650\workspace\TD2\Ejs_TPS\TPO-TD2-v01\lpc_chip_175x_6x\Debug\liblpc_chip_175x_6x.a(uart_17xx_40xx.o)
                0x00005f2c                Chip_UART_TXDisable
 .text.Chip_UART_SetBaud
                0x00005f44       0x64 C:\Users\Fernando\Documents\LPCXpresso_8.2.2_650\workspace\TD2\Ejs_TPS\TPO-TD2-v01\lpc_chip_175x_6x\Debug\liblpc_chip_175x_6x.a(uart_17xx_40xx.o)
                0x00005f44                Chip_UART_SetBaud
 .text.__main   0x00005fa8       0x14 c:/nxp/lpcxpresso_8.2.2_650/lpcxpresso/tools/bin/../lib/gcc/arm-none-eabi/5.4.1/../../../../arm-none-eabi/lib/armv7-m\libcr_semihost.a(_cr__main.o)
                0x00005fa8                __CR_SEMIHOST
                0x00005fa8                __main
 .text.memcpy   0x00005fbc        0x4 c:/nxp/lpcxpresso_8.2.2_650/lpcxpresso/tools/bin/../lib/gcc/arm-none-eabi/5.4.1/../../../../arm-none-eabi/lib/armv7-m\libcr_c.a(memcpy.o)
                0x00005fbc                memcpy
 .text.memset   0x00005fc0        0x4 c:/nxp/lpcxpresso_8.2.2_650/lpcxpresso/tools/bin/../lib/gcc/arm-none-eabi/5.4.1/../../../../arm-none-eabi/lib/armv7-m\libcr_c.a(memset.o)
                0x00005fc0                memset
 .text.fp_round
                0x00005fc4       0x4c c:/nxp/lpcxpresso_8.2.2_650/lpcxpresso/tools/bin/../lib/gcc/arm-none-eabi/5.4.1/../../../../arm-none-eabi/lib/armv7-m\libcr_c.a(fpprintf.o)
 .text.pr_dec.constprop.1
                0x00006010       0x26 c:/nxp/lpcxpresso_8.2.2_650/lpcxpresso/tools/bin/../lib/gcc/arm-none-eabi/5.4.1/../../../../arm-none-eabi/lib/armv7-m\libcr_c.a(fpprintf.o)
 *fill*         0x00006036        0x2 ff
 .text.sprintf  0x00006038       0x6c c:/nxp/lpcxpresso_8.2.2_650/lpcxpresso/tools/bin/../lib/gcc/arm-none-eabi/5.4.1/../../../../arm-none-eabi/lib/armv7-m\libcr_c.a(fpprintf.o)
                0x00006038                sprintf
 *fill*         0x000060a4        0x4 ff
 .text.fp_display
                0x000060a8      0x8ec c:/nxp/lpcxpresso_8.2.2_650/lpcxpresso/tools/bin/../lib/gcc/arm-none-eabi/5.4.1/../../../../arm-none-eabi/lib/armv7-m\libcr_c.a(fpprintf.o)
 .text._initio  0x00006994       0xa4 c:/nxp/lpcxpresso_8.2.2_650/lpcxpresso/tools/bin/../lib/gcc/arm-none-eabi/5.4.1/../../../../arm-none-eabi/lib/armv7-m\libcr_c.a(initio.o)
                0x00006994                _initio
 .text.__vfprintf
                0x00006a38      0xd28 c:/nxp/lpcxpresso_8.2.2_650/lpcxpresso/tools/bin/../lib/gcc/arm-none-eabi/5.4.1/../../../../arm-none-eabi/lib/armv7-m\libcr_c.a(printf.o)
                0x00006a38                __vfprintf
 .text.ch_val   0x00007760       0x30 c:/nxp/lpcxpresso_8.2.2_650/lpcxpresso/tools/bin/../lib/gcc/arm-none-eabi/5.4.1/../../../../arm-none-eabi/lib/armv7-m\libcr_c.a(scanf.o)
 .text.cr_rd_int
                0x00007790      0x1bc c:/nxp/lpcxpresso_8.2.2_650/lpcxpresso/tools/bin/../lib/gcc/arm-none-eabi/5.4.1/../../../../arm-none-eabi/lib/armv7-m\libcr_c.a(scanf.o)
 *fill*         0x0000794c        0x4 ff
 .text.vfscanf  0x00007950      0x8dc c:/nxp/lpcxpresso_8.2.2_650/lpcxpresso/tools/bin/../lib/gcc/arm-none-eabi/5.4.1/../../../../arm-none-eabi/lib/armv7-m\libcr_c.a(scanf.o)
                0x00007950                vfscanf
 .text.sscanf   0x0000822c       0x4c c:/nxp/lpcxpresso_8.2.2_650/lpcxpresso/tools/bin/../lib/gcc/arm-none-eabi/5.4.1/../../../../arm-none-eabi/lib/armv7-m\libcr_c.a(scanf.o)
                0x0000822c                sscanf
 .text.strtod   0x00008278       0x38 c:/nxp/lpcxpresso_8.2.2_650/lpcxpresso/tools/bin/../lib/gcc/arm-none-eabi/5.4.1/../../../../arm-none-eabi/lib/armv7-m\libcr_c.a(scanf.o)
                0x00008278                strtod
 .text.atof     0x000082b0       0x14 c:/nxp/lpcxpresso_8.2.2_650/lpcxpresso/tools/bin/../lib/gcc/arm-none-eabi/5.4.1/../../../../arm-none-eabi/lib/armv7-m\libcr_c.a(scanf.o)
                0x000082b0                atof
 .text.setvbuf  0x000082c4       0x40 c:/nxp/lpcxpresso_8.2.2_650/lpcxpresso/tools/bin/../lib/gcc/arm-none-eabi/5.4.1/../../../../arm-none-eabi/lib/armv7-m\libcr_c.a(setvbuf.o)
                0x000082c4                setvbuf
 .text.strcpy   0x00008304       0x42 c:/nxp/lpcxpresso_8.2.2_650/lpcxpresso/tools/bin/../lib/gcc/arm-none-eabi/5.4.1/../../../../arm-none-eabi/lib/armv7-m\libcr_c.a(strcpy.o)
                0x00008304                strcpy
 .text.strlen   0x00008346       0x4a c:/nxp/lpcxpresso_8.2.2_650/lpcxpresso/tools/bin/../lib/gcc/arm-none-eabi/5.4.1/../../../../arm-none-eabi/lib/armv7-m\libcr_c.a(strlen.o)
                0x00008346                strlen
 .text.strtok   0x00008390       0x40 c:/nxp/lpcxpresso_8.2.2_650/lpcxpresso/tools/bin/../lib/gcc/arm-none-eabi/5.4.1/../../../../arm-none-eabi/lib/armv7-m\libcr_c.a(strtok.o)
                0x00008390                strtok
 .text.ungetc   0x000083d0       0x38 c:/nxp/lpcxpresso_8.2.2_650/lpcxpresso/tools/bin/../lib/gcc/arm-none-eabi/5.4.1/../../../../arm-none-eabi/lib/armv7-m\libcr_c.a(ungetc.o)
                0x000083d0                ungetc
 .text._Csys_read_
                0x00008408       0x22 c:/nxp/lpcxpresso_8.2.2_650/lpcxpresso/tools/bin/../lib/gcc/arm-none-eabi/5.4.1/../../../../arm-none-eabi/lib/armv7-m\libcr_c.a(__fillbuf.o)
                0x00008408                _Csys_read_
 *fill*         0x0000842a        0x2 ff
 .text.__filbuf
                0x0000842c      0x178 c:/nxp/lpcxpresso_8.2.2_650/lpcxpresso/tools/bin/../lib/gcc/arm-none-eabi/5.4.1/../../../../arm-none-eabi/lib/armv7-m\libcr_c.a(__fillbuf.o)
                0x0000842c                __filbuf
 .text._deferredlazyseek
                0x000085a4       0x44 c:/nxp/lpcxpresso_8.2.2_650/lpcxpresso/tools/bin/../lib/gcc/arm-none-eabi/5.4.1/../../../../arm-none-eabi/lib/armv7-m\libcr_c.a(_deferredlazyseek.o)
                0x000085a4                _deferredlazyseek
 .text.__flsbuf
                0x000085e8      0x140 c:/nxp/lpcxpresso_8.2.2_650/lpcxpresso/tools/bin/../lib/gcc/arm-none-eabi/5.4.1/../../../../arm-none-eabi/lib/armv7-m\libcr_c.a(_deferredlazyseek.o)
                0x000085e8                __flsbuf
 .text._fdopen  0x00008728       0x6a c:/nxp/lpcxpresso_8.2.2_650/lpcxpresso/tools/bin/../lib/gcc/arm-none-eabi/5.4.1/../../../../arm-none-eabi/lib/armv7-m\libcr_c.a(_fdopen.o)
                0x00008728                _fdopen
 .text._fflush  0x00008792       0x58 c:/nxp/lpcxpresso_8.2.2_650/lpcxpresso/tools/bin/../lib/gcc/arm-none-eabi/5.4.1/../../../../arm-none-eabi/lib/armv7-m\libcr_c.a(_fflush.o)
                0x00008792                _fflush
 .text._frexpl  0x000087ea       0x5a c:/nxp/lpcxpresso_8.2.2_650/lpcxpresso/tools/bin/../lib/gcc/arm-none-eabi/5.4.1/../../../../arm-none-eabi/lib/armv7-m\libcr_c.a(_frexpl.o)
                0x000087ea                _frexpl
 .text._ldexpl  0x00008844       0x4c c:/nxp/lpcxpresso_8.2.2_650/lpcxpresso/tools/bin/../lib/gcc/arm-none-eabi/5.4.1/../../../../arm-none-eabi/lib/armv7-m\libcr_c.a(_ldexpl.o)
                0x00008844                _ldexpl
 .text._Cwritebuf
                0x00008890       0x68 c:/nxp/lpcxpresso_8.2.2_650/lpcxpresso/tools/bin/../lib/gcc/arm-none-eabi/5.4.1/../../../../arm-none-eabi/lib/armv7-m\libcr_c.a(_writebuf.o)
                0x00008890                _Cwritebuf
 .text.malloc   0x000088f8       0xc8 c:/nxp/lpcxpresso_8.2.2_650/lpcxpresso/tools/bin/../lib/gcc/arm-none-eabi/5.4.1/../../../../arm-none-eabi/lib/armv7-m\libcr_c.a(alloc.o)
                0x000088f8                malloc
 .text.free     0x000089c0       0x30 c:/nxp/lpcxpresso_8.2.2_650/lpcxpresso/tools/bin/../lib/gcc/arm-none-eabi/5.4.1/../../../../arm-none-eabi/lib/armv7-m\libcr_c.a(alloc.o)
                0x000089c0                free
 .text._Csys_alloc
                0x000089f0       0x20 c:/nxp/lpcxpresso_8.2.2_650/lpcxpresso/tools/bin/../lib/gcc/arm-none-eabi/5.4.1/../../../../arm-none-eabi/lib/armv7-m\libcr_c.a(alloc.o)
                0x000089f0                _Csys_alloc
 .text.fclose   0x00008a10       0x6c c:/nxp/lpcxpresso_8.2.2_650/lpcxpresso/tools/bin/../lib/gcc/arm-none-eabi/5.4.1/../../../../arm-none-eabi/lib/armv7-m\libcr_c.a(fclose.o)
                0x00008a10                fclose
 .text.fflush   0x00008a7c       0x30 c:/nxp/lpcxpresso_8.2.2_650/lpcxpresso/tools/bin/../lib/gcc/arm-none-eabi/5.4.1/../../../../arm-none-eabi/lib/armv7-m\libcr_c.a(fflush.o)
                0x00008a7c                fflush
 .text.fseek    0x00008aac      0x110 c:/nxp/lpcxpresso_8.2.2_650/lpcxpresso/tools/bin/../lib/gcc/arm-none-eabi/5.4.1/../../../../arm-none-eabi/lib/armv7-m\libcr_c.a(fseek.o)
                0x00008aac                fseek
 .text.ftell    0x00008bbc       0x4c c:/nxp/lpcxpresso_8.2.2_650/lpcxpresso/tools/bin/../lib/gcc/arm-none-eabi/5.4.1/../../../../arm-none-eabi/lib/armv7-m\libcr_c.a(ftell.o)
                0x00008bbc                ftell
 .text.remove   0x00008c08       0x14 c:/nxp/lpcxpresso_8.2.2_650/lpcxpresso/tools/bin/../lib/gcc/arm-none-eabi/5.4.1/../../../../arm-none-eabi/lib/armv7-m\libcr_c.a(remove.o)
                0x00008c08                remove
 .text.strcspn  0x00008c1c       0x20 c:/nxp/lpcxpresso_8.2.2_650/lpcxpresso/tools/bin/../lib/gcc/arm-none-eabi/5.4.1/../../../../arm-none-eabi/lib/armv7-m\libcr_c.a(strcspn.o)
                0x00008c1c                strcspn
 .text.strspn   0x00008c3c       0x20 c:/nxp/lpcxpresso_8.2.2_650/lpcxpresso/tools/bin/../lib/gcc/arm-none-eabi/5.4.1/../../../../arm-none-eabi/lib/armv7-m\libcr_c.a(strspn.o)
                0x00008c3c                strspn
 .text._sbrk    0x00008c5c       0x40 c:/nxp/lpcxpresso_8.2.2_650/lpcxpresso/tools/bin/../lib/gcc/arm-none-eabi/5.4.1/../../../../arm-none-eabi/lib/armv7-m\libcr_c.a(_cr_sbrk.o)
                0x00008c5c                _sbrk
 .text._do_fflush
                0x00008c9c       0x44 c:/nxp/lpcxpresso_8.2.2_650/lpcxpresso/tools/bin/../lib/gcc/arm-none-eabi/5.4.1/../../../../arm-none-eabi/lib/armv7-m\libcr_c.a(_do_fflush.o)
                0x00008c9c                _do_fflush
 .text.__check_heap_overflow
                0x00008ce0       0x18 c:/nxp/lpcxpresso_8.2.2_650/lpcxpresso/tools/bin/../lib/gcc/arm-none-eabi/5.4.1/../../../../arm-none-eabi/lib/armv7-m\libcr_c.a(_cr_check_heap.o)
                0x00008ce0                __check_heap_overflow
 .text.__aeabi_dmul
                0x00008cf8      0x110 c:/nxp/lpcxpresso_8.2.2_650/lpcxpresso/tools/bin/../lib/gcc/arm-none-eabi/5.4.1/armv7-m\libcr_eabihelpers.a(double.o)
                0x00008cf8                __aeabi_dmul
 .text.__aeabi_ddiv
                0x00008e08      0x138 c:/nxp/lpcxpresso_8.2.2_650/lpcxpresso/tools/bin/../lib/gcc/arm-none-eabi/5.4.1/armv7-m\libcr_eabihelpers.a(double.o)
                0x00008e08                __aeabi_ddiv
 .text.__aeabi_dsub
                0x00008f40      0x1a0 c:/nxp/lpcxpresso_8.2.2_650/lpcxpresso/tools/bin/../lib/gcc/arm-none-eabi/5.4.1/armv7-m\libcr_eabihelpers.a(double.o)
                0x00008f40                __aeabi_dsub
 .text.__aeabi_dadd
                0x000090e0      0x10c c:/nxp/lpcxpresso_8.2.2_650/lpcxpresso/tools/bin/../lib/gcc/arm-none-eabi/5.4.1/armv7-m\libcr_eabihelpers.a(double.o)
                0x000090e0                __aeabi_dadd
 .text.__aeabi_d2f
                0x000091ec       0x54 c:/nxp/lpcxpresso_8.2.2_650/lpcxpresso/tools/bin/../lib/gcc/arm-none-eabi/5.4.1/armv7-m\libcr_eabihelpers.a(double.o)
                0x000091ec                __aeabi_d2f
 .text.__aeabi_d2iz
                0x00009240       0x40 c:/nxp/lpcxpresso_8.2.2_650/lpcxpresso/tools/bin/../lib/gcc/arm-none-eabi/5.4.1/armv7-m\libcr_eabihelpers.a(double.o)
                0x00009240                __aeabi_d2iz
 .text.__bhs_ui2d
                0x00009280       0x46 c:/nxp/lpcxpresso_8.2.2_650/lpcxpresso/tools/bin/../lib/gcc/arm-none-eabi/5.4.1/armv7-m\libcr_eabihelpers.a(double.o)
                0x00009280                __bhs_ui2d
 .text.__aeabi_i2d
                0x000092c6       0x10 c:/nxp/lpcxpresso_8.2.2_650/lpcxpresso/tools/bin/../lib/gcc/arm-none-eabi/5.4.1/armv7-m\libcr_eabihelpers.a(double.o)
                0x000092c6                __aeabi_i2d
 .text.__aeabi_dcmpeq
                0x000092d6       0x2c c:/nxp/lpcxpresso_8.2.2_650/lpcxpresso/tools/bin/../lib/gcc/arm-none-eabi/5.4.1/armv7-m\libcr_eabihelpers.a(double.o)
                0x000092d6                __aeabi_dcmpeq
 .text.__aeabi_dcmplt
                0x00009302       0x54 c:/nxp/lpcxpresso_8.2.2_650/lpcxpresso/tools/bin/../lib/gcc/arm-none-eabi/5.4.1/armv7-m\libcr_eabihelpers.a(double.o)
                0x00009302                __aeabi_dcmplt
 .text.__aeabi_dcmple
                0x00009356       0x54 c:/nxp/lpcxpresso_8.2.2_650/lpcxpresso/tools/bin/../lib/gcc/arm-none-eabi/5.4.1/armv7-m\libcr_eabihelpers.a(double.o)
                0x00009356                __aeabi_dcmple
 .text.__aeabi_dcmpge
                0x000093aa       0x54 c:/nxp/lpcxpresso_8.2.2_650/lpcxpresso/tools/bin/../lib/gcc/arm-none-eabi/5.4.1/armv7-m\libcr_eabihelpers.a(double.o)
                0x000093aa                __aeabi_dcmpge
 *fill*         0x000093fe        0x2 ff
 .text.__aeabi_fmul
                0x00009400       0xb0 c:/nxp/lpcxpresso_8.2.2_650/lpcxpresso/tools/bin/../lib/gcc/arm-none-eabi/5.4.1/armv7-m\libcr_eabihelpers.a(float.o)
                0x00009400                __aeabi_fmul
 .text.__aeabi_fdiv
                0x000094b0       0xc0 c:/nxp/lpcxpresso_8.2.2_650/lpcxpresso/tools/bin/../lib/gcc/arm-none-eabi/5.4.1/armv7-m\libcr_eabihelpers.a(float.o)
                0x000094b0                __aeabi_fdiv
 .text.__aeabi_fsub
                0x00009570       0xe0 c:/nxp/lpcxpresso_8.2.2_650/lpcxpresso/tools/bin/../lib/gcc/arm-none-eabi/5.4.1/armv7-m\libcr_eabihelpers.a(float.o)
                0x00009570                __aeabi_fsub
 .text.__aeabi_fadd
                0x00009650       0xac c:/nxp/lpcxpresso_8.2.2_650/lpcxpresso/tools/bin/../lib/gcc/arm-none-eabi/5.4.1/armv7-m\libcr_eabihelpers.a(float.o)
                0x00009650                __aeabi_fadd
 .text.__aeabi_f2iz
                0x000096fc       0x32 c:/nxp/lpcxpresso_8.2.2_650/lpcxpresso/tools/bin/../lib/gcc/arm-none-eabi/5.4.1/armv7-m\libcr_eabihelpers.a(float.o)
                0x000096fc                __aeabi_f2iz
 .text.__aeabi_f2uiz
                0x0000972e       0x28 c:/nxp/lpcxpresso_8.2.2_650/lpcxpresso/tools/bin/../lib/gcc/arm-none-eabi/5.4.1/armv7-m\libcr_eabihelpers.a(float.o)
                0x0000972e                __aeabi_f2uiz
 .text.__bhs_ui2f
                0x00009756       0x26 c:/nxp/lpcxpresso_8.2.2_650/lpcxpresso/tools/bin/../lib/gcc/arm-none-eabi/5.4.1/armv7-m\libcr_eabihelpers.a(float.o)
                0x00009756                __bhs_ui2f
 .text.__aeabi_i2f
                0x0000977c       0x10 c:/nxp/lpcxpresso_8.2.2_650/lpcxpresso/tools/bin/../lib/gcc/arm-none-eabi/5.4.1/armv7-m\libcr_eabihelpers.a(float.o)
                0x0000977c                __aeabi_i2f
 .text.__aeabi_f2d
                0x0000978c       0x38 c:/nxp/lpcxpresso_8.2.2_650/lpcxpresso/tools/bin/../lib/gcc/arm-none-eabi/5.4.1/armv7-m\libcr_eabihelpers.a(float.o)
                0x0000978c                __aeabi_f2d
 .text.__aeabi_fcmplt
                0x000097c4       0x3a c:/nxp/lpcxpresso_8.2.2_650/lpcxpresso/tools/bin/../lib/gcc/arm-none-eabi/5.4.1/armv7-m\libcr_eabihelpers.a(float.o)
                0x000097c4                __aeabi_fcmplt
 .text.__aeabi_fcmpgt
                0x000097fe       0x3a c:/nxp/lpcxpresso_8.2.2_650/lpcxpresso/tools/bin/../lib/gcc/arm-none-eabi/5.4.1/armv7-m\libcr_eabihelpers.a(float.o)
                0x000097fe                __aeabi_fcmpgt
 .text.__aeabi_memcpy
                0x00009838       0x34 c:/nxp/lpcxpresso_8.2.2_650/lpcxpresso/tools/bin/../lib/gcc/arm-none-eabi/5.4.1/armv7-m\libcr_eabihelpers.a(memcpy.o)
                0x00009838                __aeabi_memcpy
                0x00009842                __aeabi_memcpy8
                0x00009842                __aeabi_memcpy4
 .text.__aeabi_memset_lowlevel
                0x0000986c       0x32 c:/nxp/lpcxpresso_8.2.2_650/lpcxpresso/tools/bin/../lib/gcc/arm-none-eabi/5.4.1/armv7-m\libcr_eabihelpers.a(memcpy.o)
                0x0000986c                __aeabi_lowlevel_memset
 *fill*         0x0000989e        0x2 ff
 .text.__sys_appexit
                0x000098a0        0xc c:/nxp/lpcxpresso_8.2.2_650/lpcxpresso/tools/bin/../lib/gcc/arm-none-eabi/5.4.1/../../../../arm-none-eabi/lib/armv7-m\libcr_semihost.a(__sys_appexit.o)
                0x000098a0                __sys_appexit
                0x000098a0                __exit
 .text.__sys_close
                0x000098ac        0xc c:/nxp/lpcxpresso_8.2.2_650/lpcxpresso/tools/bin/../lib/gcc/arm-none-eabi/5.4.1/../../../../arm-none-eabi/lib/armv7-m\libcr_semihost.a(__sys_close.o)
                0x000098ac                __sys_close
 .text.__sys_flen
                0x000098b8        0xc c:/nxp/lpcxpresso_8.2.2_650/lpcxpresso/tools/bin/../lib/gcc/arm-none-eabi/5.4.1/../../../../arm-none-eabi/lib/armv7-m\libcr_semihost.a(__sys_flen.o)
                0x000098b8                __sys_flen
 .text.__sys_istty
                0x000098c4        0xc c:/nxp/lpcxpresso_8.2.2_650/lpcxpresso/tools/bin/../lib/gcc/arm-none-eabi/5.4.1/../../../../arm-none-eabi/lib/armv7-m\libcr_semihost.a(__sys_istty.o)
                0x000098c4                __sys_istty
 .text.__sys_read
                0x000098d0        0xc c:/nxp/lpcxpresso_8.2.2_650/lpcxpresso/tools/bin/../lib/gcc/arm-none-eabi/5.4.1/../../../../arm-none-eabi/lib/armv7-m\libcr_semihost.a(__sys_read.o)
                0x000098d0                __sys_read
 .text.__sys_readc
                0x000098dc        0x8 c:/nxp/lpcxpresso_8.2.2_650/lpcxpresso/tools/bin/../lib/gcc/arm-none-eabi/5.4.1/../../../../arm-none-eabi/lib/armv7-m\libcr_semihost.a(__sys_readc.o)
                0x000098dc                __sys_readc
                0x000098dc                __readc
 .text.__sys_remove
                0x000098e4        0xc c:/nxp/lpcxpresso_8.2.2_650/lpcxpresso/tools/bin/../lib/gcc/arm-none-eabi/5.4.1/../../../../arm-none-eabi/lib/armv7-m\libcr_semihost.a(__sys_remove.o)
                0x000098e4                __sys_remove
 .text.__sys_seek
                0x000098f0        0xc c:/nxp/lpcxpresso_8.2.2_650/lpcxpresso/tools/bin/../lib/gcc/arm-none-eabi/5.4.1/../../../../arm-none-eabi/lib/armv7-m\libcr_semihost.a(__sys_seek.o)
                0x000098f0                __sys_seek
 .text.__sys_tmpnam
                0x000098fc        0xc c:/nxp/lpcxpresso_8.2.2_650/lpcxpresso/tools/bin/../lib/gcc/arm-none-eabi/5.4.1/../../../../arm-none-eabi/lib/armv7-m\libcr_semihost.a(__sys_tmpnam.o)
                0x000098fc                __sys_tmpnam
 .text.__sys_write
                0x00009908        0xc c:/nxp/lpcxpresso_8.2.2_650/lpcxpresso/tools/bin/../lib/gcc/arm-none-eabi/5.4.1/../../../../arm-none-eabi/lib/armv7-m\libcr_semihost.a(__sys_write.o)
                0x00009908                __sys_write
                0x00009908                __write
 *(.rodata .rodata.* .constdata .constdata.*)
 .rodata        0x00009914       0x78 ./src/Display.o
 .rodata        0x0000998c       0x1a ./src/GCodeDispatch.o
 *fill*         0x000099a6        0x2 ff
 .rodata        0x000099a8       0x6b ./src/Serial.o
 *fill*         0x00009a13        0x1 ff
 .rodata        0x00009a14       0x82 ./src/main.o
 *fill*         0x00009a96        0x2 ff
 .rodata.OscRateIn
                0x00009a98        0x4 C:\Users\Fernando\Documents\LPCXpresso_8.2.2_650\workspace\TD2\Ejs_TPS\TPO-TD2-v01\LPC_BaseBoardBB1769_R02\Debug\libLPC_BaseBoardBB1769_R02.a(board.o)
                0x00009a98                OscRateIn
 .rodata.RTCOscRateIn
                0x00009a9c        0x4 C:\Users\Fernando\Documents\LPCXpresso_8.2.2_650\workspace\TD2\Ejs_TPS\TPO-TD2-v01\LPC_BaseBoardBB1769_R02\Debug\libLPC_BaseBoardBB1769_R02.a(board.o)
                0x00009a9c                RTCOscRateIn
 .rodata.pinmuxing
                0x00009aa0       0x3c C:\Users\Fernando\Documents\LPCXpresso_8.2.2_650\workspace\TD2\Ejs_TPS\TPO-TD2-v01\LPC_BaseBoardBB1769_R02\Debug\libLPC_BaseBoardBB1769_R02.a(board_sysinit.o)
 .rodata        0x00009adc        0x5 C:\Users\Fernando\Documents\LPCXpresso_8.2.2_650\workspace\TD2\Ejs_TPS\TPO-TD2-v01\LibFreeRTOS_8.2.3\Debug\libLibFreeRTOS_8.2.3.a(tasks.o)
 .rodata.str1.1
                0x00009ae1       0x34 c:/nxp/lpcxpresso_8.2.2_650/lpcxpresso/tools/bin/../lib/gcc/arm-none-eabi/5.4.1/../../../../arm-none-eabi/lib/armv7-m\libcr_c.a(fpprintf.o)
                                 0x35 (size before relaxing)
 .rodata.str1.1
                0x00009b15        0x4 c:/nxp/lpcxpresso_8.2.2_650/lpcxpresso/tools/bin/../lib/gcc/arm-none-eabi/5.4.1/../../../../arm-none-eabi/lib/armv7-m\libcr_c.a(initio.o)
 .rodata.str1.1
                0x00009b19       0x31 c:/nxp/lpcxpresso_8.2.2_650/lpcxpresso/tools/bin/../lib/gcc/arm-none-eabi/5.4.1/../../../../arm-none-eabi/lib/armv7-m\libcr_c.a(printf.o)
                                 0x38 (size before relaxing)
 .rodata.str1.1
                0x00009b4a        0x6 c:/nxp/lpcxpresso_8.2.2_650/lpcxpresso/tools/bin/../lib/gcc/arm-none-eabi/5.4.1/../../../../arm-none-eabi/lib/armv7-m\libcr_c.a(scanf.o)
 .rodata.str1.1
                0x00009b50        0x1 c:/nxp/lpcxpresso_8.2.2_650/lpcxpresso/tools/bin/../lib/gcc/arm-none-eabi/5.4.1/../../../../arm-none-eabi/lib/armv7-m\libcr_c.a(strtok.o)
 .rodata.__huge_vall
                0x00009b50        0x8 c:/nxp/lpcxpresso_8.2.2_650/lpcxpresso/tools/bin/../lib/gcc/arm-none-eabi/5.4.1/../../../../arm-none-eabi/lib/armv7-m\libcr_c.a(_hugeval.o)
                0x00009b50                __huge_vall
 .rodata.str1.1
                0x00009b58       0x18 c:/nxp/lpcxpresso_8.2.2_650/lpcxpresso/tools/bin/../lib/gcc/arm-none-eabi/5.4.1/../../../../arm-none-eabi/lib/armv7-m\libcr_c.a(alloc.o)
 .rodata.__ctype
                0x00009b70      0x180 c:/nxp/lpcxpresso_8.2.2_650/lpcxpresso/tools/bin/../lib/gcc/arm-none-eabi/5.4.1/../../../../arm-none-eabi/lib/armv7-m\libcr_c.a(ctype.o)
                0x00009b70                __ctype
                0x00009cf0                . = ALIGN (0x4)

.glue_7         0x00009cf0        0x0
 .glue_7        0x00009cf0        0x0 linker stubs

.glue_7t        0x00009cf0        0x0
 .glue_7t       0x00009cf0        0x0 linker stubs

.vfp11_veneer   0x00009cf0        0x0
 .vfp11_veneer  0x00009cf0        0x0 linker stubs

.v4_bx          0x00009cf0        0x0
 .v4_bx         0x00009cf0        0x0 linker stubs

.iplt           0x00009cf0        0x0
 .iplt          0x00009cf0        0x0 ./src/Display.o

.rel.dyn        0x00009cf0        0x0
 .rel.iplt      0x00009cf0        0x0 ./src/Display.o

.ARM.extab
 *(.ARM.extab* .gnu.linkonce.armextab.*)
                0x00009cf0                __exidx_start = .

.ARM.exidx
 *(.ARM.exidx* .gnu.linkonce.armexidx.*)
                0x00009cf0                __exidx_end = .
                0x00009cf0                _etext = .

.data_RAM2      0x2007c000        0x0 load address 0x00009cf0
 FILL mask 0xff
                [!provide]                PROVIDE (__start_data_RAM2, .)
 *(.ramfunc.$RAM2)
 *(.ramfunc.$RamAHB32)
 *(.data.$RAM2*)
 *(.data.$RamAHB32*)
                0x2007c000                . = ALIGN (0x4)
                [!provide]                PROVIDE (__end_data_RAM2, .)

.uninit_RESERVED
                0x10000000        0x0
 *(.bss.$RESERVED*)
                0x10000000                . = ALIGN (0x4)
                0x10000000                _end_uninit_RESERVED = .

.data           0x10000000       0x14 load address 0x00009cf0
 FILL mask 0xff
                0x10000000                _data = .
 *(vtable)
 *(.ramfunc*)
 *(.data*)
 .data.xFreeBytesRemaining
                0x10000000        0x4 C:\Users\Fernando\Documents\LPCXpresso_8.2.2_650\workspace\TD2\Ejs_TPS\TPO-TD2-v01\LibFreeRTOS_8.2.3\Debug\libLibFreeRTOS_8.2.3.a(heap_2.o)
 .data.uxCriticalNesting
                0x10000004        0x4 C:\Users\Fernando\Documents\LPCXpresso_8.2.2_650\workspace\TD2\Ejs_TPS\TPO-TD2-v01\LibFreeRTOS_8.2.3\Debug\libLibFreeRTOS_8.2.3.a(port.o)
 .data.posinf.4427
                0x10000008        0x4 c:/nxp/lpcxpresso_8.2.2_650/lpcxpresso/tools/bin/../lib/gcc/arm-none-eabi/5.4.1/../../../../arm-none-eabi/lib/armv7-m\libcr_c.a(scanf.o)
 .data.neginf.4428
                0x1000000c        0x4 c:/nxp/lpcxpresso_8.2.2_650/lpcxpresso/tools/bin/../lib/gcc/arm-none-eabi/5.4.1/../../../../arm-none-eabi/lib/armv7-m\libcr_c.a(scanf.o)
 .data.saves1.3920
                0x10000010        0x4 c:/nxp/lpcxpresso_8.2.2_650/lpcxpresso/tools/bin/../lib/gcc/arm-none-eabi/5.4.1/../../../../arm-none-eabi/lib/armv7-m\libcr_c.a(strtok.o)
                0x10000014                . = ALIGN (0x4)
                0x10000014                _edata = .

.igot.plt       0x10000014        0x0 load address 0x00009d04
 .igot.plt      0x10000014        0x0 ./src/Display.o

.bss_RAM2       0x2007c000        0x0
                [!provide]                PROVIDE (__start_bss_RAM2, .)
 *(.bss.$RAM2*)
 *(.bss.$RamAHB32*)
                0x2007c000                . = ALIGN ((. != 0x0)?0x4:0x1)
                [!provide]                PROVIDE (__end_bss_RAM2, .)

.bss            0x10000014     0x60d8
                0x10000014                _bss = .
 *(.bss*)
 .bss.TaskUART_Ser_Auto_Handler
                0x10000014        0x4 ./src/main.o
                0x10000014                TaskUART_Ser_Auto_Handler
 .bss.Gcode_execute_line_Handler
                0x10000018        0x4 ./src/main.o
                0x10000018                Gcode_execute_line_Handler
 .bss.gcode_parser_Handler
                0x1000001c        0x4 ./src/main.o
                0x1000001c                gcode_parser_Handler
 .bss.stepper_move_Handler
                0x10000020        0x4 ./src/main.o
                0x10000020                stepper_move_Handler
 .bss.vSystemInit_Handler
                0x10000024        0x4 ./src/main.o
                0x10000024                vSystemInit_Handler
 .bss.vCncControllerTask_Handler
                0x10000028        0x4 ./src/main.o
                0x10000028                vCncControllerTask_Handler
 .bss.vTaskUART_Handler
                0x1000002c        0x4 ./src/main.o
                0x1000002c                vTaskUART_Handler
 .bss.pxCurrentTCB
                0x10000030        0x4 C:\Users\Fernando\Documents\LPCXpresso_8.2.2_650\workspace\TD2\Ejs_TPS\TPO-TD2-v01\LibFreeRTOS_8.2.3\Debug\libLibFreeRTOS_8.2.3.a(tasks.o)
                0x10000030                pxCurrentTCB
 .bss.pxReadyTasksLists
                0x10000034       0xa0 C:\Users\Fernando\Documents\LPCXpresso_8.2.2_650\workspace\TD2\Ejs_TPS\TPO-TD2-v01\LibFreeRTOS_8.2.3\Debug\libLibFreeRTOS_8.2.3.a(tasks.o)
 .bss.xDelayedTaskList1
                0x100000d4       0x14 C:\Users\Fernando\Documents\LPCXpresso_8.2.2_650\workspace\TD2\Ejs_TPS\TPO-TD2-v01\LibFreeRTOS_8.2.3\Debug\libLibFreeRTOS_8.2.3.a(tasks.o)
 .bss.xDelayedTaskList2
                0x100000e8       0x14 C:\Users\Fernando\Documents\LPCXpresso_8.2.2_650\workspace\TD2\Ejs_TPS\TPO-TD2-v01\LibFreeRTOS_8.2.3\Debug\libLibFreeRTOS_8.2.3.a(tasks.o)
 .bss.pxDelayedTaskList
                0x100000fc        0x4 C:\Users\Fernando\Documents\LPCXpresso_8.2.2_650\workspace\TD2\Ejs_TPS\TPO-TD2-v01\LibFreeRTOS_8.2.3\Debug\libLibFreeRTOS_8.2.3.a(tasks.o)
 .bss.pxOverflowDelayedTaskList
                0x10000100        0x4 C:\Users\Fernando\Documents\LPCXpresso_8.2.2_650\workspace\TD2\Ejs_TPS\TPO-TD2-v01\LibFreeRTOS_8.2.3\Debug\libLibFreeRTOS_8.2.3.a(tasks.o)
 .bss.xPendingReadyList
                0x10000104       0x14 C:\Users\Fernando\Documents\LPCXpresso_8.2.2_650\workspace\TD2\Ejs_TPS\TPO-TD2-v01\LibFreeRTOS_8.2.3\Debug\libLibFreeRTOS_8.2.3.a(tasks.o)
 .bss.xTasksWaitingTermination
                0x10000118       0x14 C:\Users\Fernando\Documents\LPCXpresso_8.2.2_650\workspace\TD2\Ejs_TPS\TPO-TD2-v01\LibFreeRTOS_8.2.3\Debug\libLibFreeRTOS_8.2.3.a(tasks.o)
 .bss.uxTasksDeleted
                0x1000012c        0x4 C:\Users\Fernando\Documents\LPCXpresso_8.2.2_650\workspace\TD2\Ejs_TPS\TPO-TD2-v01\LibFreeRTOS_8.2.3\Debug\libLibFreeRTOS_8.2.3.a(tasks.o)
 .bss.xSuspendedTaskList
                0x10000130       0x14 C:\Users\Fernando\Documents\LPCXpresso_8.2.2_650\workspace\TD2\Ejs_TPS\TPO-TD2-v01\LibFreeRTOS_8.2.3\Debug\libLibFreeRTOS_8.2.3.a(tasks.o)
 .bss.uxCurrentNumberOfTasks
                0x10000144        0x4 C:\Users\Fernando\Documents\LPCXpresso_8.2.2_650\workspace\TD2\Ejs_TPS\TPO-TD2-v01\LibFreeRTOS_8.2.3\Debug\libLibFreeRTOS_8.2.3.a(tasks.o)
 .bss.xTickCount
                0x10000148        0x4 C:\Users\Fernando\Documents\LPCXpresso_8.2.2_650\workspace\TD2\Ejs_TPS\TPO-TD2-v01\LibFreeRTOS_8.2.3\Debug\libLibFreeRTOS_8.2.3.a(tasks.o)
 .bss.uxTopReadyPriority
                0x1000014c        0x4 C:\Users\Fernando\Documents\LPCXpresso_8.2.2_650\workspace\TD2\Ejs_TPS\TPO-TD2-v01\LibFreeRTOS_8.2.3\Debug\libLibFreeRTOS_8.2.3.a(tasks.o)
 .bss.xSchedulerRunning
                0x10000150        0x4 C:\Users\Fernando\Documents\LPCXpresso_8.2.2_650\workspace\TD2\Ejs_TPS\TPO-TD2-v01\LibFreeRTOS_8.2.3\Debug\libLibFreeRTOS_8.2.3.a(tasks.o)
 .bss.uxPendedTicks
                0x10000154        0x4 C:\Users\Fernando\Documents\LPCXpresso_8.2.2_650\workspace\TD2\Ejs_TPS\TPO-TD2-v01\LibFreeRTOS_8.2.3\Debug\libLibFreeRTOS_8.2.3.a(tasks.o)
 .bss.xYieldPending
                0x10000158        0x4 C:\Users\Fernando\Documents\LPCXpresso_8.2.2_650\workspace\TD2\Ejs_TPS\TPO-TD2-v01\LibFreeRTOS_8.2.3\Debug\libLibFreeRTOS_8.2.3.a(tasks.o)
 .bss.xNumOfOverflows
                0x1000015c        0x4 C:\Users\Fernando\Documents\LPCXpresso_8.2.2_650\workspace\TD2\Ejs_TPS\TPO-TD2-v01\LibFreeRTOS_8.2.3\Debug\libLibFreeRTOS_8.2.3.a(tasks.o)
 .bss.uxTaskNumber
                0x10000160        0x4 C:\Users\Fernando\Documents\LPCXpresso_8.2.2_650\workspace\TD2\Ejs_TPS\TPO-TD2-v01\LibFreeRTOS_8.2.3\Debug\libLibFreeRTOS_8.2.3.a(tasks.o)
 .bss.xNextTaskUnblockTime
                0x10000164        0x4 C:\Users\Fernando\Documents\LPCXpresso_8.2.2_650\workspace\TD2\Ejs_TPS\TPO-TD2-v01\LibFreeRTOS_8.2.3\Debug\libLibFreeRTOS_8.2.3.a(tasks.o)
 .bss.uxSchedulerSuspended
                0x10000168        0x4 C:\Users\Fernando\Documents\LPCXpresso_8.2.2_650\workspace\TD2\Ejs_TPS\TPO-TD2-v01\LibFreeRTOS_8.2.3\Debug\libLibFreeRTOS_8.2.3.a(tasks.o)
 .bss.ucHeap    0x1000016c     0x5400 C:\Users\Fernando\Documents\LPCXpresso_8.2.2_650\workspace\TD2\Ejs_TPS\TPO-TD2-v01\LibFreeRTOS_8.2.3\Debug\libLibFreeRTOS_8.2.3.a(heap_2.o)
 .bss.xStart    0x1000556c        0x8 C:\Users\Fernando\Documents\LPCXpresso_8.2.2_650\workspace\TD2\Ejs_TPS\TPO-TD2-v01\LibFreeRTOS_8.2.3\Debug\libLibFreeRTOS_8.2.3.a(heap_2.o)
 .bss.xEnd      0x10005574        0x8 C:\Users\Fernando\Documents\LPCXpresso_8.2.2_650\workspace\TD2\Ejs_TPS\TPO-TD2-v01\LibFreeRTOS_8.2.3\Debug\libLibFreeRTOS_8.2.3.a(heap_2.o)
 .bss.xHeapHasBeenInitialised.7757
                0x1000557c        0x4 C:\Users\Fernando\Documents\LPCXpresso_8.2.2_650\workspace\TD2\Ejs_TPS\TPO-TD2-v01\LibFreeRTOS_8.2.3\Debug\libLibFreeRTOS_8.2.3.a(heap_2.o)
 .bss.errno     0x10005580        0x4 c:/nxp/lpcxpresso_8.2.2_650/lpcxpresso/tools/bin/../lib/gcc/arm-none-eabi/5.4.1/../../../../arm-none-eabi/lib/armv7-m\libcr_c.a(errno.o)
                0x10005580                errno
 .bss._extra    0x10005584        0x4 c:/nxp/lpcxpresso_8.2.2_650/lpcxpresso/tools/bin/../lib/gcc/arm-none-eabi/5.4.1/../../../../arm-none-eabi/lib/armv7-m\libcr_c.a(initio.o)
                0x10005584                _extra
 .bss.__Ciob    0x10005588      0x140 c:/nxp/lpcxpresso_8.2.2_650/lpcxpresso/tools/bin/../lib/gcc/arm-none-eabi/5.4.1/../../../../arm-none-eabi/lib/armv7-m\libcr_c.a(stdio.o)
                0x10005588                __Ciob
 .bss.__heaps   0x100056c8        0x4 c:/nxp/lpcxpresso_8.2.2_650/lpcxpresso/tools/bin/../lib/gcc/arm-none-eabi/5.4.1/../../../../arm-none-eabi/lib/armv7-m\libcr_c.a(__init_alloc.o)
                0x100056c8                __heaps
 .bss.__end_of_heap
                0x100056cc        0x4 c:/nxp/lpcxpresso_8.2.2_650/lpcxpresso/tools/bin/../lib/gcc/arm-none-eabi/5.4.1/../../../../arm-none-eabi/lib/armv7-m\libcr_c.a(__init_alloc.o)
                0x100056cc                __end_of_heap
 *(COMMON)
 COMMON         0x100056d0      0x904 ./src/Planner.o
                0x100056d0                settings
                0x10005714                plan_block_buffer
 COMMON         0x10005fd4       0x28 ./src/Serial.o
                0x10005fd4                auxline
 COMMON         0x10005ffc       0x1c ./src/Stepper.o
                0x10005ffc                st_auto_block
 COMMON         0x10006018       0x80 ./src/main.o
                0x10006018                xQueue_Rx
                0x1000601c                xQueue_GCodeLine
                0x10006020                xQueue_Commands
                0x10006024                xQueue_Display
                0x10006028                xsemTimer2
                0x1000602c                xQueue_PlannerBlock
                0x10006030                xQueue_GCBlock
                0x10006034                xQueue_GCodeToken
                0x10006038                mutex_Pos
                0x1000603c                sys
                0x10006078                xsemDisplayPos
                0x1000607c                xSemPulsador
                0x10006080                xsemTimer1
                0x10006084                xsemSerialAuto
                0x10006088                serial_tx_wait_sem
                0x1000608c                xsemEndProgram
                0x10006090                xsemTimer0
                0x10006094                xsemGCode
 COMMON         0x10006098       0x50 C:\Users\Fernando\Documents\LPCXpresso_8.2.2_650\workspace\TD2\Ejs_TPS\TPO-TD2-v01\LibFreeRTOS_8.2.3\Debug\libLibFreeRTOS_8.2.3.a(queue.o)
                0x10006098                xQueueRegistry
 COMMON         0x100060e8        0x4 C:\Users\Fernando\Documents\LPCXpresso_8.2.2_650\workspace\TD2\Ejs_TPS\TPO-TD2-v01\lpc_chip_175x_6x\Debug\liblpc_chip_175x_6x.a(chip_17xx_40xx.o)
                0x100060e8                SystemCoreClock
                0x100060ec                . = ALIGN (0x4)
                0x100060ec                _ebss = .
                [!provide]                PROVIDE (end, .)

.noinit_RAM2    0x2007c000        0x0
 *(.noinit.$RAM2*)
 *(.noinit.$RamAHB32*)
                0x2007c000                . = ALIGN (0x4)

.noinit         0x100060ec        0x0
                0x100060ec                _noinit = .
 *(.noinit*)
                0x100060ec                . = ALIGN (0x4)
                0x100060ec                _end_noinit = .
                0x100060ec                PROVIDE (_pvHeapStart, DEFINED (__user_heap_base)?__user_heap_base:.)
                0x10008000                PROVIDE (_vStackTop, DEFINED (__user_stack_top)?__user_stack_top:(__top_RamLoc32 - 0x0))
                0xefff74b2                PROVIDE (__valid_user_code_checksum, (0x0 - ((((((_vStackTop + (ResetISR + 0x1)) + (NMI_Handler + 0x1)) + (HardFault_Handler + 0x1)) + (DEFINED (MemManage_Handler)?MemManage_Handler:0x0 + 0x1)) + (DEFINED (BusFault_Handler)?BusFault_Handler:0x0 + 0x1)) + (DEFINED (UsageFault_Handler)?UsageFault_Handler:0x0 + 0x1))))
OUTPUT(TD2CNC-testHW3.axf elf32-littlearm)

.debug_info     0x00000000     0xb696
 .debug_info    0x00000000      0x767 ./src/Display.o
 .debug_info    0x00000767      0x720 ./src/GCodeDispatch.o
 .debug_info    0x00000e87      0x76f ./src/IRQHandlers.o
 .debug_info    0x000015f6      0x337 ./src/MatrixKeypad.o
 .debug_info    0x0000192d      0x820 ./src/Planner.o
 .debug_info    0x0000214d      0x532 ./src/Serial.o
 .debug_info    0x0000267f      0x7f7 ./src/Stepper.o
 .debug_info    0x00002e76      0x5e6 ./src/appinit.o
 .debug_info    0x0000345c      0x253 ./src/cr_startup_lpc175x_6x.o
 .debug_info    0x000036af      0x5f7 ./src/main.o
 .debug_info    0x00003ca6      0x110 ./src/sysinit.o
 .debug_info    0x00003db6     0x1ba3 C:\Users\Fernando\Documents\LPCXpresso_8.2.2_650\workspace\TD2\Ejs_TPS\TPO-TD2-v01\LPC_BaseBoardBB1769_R02\Debug\libLPC_BaseBoardBB1769_R02.a(board.o)
 .debug_info    0x00005959      0x591 C:\Users\Fernando\Documents\LPCXpresso_8.2.2_650\workspace\TD2\Ejs_TPS\TPO-TD2-v01\LPC_BaseBoardBB1769_R02\Debug\libLPC_BaseBoardBB1769_R02.a(board_sysinit.o)
 .debug_info    0x00005eea      0xcc6 C:\Users\Fernando\Documents\LPCXpresso_8.2.2_650\workspace\TD2\Ejs_TPS\TPO-TD2-v01\LibFreeRTOS_8.2.3\Debug\libLibFreeRTOS_8.2.3.a(queue.o)
 .debug_info    0x00006bb0     0x16b5 C:\Users\Fernando\Documents\LPCXpresso_8.2.2_650\workspace\TD2\Ejs_TPS\TPO-TD2-v01\LibFreeRTOS_8.2.3\Debug\libLibFreeRTOS_8.2.3.a(tasks.o)
 .debug_info    0x00008265      0x3b0 C:\Users\Fernando\Documents\LPCXpresso_8.2.2_650\workspace\TD2\Ejs_TPS\TPO-TD2-v01\LibFreeRTOS_8.2.3\Debug\libLibFreeRTOS_8.2.3.a(heap_2.o)
 .debug_info    0x00008615      0x32d C:\Users\Fernando\Documents\LPCXpresso_8.2.2_650\workspace\TD2\Ejs_TPS\TPO-TD2-v01\LibFreeRTOS_8.2.3\Debug\libLibFreeRTOS_8.2.3.a(port.o)
 .debug_info    0x00008942      0x2df C:\Users\Fernando\Documents\LPCXpresso_8.2.2_650\workspace\TD2\Ejs_TPS\TPO-TD2-v01\LibFreeRTOS_8.2.3\Debug\libLibFreeRTOS_8.2.3.a(list.o)
 .debug_info    0x00008c21      0x51e C:\Users\Fernando\Documents\LPCXpresso_8.2.2_650\workspace\TD2\Ejs_TPS\TPO-TD2-v01\lpc_chip_175x_6x\Debug\liblpc_chip_175x_6x.a(chip_17xx_40xx.o)
 .debug_info    0x0000913f      0xb62 C:\Users\Fernando\Documents\LPCXpresso_8.2.2_650\workspace\TD2\Ejs_TPS\TPO-TD2-v01\lpc_chip_175x_6x\Debug\liblpc_chip_175x_6x.a(clock_17xx_40xx.o)
 .debug_info    0x00009ca1      0x2e9 C:\Users\Fernando\Documents\LPCXpresso_8.2.2_650\workspace\TD2\Ejs_TPS\TPO-TD2-v01\lpc_chip_175x_6x\Debug\liblpc_chip_175x_6x.a(iocon_17xx_40xx.o)
 .debug_info    0x00009f8a      0x439 C:\Users\Fernando\Documents\LPCXpresso_8.2.2_650\workspace\TD2\Ejs_TPS\TPO-TD2-v01\lpc_chip_175x_6x\Debug\liblpc_chip_175x_6x.a(sysinit_17xx_40xx.o)
 .debug_info    0x0000a3c3      0x3f9 C:\Users\Fernando\Documents\LPCXpresso_8.2.2_650\workspace\TD2\Ejs_TPS\TPO-TD2-v01\lpc_chip_175x_6x\Debug\liblpc_chip_175x_6x.a(timer_17xx_40xx.o)
 .debug_info    0x0000a7bc      0xeda C:\Users\Fernando\Documents\LPCXpresso_8.2.2_650\workspace\TD2\Ejs_TPS\TPO-TD2-v01\lpc_chip_175x_6x\Debug\liblpc_chip_175x_6x.a(uart_17xx_40xx.o)

.debug_abbrev   0x00000000     0x2785
 .debug_abbrev  0x00000000      0x19e ./src/Display.o
 .debug_abbrev  0x0000019e      0x170 ./src/GCodeDispatch.o
 .debug_abbrev  0x0000030e      0x1bb ./src/IRQHandlers.o
 .debug_abbrev  0x000004c9      0x117 ./src/MatrixKeypad.o
 .debug_abbrev  0x000005e0      0x1c6 ./src/Planner.o
 .debug_abbrev  0x000007a6      0x147 ./src/Serial.o
 .debug_abbrev  0x000008ed      0x18e ./src/Stepper.o
 .debug_abbrev  0x00000a7b      0x15e ./src/appinit.o
 .debug_abbrev  0x00000bd9       0xf5 ./src/cr_startup_lpc175x_6x.o
 .debug_abbrev  0x00000cce      0x175 ./src/main.o
 .debug_abbrev  0x00000e43       0xa3 ./src/sysinit.o
 .debug_abbrev  0x00000ee6      0x38c C:\Users\Fernando\Documents\LPCXpresso_8.2.2_650\workspace\TD2\Ejs_TPS\TPO-TD2-v01\LPC_BaseBoardBB1769_R02\Debug\libLPC_BaseBoardBB1769_R02.a(board.o)
 .debug_abbrev  0x00001272      0x15c C:\Users\Fernando\Documents\LPCXpresso_8.2.2_650\workspace\TD2\Ejs_TPS\TPO-TD2-v01\LPC_BaseBoardBB1769_R02\Debug\libLPC_BaseBoardBB1769_R02.a(board_sysinit.o)
 .debug_abbrev  0x000013ce      0x1cc C:\Users\Fernando\Documents\LPCXpresso_8.2.2_650\workspace\TD2\Ejs_TPS\TPO-TD2-v01\LibFreeRTOS_8.2.3\Debug\libLibFreeRTOS_8.2.3.a(queue.o)
 .debug_abbrev  0x0000159a      0x2ae C:\Users\Fernando\Documents\LPCXpresso_8.2.2_650\workspace\TD2\Ejs_TPS\TPO-TD2-v01\LibFreeRTOS_8.2.3\Debug\libLibFreeRTOS_8.2.3.a(tasks.o)
 .debug_abbrev  0x00001848      0x196 C:\Users\Fernando\Documents\LPCXpresso_8.2.2_650\workspace\TD2\Ejs_TPS\TPO-TD2-v01\LibFreeRTOS_8.2.3\Debug\libLibFreeRTOS_8.2.3.a(heap_2.o)
 .debug_abbrev  0x000019de      0x1ad C:\Users\Fernando\Documents\LPCXpresso_8.2.2_650\workspace\TD2\Ejs_TPS\TPO-TD2-v01\LibFreeRTOS_8.2.3\Debug\libLibFreeRTOS_8.2.3.a(port.o)
 .debug_abbrev  0x00001b8b       0xec C:\Users\Fernando\Documents\LPCXpresso_8.2.2_650\workspace\TD2\Ejs_TPS\TPO-TD2-v01\LibFreeRTOS_8.2.3\Debug\libLibFreeRTOS_8.2.3.a(list.o)
 .debug_abbrev  0x00001c77      0x13c C:\Users\Fernando\Documents\LPCXpresso_8.2.2_650\workspace\TD2\Ejs_TPS\TPO-TD2-v01\lpc_chip_175x_6x\Debug\liblpc_chip_175x_6x.a(chip_17xx_40xx.o)
 .debug_abbrev  0x00001db3      0x2ec C:\Users\Fernando\Documents\LPCXpresso_8.2.2_650\workspace\TD2\Ejs_TPS\TPO-TD2-v01\lpc_chip_175x_6x\Debug\liblpc_chip_175x_6x.a(clock_17xx_40xx.o)
 .debug_abbrev  0x0000209f      0x126 C:\Users\Fernando\Documents\LPCXpresso_8.2.2_650\workspace\TD2\Ejs_TPS\TPO-TD2-v01\lpc_chip_175x_6x\Debug\liblpc_chip_175x_6x.a(iocon_17xx_40xx.o)
 .debug_abbrev  0x000021c5      0x175 C:\Users\Fernando\Documents\LPCXpresso_8.2.2_650\workspace\TD2\Ejs_TPS\TPO-TD2-v01\lpc_chip_175x_6x\Debug\liblpc_chip_175x_6x.a(sysinit_17xx_40xx.o)
 .debug_abbrev  0x0000233a      0x163 C:\Users\Fernando\Documents\LPCXpresso_8.2.2_650\workspace\TD2\Ejs_TPS\TPO-TD2-v01\lpc_chip_175x_6x\Debug\liblpc_chip_175x_6x.a(timer_17xx_40xx.o)
 .debug_abbrev  0x0000249d      0x2e8 C:\Users\Fernando\Documents\LPCXpresso_8.2.2_650\workspace\TD2\Ejs_TPS\TPO-TD2-v01\lpc_chip_175x_6x\Debug\liblpc_chip_175x_6x.a(uart_17xx_40xx.o)

.debug_aranges  0x00000000      0xc38
 .debug_aranges
                0x00000000       0x40 ./src/Display.o
 .debug_aranges
                0x00000040       0x30 ./src/GCodeDispatch.o
 .debug_aranges
                0x00000070       0x68 ./src/IRQHandlers.o
 .debug_aranges
                0x000000d8       0x28 ./src/MatrixKeypad.o
 .debug_aranges
                0x00000100       0x60 ./src/Planner.o
 .debug_aranges
                0x00000160       0x28 ./src/Serial.o
 .debug_aranges
                0x00000188       0x60 ./src/Stepper.o
 .debug_aranges
                0x000001e8       0x30 ./src/appinit.o
 .debug_aranges
                0x00000218       0x80 ./src/cr_startup_lpc175x_6x.o
 .debug_aranges
                0x00000298       0x50 ./src/main.o
 .debug_aranges
                0x000002e8       0x20 ./src/sysinit.o
 .debug_aranges
                0x00000308      0x1f0 C:\Users\Fernando\Documents\LPCXpresso_8.2.2_650\workspace\TD2\Ejs_TPS\TPO-TD2-v01\LPC_BaseBoardBB1769_R02\Debug\libLPC_BaseBoardBB1769_R02.a(board.o)
 .debug_aranges
                0x000004f8       0x38 C:\Users\Fernando\Documents\LPCXpresso_8.2.2_650\workspace\TD2\Ejs_TPS\TPO-TD2-v01\LPC_BaseBoardBB1769_R02\Debug\libLPC_BaseBoardBB1769_R02.a(board_sysinit.o)
 .debug_aranges
                0x00000530       0xf8 C:\Users\Fernando\Documents\LPCXpresso_8.2.2_650\workspace\TD2\Ejs_TPS\TPO-TD2-v01\LibFreeRTOS_8.2.3\Debug\libLibFreeRTOS_8.2.3.a(queue.o)
 .debug_aranges
                0x00000628      0x1b8 C:\Users\Fernando\Documents\LPCXpresso_8.2.2_650\workspace\TD2\Ejs_TPS\TPO-TD2-v01\LibFreeRTOS_8.2.3\Debug\libLibFreeRTOS_8.2.3.a(tasks.o)
 .debug_aranges
                0x000007e0       0x40 C:\Users\Fernando\Documents\LPCXpresso_8.2.2_650\workspace\TD2\Ejs_TPS\TPO-TD2-v01\LibFreeRTOS_8.2.3\Debug\libLibFreeRTOS_8.2.3.a(heap_2.o)
 .debug_aranges
                0x00000820       0x88 C:\Users\Fernando\Documents\LPCXpresso_8.2.2_650\workspace\TD2\Ejs_TPS\TPO-TD2-v01\LibFreeRTOS_8.2.3\Debug\libLibFreeRTOS_8.2.3.a(port.o)
 .debug_aranges
                0x000008a8       0x40 C:\Users\Fernando\Documents\LPCXpresso_8.2.2_650\workspace\TD2\Ejs_TPS\TPO-TD2-v01\LibFreeRTOS_8.2.3\Debug\libLibFreeRTOS_8.2.3.a(list.o)
 .debug_aranges
                0x000008e8       0x38 C:\Users\Fernando\Documents\LPCXpresso_8.2.2_650\workspace\TD2\Ejs_TPS\TPO-TD2-v01\lpc_chip_175x_6x\Debug\liblpc_chip_175x_6x.a(chip_17xx_40xx.o)
 .debug_aranges
                0x00000920      0x120 C:\Users\Fernando\Documents\LPCXpresso_8.2.2_650\workspace\TD2\Ejs_TPS\TPO-TD2-v01\lpc_chip_175x_6x\Debug\liblpc_chip_175x_6x.a(clock_17xx_40xx.o)
 .debug_aranges
                0x00000a40       0x30 C:\Users\Fernando\Documents\LPCXpresso_8.2.2_650\workspace\TD2\Ejs_TPS\TPO-TD2-v01\lpc_chip_175x_6x\Debug\liblpc_chip_175x_6x.a(iocon_17xx_40xx.o)
 .debug_aranges
                0x00000a70       0x60 C:\Users\Fernando\Documents\LPCXpresso_8.2.2_650\workspace\TD2\Ejs_TPS\TPO-TD2-v01\lpc_chip_175x_6x\Debug\liblpc_chip_175x_6x.a(sysinit_17xx_40xx.o)
 .debug_aranges
                0x00000ad0       0x40 C:\Users\Fernando\Documents\LPCXpresso_8.2.2_650\workspace\TD2\Ejs_TPS\TPO-TD2-v01\lpc_chip_175x_6x\Debug\liblpc_chip_175x_6x.a(timer_17xx_40xx.o)
 .debug_aranges
                0x00000b10      0x128 C:\Users\Fernando\Documents\LPCXpresso_8.2.2_650\workspace\TD2\Ejs_TPS\TPO-TD2-v01\lpc_chip_175x_6x\Debug\liblpc_chip_175x_6x.a(uart_17xx_40xx.o)

.debug_ranges   0x00000000      0xab8
 .debug_ranges  0x00000000       0x30 ./src/Display.o
 .debug_ranges  0x00000030       0x20 ./src/GCodeDispatch.o
 .debug_ranges  0x00000050       0x58 ./src/IRQHandlers.o
 .debug_ranges  0x000000a8       0x18 ./src/MatrixKeypad.o
 .debug_ranges  0x000000c0       0x50 ./src/Planner.o
 .debug_ranges  0x00000110       0x18 ./src/Serial.o
 .debug_ranges  0x00000128       0x50 ./src/Stepper.o
 .debug_ranges  0x00000178       0x20 ./src/appinit.o
 .debug_ranges  0x00000198       0x70 ./src/cr_startup_lpc175x_6x.o
 .debug_ranges  0x00000208       0x40 ./src/main.o
 .debug_ranges  0x00000248       0x10 ./src/sysinit.o
 .debug_ranges  0x00000258      0x1e0 C:\Users\Fernando\Documents\LPCXpresso_8.2.2_650\workspace\TD2\Ejs_TPS\TPO-TD2-v01\LPC_BaseBoardBB1769_R02\Debug\libLPC_BaseBoardBB1769_R02.a(board.o)
 .debug_ranges  0x00000438       0x28 C:\Users\Fernando\Documents\LPCXpresso_8.2.2_650\workspace\TD2\Ejs_TPS\TPO-TD2-v01\LPC_BaseBoardBB1769_R02\Debug\libLPC_BaseBoardBB1769_R02.a(board_sysinit.o)
 .debug_ranges  0x00000460       0xe8 C:\Users\Fernando\Documents\LPCXpresso_8.2.2_650\workspace\TD2\Ejs_TPS\TPO-TD2-v01\LibFreeRTOS_8.2.3\Debug\libLibFreeRTOS_8.2.3.a(queue.o)
 .debug_ranges  0x00000548      0x1a8 C:\Users\Fernando\Documents\LPCXpresso_8.2.2_650\workspace\TD2\Ejs_TPS\TPO-TD2-v01\LibFreeRTOS_8.2.3\Debug\libLibFreeRTOS_8.2.3.a(tasks.o)
 .debug_ranges  0x000006f0       0x30 C:\Users\Fernando\Documents\LPCXpresso_8.2.2_650\workspace\TD2\Ejs_TPS\TPO-TD2-v01\LibFreeRTOS_8.2.3\Debug\libLibFreeRTOS_8.2.3.a(heap_2.o)
 .debug_ranges  0x00000720       0x78 C:\Users\Fernando\Documents\LPCXpresso_8.2.2_650\workspace\TD2\Ejs_TPS\TPO-TD2-v01\LibFreeRTOS_8.2.3\Debug\libLibFreeRTOS_8.2.3.a(port.o)
 .debug_ranges  0x00000798       0x30 C:\Users\Fernando\Documents\LPCXpresso_8.2.2_650\workspace\TD2\Ejs_TPS\TPO-TD2-v01\LibFreeRTOS_8.2.3\Debug\libLibFreeRTOS_8.2.3.a(list.o)